Archive member included to satisfy reference by file (symbol)

c:/users/michelle zhang/documents/nuclei/nucleistudio/toolchain/gcc/bin/../lib/gcc/riscv-nuclei-elf/10.2.0/rv32imac/ilp32\libgcc.a(_divdi3.o)
                              ./hbird_sdk/SoC/hbird/Common/Source/Stubs/gettimeofday.o (__divdi3)
c:/users/michelle zhang/documents/nuclei/nucleistudio/toolchain/gcc/bin/../lib/gcc/riscv-nuclei-elf/10.2.0/rv32imac/ilp32\libgcc.a(_udivdi3.o)
                              ./hbird_sdk/SoC/hbird/Common/Source/Stubs/gettimeofday.o (__udivdi3)
c:/users/michelle zhang/documents/nuclei/nucleistudio/toolchain/gcc/bin/../lib/gcc/riscv-nuclei-elf/10.2.0/rv32imac/ilp32\libgcc.a(_umoddi3.o)
                              ./hbird_sdk/SoC/hbird/Common/Source/Stubs/gettimeofday.o (__umoddi3)
c:/users/michelle zhang/documents/nuclei/nucleistudio/toolchain/gcc/bin/../lib/gcc/riscv-nuclei-elf/10.2.0/rv32imac/ilp32\libgcc.a(_clz.o)
                              c:/users/michelle zhang/documents/nuclei/nucleistudio/toolchain/gcc/bin/../lib/gcc/riscv-nuclei-elf/10.2.0/rv32imac/ilp32\libgcc.a(_divdi3.o) (__clz_tab)
c:/users/michelle zhang/documents/nuclei/nucleistudio/toolchain/gcc/bin/../lib/gcc/riscv-nuclei-elf/10.2.0/../../../../riscv-nuclei-elf/lib/rv32imac/ilp32\libg_nano.a(lib_a-atexit.o)
                              ./hbird_sdk/SoC/hbird/Common/Source/GCC/startup_hbird.o (atexit)
c:/users/michelle zhang/documents/nuclei/nucleistudio/toolchain/gcc/bin/../lib/gcc/riscv-nuclei-elf/10.2.0/../../../../riscv-nuclei-elf/lib/rv32imac/ilp32\libg_nano.a(lib_a-fini.o)
                              ./hbird_sdk/SoC/hbird/Common/Source/GCC/startup_hbird.o (__libc_fini_array)
c:/users/michelle zhang/documents/nuclei/nucleistudio/toolchain/gcc/bin/../lib/gcc/riscv-nuclei-elf/10.2.0/../../../../riscv-nuclei-elf/lib/rv32imac/ilp32\libg_nano.a(lib_a-init.o)
                              ./hbird_sdk/SoC/hbird/Common/Source/GCC/startup_hbird.o (__libc_init_array)
c:/users/michelle zhang/documents/nuclei/nucleistudio/toolchain/gcc/bin/../lib/gcc/riscv-nuclei-elf/10.2.0/../../../../riscv-nuclei-elf/lib/rv32imac/ilp32\libg_nano.a(lib_a-nano-vfprintf_float.o)
                              (_printf_float)
c:/users/michelle zhang/documents/nuclei/nucleistudio/toolchain/gcc/bin/../lib/gcc/riscv-nuclei-elf/10.2.0/../../../../riscv-nuclei-elf/lib/rv32imac/ilp32\libg_nano.a(lib_a-nano-vfprintf_i.o)
                              c:/users/michelle zhang/documents/nuclei/nucleistudio/toolchain/gcc/bin/../lib/gcc/riscv-nuclei-elf/10.2.0/../../../../riscv-nuclei-elf/lib/rv32imac/ilp32\libg_nano.a(lib_a-nano-vfprintf_float.o) (_printf_common)
c:/users/michelle zhang/documents/nuclei/nucleistudio/toolchain/gcc/bin/../lib/gcc/riscv-nuclei-elf/10.2.0/../../../../riscv-nuclei-elf/lib/rv32imac/ilp32\libg_nano.a(lib_a-printf.o)
                              ./hbird_sdk/SoC/hbird/Common/Source/system_hbird.o (printf)
c:/users/michelle zhang/documents/nuclei/nucleistudio/toolchain/gcc/bin/../lib/gcc/riscv-nuclei-elf/10.2.0/../../../../riscv-nuclei-elf/lib/rv32imac/ilp32\libg_nano.a(lib_a-puts.o)
                              ./hbird_sdk/SoC/hbird/Common/Source/system_hbird.o (puts)
c:/users/michelle zhang/documents/nuclei/nucleistudio/toolchain/gcc/bin/../lib/gcc/riscv-nuclei-elf/10.2.0/../../../../riscv-nuclei-elf/lib/rv32imac/ilp32\libg_nano.a(lib_a-reent.o)
                              ./hbird_sdk/SoC/hbird/Common/Source/Stubs/close.o (errno)
c:/users/michelle zhang/documents/nuclei/nucleistudio/toolchain/gcc/bin/../lib/gcc/riscv-nuclei-elf/10.2.0/../../../../riscv-nuclei-elf/lib/rv32imac/ilp32\libg_nano.a(lib_a-strlen.o)
                              c:/users/michelle zhang/documents/nuclei/nucleistudio/toolchain/gcc/bin/../lib/gcc/riscv-nuclei-elf/10.2.0/../../../../riscv-nuclei-elf/lib/rv32imac/ilp32\libg_nano.a(lib_a-nano-vfprintf_float.o) (strlen)
c:/users/michelle zhang/documents/nuclei/nucleistudio/toolchain/gcc/bin/../lib/gcc/riscv-nuclei-elf/10.2.0/../../../../riscv-nuclei-elf/lib/rv32imac/ilp32\libg_nano.a(lib_a-sysisatty.o)
                              ./hbird_sdk/SoC/hbird/Common/Source/Stubs/write.o (isatty)
c:/users/michelle zhang/documents/nuclei/nucleistudio/toolchain/gcc/bin/../lib/gcc/riscv-nuclei-elf/10.2.0/../../../../riscv-nuclei-elf/lib/rv32imac/ilp32\libg_nano.a(lib_a-wbuf.o)
                              c:/users/michelle zhang/documents/nuclei/nucleistudio/toolchain/gcc/bin/../lib/gcc/riscv-nuclei-elf/10.2.0/../../../../riscv-nuclei-elf/lib/rv32imac/ilp32\libg_nano.a(lib_a-puts.o) (__swbuf_r)
c:/users/michelle zhang/documents/nuclei/nucleistudio/toolchain/gcc/bin/../lib/gcc/riscv-nuclei-elf/10.2.0/../../../../riscv-nuclei-elf/lib/rv32imac/ilp32\libg_nano.a(lib_a-wsetup.o)
                              c:/users/michelle zhang/documents/nuclei/nucleistudio/toolchain/gcc/bin/../lib/gcc/riscv-nuclei-elf/10.2.0/../../../../riscv-nuclei-elf/lib/rv32imac/ilp32\libg_nano.a(lib_a-puts.o) (__swsetup_r)
[...]
Memory Configuration

Name             Origin             Length             Attributes
ilm              0x0000000080000000 0x0000000000010000 axrl !w
ram              0x0000000090000000 0x0000000000010000 axw !rl
*default*        0x0000000000000000 0xffffffffffffffff

Linker script and memory map

LOAD ./hbird_sdk/SoC/hbird/Common/Source/Stubs/clock_getres.o
LOAD ./hbird_sdk/SoC/hbird/Common/Source/Stubs/clock_gettime.o
LOAD ./hbird_sdk/SoC/hbird/Common/Source/Stubs/clock_settime.o
LOAD ./hbird_sdk/SoC/hbird/Common/Source/Stubs/close.o
LOAD ./hbird_sdk/SoC/hbird/Common/Source/Stubs/execve.o
LOAD ./hbird_sdk/SoC/hbird/Common/Source/Stubs/exit.o
LOAD ./hbird_sdk/SoC/hbird/Common/Source/Stubs/fork.o
LOAD ./hbird_sdk/SoC/hbird/Common/Source/Stubs/fstat.o
LOAD ./hbird_sdk/SoC/hbird/Common/Source/Stubs/getpid.o
LOAD ./hbird_sdk/SoC/hbird/Common/Source/Stubs/gettimeofday.o
LOAD ./hbird_sdk/SoC/hbird/Common/Source/Stubs/isatty.o
LOAD ./hbird_sdk/SoC/hbird/Common/Source/Stubs/kill.o
LOAD ./hbird_sdk/SoC/hbird/Common/Source/Stubs/link.o
LOAD ./hbird_sdk/SoC/hbird/Common/Source/Stubs/lseek.o
LOAD ./hbird_sdk/SoC/hbird/Common/Source/Stubs/open.o
LOAD ./hbird_sdk/SoC/hbird/Common/Source/Stubs/read.o
LOAD ./hbird_sdk/SoC/hbird/Common/Source/Stubs/sbrk.o
LOAD ./hbird_sdk/SoC/hbird/Common/Source/Stubs/stat.o
LOAD ./hbird_sdk/SoC/hbird/Common/Source/Stubs/times.o
LOAD ./hbird_sdk/SoC/hbird/Common/Source/Stubs/unlink.o
LOAD ./hbird_sdk/SoC/hbird/Common/Source/Stubs/wait.o
LOAD ./hbird_sdk/SoC/hbird/Common/Source/Stubs/write.o
LOAD ./hbird_sdk/SoC/hbird/Common/Source/GCC/intexc_hbird.o
LOAD ./hbird_sdk/SoC/hbird/Common/Source/GCC/startup_hbird.o
LOAD ./hbird_sdk/SoC/hbird/Common/Source/Drivers/hbird_gpio.o
LOAD ./hbird_sdk/SoC/hbird/Common/Source/Drivers/hbird_uart.o
LOAD ./hbird_sdk/SoC/hbird/Common/Source/Drivers/htif.o
LOAD ./hbird_sdk/SoC/hbird/Common/Source/hbird_common.o
LOAD ./hbird_sdk/SoC/hbird/Common/Source/system_hbird.o
LOAD ./application/main.o
LOAD c:/users/michelle zhang/documents/nuclei/nucleistudio/toolchain/gcc/bin/../lib/gcc/riscv-nuclei-elf/10.2.0/../../../../riscv-nuclei-elf/lib/rv32imac/ilp32\libstdc++.a
LOAD c:/users/michelle zhang/documents/nuclei/nucleistudio/toolchain/gcc/bin/../lib/gcc/riscv-nuclei-elf/10.2.0/../../../../riscv-nuclei-elf/lib/rv32imac/ilp32\libstdc++.a
LOAD c:/users/michelle zhang/documents/nuclei/nucleistudio/toolchain/gcc/bin/../lib/gcc/riscv-nuclei-elf/10.2.0/../../../../riscv-nuclei-elf/lib/rv32imac/ilp32\libm_nano.a
LOAD c:/users/michelle zhang/documents/nuclei/nucleistudio/toolchain/gcc/bin/../lib/gcc/riscv-nuclei-elf/10.2.0/rv32imac/ilp32\libgcc.a
LOAD c:/users/michelle zhang/documents/nuclei/nucleistudio/toolchain/gcc/bin/../lib/gcc/riscv-nuclei-elf/10.2.0/../../../../riscv-nuclei-elf/lib/rv32imac/ilp32\libg_nano.a
LOAD c:/users/michelle zhang/documents/nuclei/nucleistudio/toolchain/gcc/bin/../lib/gcc/riscv-nuclei-elf/10.2.0/../../../../riscv-nuclei-elf/lib/rv32imac/ilp32\libc_nano.a
LOAD c:/users/michelle zhang/documents/nuclei/nucleistudio/toolchain/gcc/bin/../lib/gcc/riscv-nuclei-elf/10.2.0/rv32imac/ilp32\libgcc.a
START GROUP
LOAD c:/users/michelle zhang/documents/nuclei/nucleistudio/toolchain/gcc/bin/../lib/gcc/riscv-nuclei-elf/10.2.0/rv32imac/ilp32\libgcc.a
LOAD c:/users/michelle zhang/documents/nuclei/nucleistudio/toolchain/gcc/bin/../lib/gcc/riscv-nuclei-elf/10.2.0/../../../../riscv-nuclei-elf/lib/rv32imac/ilp32\libc_nano.a
LOAD c:/users/michelle zhang/documents/nuclei/nucleistudio/toolchain/gcc/bin/../lib/gcc/riscv-nuclei-elf/10.2.0/../../../../riscv-nuclei-elf/lib/rv32imac/ilp32\libnosys.a
END GROUP
START GROUP
LOAD c:/users/michelle zhang/documents/nuclei/nucleistudio/toolchain/gcc/bin/../lib/gcc/riscv-nuclei-elf/10.2.0/rv32imac/ilp32\libgcc.a
LOAD c:/users/michelle zhang/documents/nuclei/nucleistudio/toolchain/gcc/bin/../lib/gcc/riscv-nuclei-elf/10.2.0/../../../../riscv-nuclei-elf/lib/rv32imac/ilp32\libc_nano.a
LOAD c:/users/michelle zhang/documents/nuclei/nucleistudio/toolchain/gcc/bin/../lib/gcc/riscv-nuclei-elf/10.2.0/../../../../riscv-nuclei-elf/lib/rv32imac/ilp32\libnosys.a
END GROUP
                0x0000000000000800                __stack_size = DEFINED (__stack_size)?__stack_size:0x800

.init           0x0000000080000000       0xb8
 *(.vtable)
 *(SORT_NONE(.init))
 .init          0x0000000080000000       0xb8 ./hbird_sdk/SoC/hbird/Common/Source/GCC/startup_hbird.o
                0x0000000080000000                _start

.ilalign        0x00000000800000b8        0x0
                0x00000000800000b8                . = ALIGN (0x4)
                0x00000000800000b8                PROVIDE (_ilm_lma = .)

.ialign         0x00000000800000b8        0x0
                0x00000000800000b8                PROVIDE (_ilm = .)

.text           0x00000000800000c0     0x5642
 *(.text.unlikely .text.unlikely.*)
 *(.text.startup .text.startup.*)
 .text.startup.main
                0x00000000800000c0       0x76 ./application/main.o
                0x00000000800000c0                main
 *(.text .text.*)
 .text._close   0x0000000080000136        0xa ./hbird_sdk/SoC/hbird/Common/Source/Stubs/close.o
                0x0000000080000136                _close
 .text._exit    0x0000000080000140        0x6 ./hbird_sdk/SoC/hbird/Common/Source/Stubs/exit.o
                0x0000000080000140                _exit
 .text._fstat   0x0000000080000146       0x1a ./hbird_sdk/SoC/hbird/Common/Source/Stubs/fstat.o
                0x0000000080000146                _fstat
 .text._getpid  0x0000000080000160        0x4 ./hbird_sdk/SoC/hbird/Common/Source/Stubs/getpid.o
                0x0000000080000160                _getpid
 .text._isatty  0x0000000080000164        0x4 ./hbird_sdk/SoC/hbird/Common/Source/Stubs/isatty.o
                0x0000000080000164                _isatty
 .text._kill    0x0000000080000168        0xa ./hbird_sdk/SoC/hbird/Common/Source/Stubs/kill.o
                0x0000000080000168                _kill
 .text._lseek   0x0000000080000172        0x4 ./hbird_sdk/SoC/hbird/Common/Source/Stubs/lseek.o
                0x0000000080000172                _lseek
 .text._read    0x0000000080000176       0x22 ./hbird_sdk/SoC/hbird/Common/Source/Stubs/read.o
                0x0000000080000176                _read
 .text._sbrk    0x0000000080000198       0x2c ./hbird_sdk/SoC/hbird/Common/Source/Stubs/sbrk.o
                0x0000000080000198                _sbrk
 .text._write   0x00000000800001c4       0x62 ./hbird_sdk/SoC/hbird/Common/Source/Stubs/write.o
                0x00000000800001c4                _write
 *fill*         0x0000000080000226       0x1a 
 .text.trap     0x0000000080000240       0x7c ./hbird_sdk/SoC/hbird/Common/Source/GCC/intexc_hbird.o
                0x0000000080000240                trap_entry
 .text.gpio_iof_config
                0x00000000800002bc       0x4a ./hbird_sdk/SoC/hbird/Common/Source/Drivers/hbird_gpio.o
                0x00000000800002bc                gpio_iof_config
 .text.uart_init
                0x0000000080000306       0x2c ./hbird_sdk/SoC/hbird/Common/Source/Drivers/hbird_uart.o
                0x0000000080000306                uart_init
 .text.uart_write
                0x0000000080000332       0x12 ./hbird_sdk/SoC/hbird/Common/Source/Drivers/hbird_uart.o
                0x0000000080000332                uart_write
 .text.uart_read
                0x0000000080000344       0x14 ./hbird_sdk/SoC/hbird/Common/Source/Drivers/hbird_uart.o
                0x0000000080000344                uart_read
 .text.measure_cpu_freq
                0x0000000080000358       0x68 ./hbird_sdk/SoC/hbird/Common/Source/hbird_common.o
                0x0000000080000358                measure_cpu_freq
 .text.get_cpu_freq
                0x00000000800003c0       0x12 ./hbird_sdk/SoC/hbird/Common/Source/hbird_common.o
                0x00000000800003c0                get_cpu_freq
 .text.system_default_exception_handler
                0x00000000800003d2       0x44 ./hbird_sdk/SoC/hbird/Common/Source/system_hbird.o
 .text.system_default_interrupt_handler
                0x0000000080000416       0x48 ./hbird_sdk/SoC/hbird/Common/Source/system_hbird.o
 .text.SystemInit
                0x000000008000045e       0x12 ./hbird_sdk/SoC/hbird/Common/Source/system_hbird.o
                0x000000008000045e                SystemInit
 .text.core_trap_handler
                0x0000000080000470       0x92 ./hbird_sdk/SoC/hbird/Common/Source/system_hbird.o
                0x0000000080000470                core_trap_handler
 .text._premain_init
                0x0000000080000502       0xfc ./hbird_sdk/SoC/hbird/Common/Source/system_hbird.o
                0x0000000080000502                _premain_init
 .text._postmain_fini
                0x00000000800005fe        0x2 ./hbird_sdk/SoC/hbird/Common/Source/system_hbird.o
                0x00000000800005fe                _postmain_fini
 .text._init    0x0000000080000600        0x2 ./hbird_sdk/SoC/hbird/Common/Source/system_hbird.o
                0x0000000080000600                _init
 .text._fini    0x0000000080000602        0x2 ./hbird_sdk/SoC/hbird/Common/Source/system_hbird.o
                0x0000000080000602                _fini
 .text          0x0000000080000604      0x360 c:/users/michelle zhang/documents/nuclei/nucleistudio/toolchain/gcc/bin/../lib/gcc/riscv-nuclei-elf/10.2.0/rv32imac/ilp32\libgcc.a(_udivdi3.o)
                0x0000000080000604                __udivdi3
 .text.atexit   0x0000000080000964        0xc c:/users/michelle zhang/documents/nuclei/nucleistudio/toolchain/gcc/bin/../lib/gcc/riscv-nuclei-elf/10.2.0/../../../../riscv-nuclei-elf/lib/rv32imac/ilp32\libg_nano.a(lib_a-atexit.o)
                0x0000000080000964                atexit
 .text.__libc_fini_array
                0x0000000080000970       0x36 c:/users/michelle zhang/documents/nuclei/nucleistudio/toolchain/gcc/bin/../lib/gcc/riscv-nuclei-elf/10.2.0/../../../../riscv-nuclei-elf/lib/rv32imac/ilp32\libg_nano.a(lib_a-fini.o)
                0x0000000080000970                __libc_fini_array
 .text.__libc_init_array
                0x00000000800009a6       0x5e c:/users/michelle zhang/documents/nuclei/nucleistudio/toolchain/gcc/bin/../lib/gcc/riscv-nuclei-elf/10.2.0/../../../../riscv-nuclei-elf/lib/rv32imac/ilp32\libg_nano.a(lib_a-init.o)
                0x00000000800009a6                __libc_init_array
 .text.__cvt    0x0000000080000a04       0xec c:/users/michelle zhang/documents/nuclei/nucleistudio/toolchain/gcc/bin/../lib/gcc/riscv-nuclei-elf/10.2.0/../../../../riscv-nuclei-elf/lib/rv32imac/ilp32\libg_nano.a(lib_a-nano-vfprintf_float.o)
                0x0000000080000a04                __cvt
 .text.__exponent
                0x0000000080000af0       0x9c c:/users/michelle zhang/documents/nuclei/nucleistudio/toolchain/gcc/bin/../lib/gcc/riscv-nuclei-elf/10.2.0/../../../../riscv-nuclei-elf/lib/rv32imac/ilp32\libg_nano.a(lib_a-nano-vfprintf_float.o)
                0x0000000080000af0                __exponent
 .text._printf_float
                0x0000000080000b8c      0x4d4 c:/users/michelle zhang/documents/nuclei/nucleistudio/toolchain/gcc/bin/../lib/gcc/riscv-nuclei-elf/10.2.0/../../../../riscv-nuclei-elf/lib/rv32imac/ilp32\libg_nano.a(lib_a-nano-vfprintf_float.o)
                0x0000000080000b8c                _printf_float
 .text._printf_common
                0x0000000080001060      0x10c c:/users/michelle zhang/documents/nuclei/nucleistudio/toolchain/gcc/bin/../lib/gcc/riscv-nuclei-elf/10.2.0/../../../../riscv-nuclei-elf/lib/rv32imac/ilp32\libg_nano.a(lib_a-nano-vfprintf_i.o)
                0x0000000080001060                _printf_common
 .text._printf_i
                0x000000008000116c      0x272 c:/users/michelle zhang/documents/nuclei/nucleistudio/toolchain/gcc/bin/../lib/gcc/riscv-nuclei-elf/10.2.0/../../../../riscv-nuclei-elf/lib/rv32imac/ilp32\libg_nano.a(lib_a-nano-vfprintf_i.o)
                0x000000008000116c                _printf_i
 .text.printf   0x00000000800013de       0x40 c:/users/michelle zhang/documents/nuclei/nucleistudio/toolchain/gcc/bin/../lib/gcc/riscv-nuclei-elf/10.2.0/../../../../riscv-nuclei-elf/lib/rv32imac/ilp32\libg_nano.a(lib_a-printf.o)
                0x00000000800013de                iprintf
                0x00000000800013de                printf
 .text._puts_r  0x000000008000141e       0xde c:/users/michelle zhang/documents/nuclei/nucleistudio/toolchain/gcc/bin/../lib/gcc/riscv-nuclei-elf/10.2.0/../../../../riscv-nuclei-elf/lib/rv32imac/ilp32\libg_nano.a(lib_a-puts.o)
                0x000000008000141e                _puts_r
 .text.puts     0x00000000800014fc        0xc c:/users/michelle zhang/documents/nuclei/nucleistudio/toolchain/gcc/bin/../lib/gcc/riscv-nuclei-elf/10.2.0/../../../../riscv-nuclei-elf/lib/rv32imac/ilp32\libg_nano.a(lib_a-puts.o)
                0x00000000800014fc                puts
 .text.strlen   0x0000000080001508       0x12 c:/users/michelle zhang/documents/nuclei/nucleistudio/toolchain/gcc/bin/../lib/gcc/riscv-nuclei-elf/10.2.0/../../../../riscv-nuclei-elf/lib/rv32imac/ilp32\libg_nano.a(lib_a-strlen.o)
                0x0000000080001508                strlen
 .text.isatty   0x000000008000151a        0x4 c:/users/michelle zhang/documents/nuclei/nucleistudio/toolchain/gcc/bin/../lib/gcc/riscv-nuclei-elf/10.2.0/../../../../riscv-nuclei-elf/lib/rv32imac/ilp32\libg_nano.a(lib_a-sysisatty.o)
                0x000000008000151a                isatty
 .text.__swbuf_r
                0x000000008000151e       0xc6 c:/users/michelle zhang/documents/nuclei/nucleistudio/toolchain/gcc/bin/../lib/gcc/riscv-nuclei-elf/10.2.0/../../../../riscv-nuclei-elf/lib/rv32imac/ilp32\libg_nano.a(lib_a-wbuf.o)
                0x000000008000151e                __swbuf_r
 .text.__swsetup_r
                0x00000000800015e4      0x110 c:/users/michelle zhang/documents/nuclei/nucleistudio/toolchain/gcc/bin/../lib/gcc/riscv-nuclei-elf/10.2.0/../../../../riscv-nuclei-elf/lib/rv32imac/ilp32\libg_nano.a(lib_a-wsetup.o)
                0x00000000800015e4                __swsetup_r
 .text.__register_exitproc
                0x00000000800016f4       0x74 c:/users/michelle zhang/documents/nuclei/nucleistudio/toolchain/gcc/bin/../lib/gcc/riscv-nuclei-elf/10.2.0/../../../../riscv-nuclei-elf/lib/rv32imac/ilp32\libg_nano.a(lib_a-__atexit.o)
                0x00000000800016f4                __register_exitproc
 .text.quorem   0x0000000080001768      0x12c c:/users/michelle zhang/documents/nuclei/nucleistudio/toolchain/gcc/bin/../lib/gcc/riscv-nuclei-elf/10.2.0/../../../../riscv-nuclei-elf/lib/rv32imac/ilp32\libg_nano.a(lib_a-dtoa.o)
 .text._dtoa_r  0x0000000080001894      0xc54 c:/users/michelle zhang/documents/nuclei/nucleistudio/toolchain/gcc/bin/../lib/gcc/riscv-nuclei-elf/10.2.0/../../../../riscv-nuclei-elf/lib/rv32imac/ilp32\libg_nano.a(lib_a-dtoa.o)
                0x0000000080001894                _dtoa_r
 .text.__sflush_r
                0x00000000800024e8      0x148 c:/users/michelle zhang/documents/nuclei/nucleistudio/toolchain/gcc/bin/../lib/gcc/riscv-nuclei-elf/10.2.0/../../../../riscv-nuclei-elf/lib/rv32imac/ilp32\libg_nano.a(lib_a-fflush.o)
                0x00000000800024e8                __sflush_r
 .text._fflush_r
                0x0000000080002630       0x64 c:/users/michelle zhang/documents/nuclei/nucleistudio/toolchain/gcc/bin/../lib/gcc/riscv-nuclei-elf/10.2.0/../../../../riscv-nuclei-elf/lib/rv32imac/ilp32\libg_nano.a(lib_a-fflush.o)
                0x0000000080002630                _fflush_r
 .text.std      0x0000000080002694       0x68 c:/users/michelle zhang/documents/nuclei/nucleistudio/toolchain/gcc/bin/../lib/gcc/riscv-nuclei-elf/10.2.0/../../../../riscv-nuclei-elf/lib/rv32imac/ilp32\libg_nano.a(lib_a-findfp.o)
 .text._cleanup_r
                0x00000000800026fc        0xa c:/users/michelle zhang/documents/nuclei/nucleistudio/toolchain/gcc/bin/../lib/gcc/riscv-nuclei-elf/10.2.0/../../../../riscv-nuclei-elf/lib/rv32imac/ilp32\libg_nano.a(lib_a-findfp.o)
                0x00000000800026fc                _cleanup_r
 .text.__sfmoreglue
                0x0000000080002706       0x46 c:/users/michelle zhang/documents/nuclei/nucleistudio/toolchain/gcc/bin/../lib/gcc/riscv-nuclei-elf/10.2.0/../../../../riscv-nuclei-elf/lib/rv32imac/ilp32\libg_nano.a(lib_a-findfp.o)
                0x0000000080002706                __sfmoreglue
 .text.__sinit  0x000000008000274c       0x66 c:/users/michelle zhang/documents/nuclei/nucleistudio/toolchain/gcc/bin/../lib/gcc/riscv-nuclei-elf/10.2.0/../../../../riscv-nuclei-elf/lib/rv32imac/ilp32\libg_nano.a(lib_a-findfp.o)
                0x000000008000274c                __sinit
 .text.__sfp    0x00000000800027b2       0x98 c:/users/michelle zhang/documents/nuclei/nucleistudio/toolchain/gcc/bin/../lib/gcc/riscv-nuclei-elf/10.2.0/../../../../riscv-nuclei-elf/lib/rv32imac/ilp32\libg_nano.a(lib_a-findfp.o)
                0x00000000800027b2                __sfp
 .text._fwalk_reent
                0x000000008000284a       0x6a c:/users/michelle zhang/documents/nuclei/nucleistudio/toolchain/gcc/bin/../lib/gcc/riscv-nuclei-elf/10.2.0/../../../../riscv-nuclei-elf/lib/rv32imac/ilp32\libg_nano.a(lib_a-fwalk.o)
                0x000000008000284a                _fwalk_reent
 .text._localeconv_r
                0x00000000800028b4        0xa c:/users/michelle zhang/documents/nuclei/nucleistudio/toolchain/gcc/bin/../lib/gcc/riscv-nuclei-elf/10.2.0/../../../../riscv-nuclei-elf/lib/rv32imac/ilp32\libg_nano.a(lib_a-localeconv.o)
                0x00000000800028b4                _localeconv_r
 .text.__swhatbuf_r
                0x00000000800028be       0x5c c:/users/michelle zhang/documents/nuclei/nucleistudio/toolchain/gcc/bin/../lib/gcc/riscv-nuclei-elf/10.2.0/../../../../riscv-nuclei-elf/lib/rv32imac/ilp32\libg_nano.a(lib_a-makebuf.o)
                0x00000000800028be                __swhatbuf_r
 .text.__smakebuf_r
                0x000000008000291a       0xa0 c:/users/michelle zhang/documents/nuclei/nucleistudio/toolchain/gcc/bin/../lib/gcc/riscv-nuclei-elf/10.2.0/../../../../riscv-nuclei-elf/lib/rv32imac/ilp32\libg_nano.a(lib_a-makebuf.o)
                0x000000008000291a                __smakebuf_r
 .text.malloc   0x00000000800029ba        0xe c:/users/michelle zhang/documents/nuclei/nucleistudio/toolchain/gcc/bin/../lib/gcc/riscv-nuclei-elf/10.2.0/../../../../riscv-nuclei-elf/lib/rv32imac/ilp32\libg_nano.a(lib_a-malloc.o)
                0x00000000800029ba                malloc
 .text.memchr   0x00000000800029c8       0x1a c:/users/michelle zhang/documents/nuclei/nucleistudio/toolchain/gcc/bin/../lib/gcc/riscv-nuclei-elf/10.2.0/../../../../riscv-nuclei-elf/lib/rv32imac/ilp32\libg_nano.a(lib_a-memchr.o)
                0x00000000800029c8                memchr
 .text.memcpy   0x00000000800029e2       0xdc c:/users/michelle zhang/documents/nuclei/nucleistudio/toolchain/gcc/bin/../lib/gcc/riscv-nuclei-elf/10.2.0/../../../../riscv-nuclei-elf/lib/rv32imac/ilp32\libg_nano.a(lib_a-memcpy.o)
                0x00000000800029e2                memcpy
 .text          0x0000000080002abe       0xa8 c:/users/michelle zhang/documents/nuclei/nucleistudio/toolchain/gcc/bin/../lib/gcc/riscv-nuclei-elf/10.2.0/../../../../riscv-nuclei-elf/lib/rv32imac/ilp32\libg_nano.a(lib_a-memset.o)
                0x0000000080002abe                memset
 .text._Balloc  0x0000000080002b66       0xac c:/users/michelle zhang/documents/nuclei/nucleistudio/toolchain/gcc/bin/../lib/gcc/riscv-nuclei-elf/10.2.0/../../../../riscv-nuclei-elf/lib/rv32imac/ilp32\libg_nano.a(lib_a-mprec.o)
                0x0000000080002b66                _Balloc
 .text._Bfree   0x0000000080002c12       0x60 c:/users/michelle zhang/documents/nuclei/nucleistudio/toolchain/gcc/bin/../lib/gcc/riscv-nuclei-elf/10.2.0/../../../../riscv-nuclei-elf/lib/rv32imac/ilp32\libg_nano.a(lib_a-mprec.o)
                0x0000000080002c12                _Bfree
 .text.__multadd
                0x0000000080002c72       0xba c:/users/michelle zhang/documents/nuclei/nucleistudio/toolchain/gcc/bin/../lib/gcc/riscv-nuclei-elf/10.2.0/../../../../riscv-nuclei-elf/lib/rv32imac/ilp32\libg_nano.a(lib_a-mprec.o)
                0x0000000080002c72                __multadd
 .text.__hi0bits
                0x0000000080002d2c       0x46 c:/users/michelle zhang/documents/nuclei/nucleistudio/toolchain/gcc/bin/../lib/gcc/riscv-nuclei-elf/10.2.0/../../../../riscv-nuclei-elf/lib/rv32imac/ilp32\libg_nano.a(lib_a-mprec.o)
                0x0000000080002d2c                __hi0bits
 .text.__lo0bits
                0x0000000080002d72       0x6a c:/users/michelle zhang/documents/nuclei/nucleistudio/toolchain/gcc/bin/../lib/gcc/riscv-nuclei-elf/10.2.0/../../../../riscv-nuclei-elf/lib/rv32imac/ilp32\libg_nano.a(lib_a-mprec.o)
                0x0000000080002d72                __lo0bits
 .text.__i2b    0x0000000080002ddc       0x36 c:/users/michelle zhang/documents/nuclei/nucleistudio/toolchain/gcc/bin/../lib/gcc/riscv-nuclei-elf/10.2.0/../../../../riscv-nuclei-elf/lib/rv32imac/ilp32\libg_nano.a(lib_a-mprec.o)
                0x0000000080002ddc                __i2b
 .text.__multiply
                0x0000000080002e12      0x17e c:/users/michelle zhang/documents/nuclei/nucleistudio/toolchain/gcc/bin/../lib/gcc/riscv-nuclei-elf/10.2.0/../../../../riscv-nuclei-elf/lib/rv32imac/ilp32\libg_nano.a(lib_a-mprec.o)
                0x0000000080002e12                __multiply
 .text.__pow5mult
                0x0000000080002f90       0xd0 c:/users/michelle zhang/documents/nuclei/nucleistudio/toolchain/gcc/bin/../lib/gcc/riscv-nuclei-elf/10.2.0/../../../../riscv-nuclei-elf/lib/rv32imac/ilp32\libg_nano.a(lib_a-mprec.o)
                0x0000000080002f90                __pow5mult
 .text.__lshift
                0x0000000080003060      0x104 c:/users/michelle zhang/documents/nuclei/nucleistudio/toolchain/gcc/bin/../lib/gcc/riscv-nuclei-elf/10.2.0/../../../../riscv-nuclei-elf/lib/rv32imac/ilp32\libg_nano.a(lib_a-mprec.o)
                0x0000000080003060                __lshift
 .text.__mcmp   0x0000000080003164       0x36 c:/users/michelle zhang/documents/nuclei/nucleistudio/toolchain/gcc/bin/../lib/gcc/riscv-nuclei-elf/10.2.0/../../../../riscv-nuclei-elf/lib/rv32imac/ilp32\libg_nano.a(lib_a-mprec.o)
                0x0000000080003164                __mcmp
 .text.__mdiff  0x000000008000319a      0x15c c:/users/michelle zhang/documents/nuclei/nucleistudio/toolchain/gcc/bin/../lib/gcc/riscv-nuclei-elf/10.2.0/../../../../riscv-nuclei-elf/lib/rv32imac/ilp32\libg_nano.a(lib_a-mprec.o)
                0x000000008000319a                __mdiff
 .text.__d2b    0x00000000800032f6       0xee c:/users/michelle zhang/documents/nuclei/nucleistudio/toolchain/gcc/bin/../lib/gcc/riscv-nuclei-elf/10.2.0/../../../../riscv-nuclei-elf/lib/rv32imac/ilp32\libg_nano.a(lib_a-mprec.o)
                0x00000000800032f6                __d2b
 .text._calloc_r
                0x00000000800033e4       0x36 c:/users/michelle zhang/documents/nuclei/nucleistudio/toolchain/gcc/bin/../lib/gcc/riscv-nuclei-elf/10.2.0/../../../../riscv-nuclei-elf/lib/rv32imac/ilp32\libg_nano.a(lib_a-nano-callocr.o)
                0x00000000800033e4                _calloc_r
 .text._free_r  0x000000008000341a       0x9e c:/users/michelle zhang/documents/nuclei/nucleistudio/toolchain/gcc/bin/../lib/gcc/riscv-nuclei-elf/10.2.0/../../../../riscv-nuclei-elf/lib/rv32imac/ilp32\libg_nano.a(lib_a-nano-freer.o)
                0x000000008000341a                _free_r
 .text._malloc_r
                0x00000000800034b8       0xd0 c:/users/michelle zhang/documents/nuclei/nucleistudio/toolchain/gcc/bin/../lib/gcc/riscv-nuclei-elf/10.2.0/../../../../riscv-nuclei-elf/lib/rv32imac/ilp32\libg_nano.a(lib_a-nano-mallocr.o)
                0x00000000800034b8                _malloc_r
 .text.__sfputc_r
                0x0000000080003588       0x2a c:/users/michelle zhang/documents/nuclei/nucleistudio/toolchain/gcc/bin/../lib/gcc/riscv-nuclei-elf/10.2.0/../../../../riscv-nuclei-elf/lib/rv32imac/ilp32\libg_nano.a(lib_a-nano-vfprintf.o)
 .text.__sfputs_r
                0x00000000800035b2       0x42 c:/users/michelle zhang/documents/nuclei/nucleistudio/toolchain/gcc/bin/../lib/gcc/riscv-nuclei-elf/10.2.0/../../../../riscv-nuclei-elf/lib/rv32imac/ilp32\libg_nano.a(lib_a-nano-vfprintf.o)
                0x00000000800035b2                __sfputs_r
 .text._vfprintf_r
                0x00000000800035f4      0x29e c:/users/michelle zhang/documents/nuclei/nucleistudio/toolchain/gcc/bin/../lib/gcc/riscv-nuclei-elf/10.2.0/../../../../riscv-nuclei-elf/lib/rv32imac/ilp32\libg_nano.a(lib_a-nano-vfprintf.o)
                0x00000000800035f4                _vfprintf_r
                0x00000000800035f4                _vfiprintf_r
 .text._sbrk_r  0x0000000080003892       0x28 c:/users/michelle zhang/documents/nuclei/nucleistudio/toolchain/gcc/bin/../lib/gcc/riscv-nuclei-elf/10.2.0/../../../../riscv-nuclei-elf/lib/rv32imac/ilp32\libg_nano.a(lib_a-sbrkr.o)
                0x0000000080003892                _sbrk_r
 .text.__sread  0x00000000800038ba       0x30 c:/users/michelle zhang/documents/nuclei/nucleistudio/toolchain/gcc/bin/../lib/gcc/riscv-nuclei-elf/10.2.0/../../../../riscv-nuclei-elf/lib/rv32imac/ilp32\libg_nano.a(lib_a-stdio.o)
                0x00000000800038ba                __sread
 .text.__swrite
                0x00000000800038ea       0x4e c:/users/michelle zhang/documents/nuclei/nucleistudio/toolchain/gcc/bin/../lib/gcc/riscv-nuclei-elf/10.2.0/../../../../riscv-nuclei-elf/lib/rv32imac/ilp32\libg_nano.a(lib_a-stdio.o)
                0x00000000800038ea                __swrite
 .text.__sseek  0x0000000080003938       0x36 c:/users/michelle zhang/documents/nuclei/nucleistudio/toolchain/gcc/bin/../lib/gcc/riscv-nuclei-elf/10.2.0/../../../../riscv-nuclei-elf/lib/rv32imac/ilp32\libg_nano.a(lib_a-stdio.o)
                0x0000000080003938                __sseek
 .text.__sclose
                0x000000008000396e        0x6 c:/users/michelle zhang/documents/nuclei/nucleistudio/toolchain/gcc/bin/../lib/gcc/riscv-nuclei-elf/10.2.0/../../../../riscv-nuclei-elf/lib/rv32imac/ilp32\libg_nano.a(lib_a-stdio.o)
                0x000000008000396e                __sclose
 .text._write_r
                0x0000000080003974       0x2c c:/users/michelle zhang/documents/nuclei/nucleistudio/toolchain/gcc/bin/../lib/gcc/riscv-nuclei-elf/10.2.0/../../../../riscv-nuclei-elf/lib/rv32imac/ilp32\libg_nano.a(lib_a-writer.o)
                0x0000000080003974                _write_r
 .text.__assert_func
                0x00000000800039a0       0x3a c:/users/michelle zhang/documents/nuclei/nucleistudio/toolchain/gcc/bin/../lib/gcc/riscv-nuclei-elf/10.2.0/../../../../riscv-nuclei-elf/lib/rv32imac/ilp32\libg_nano.a(lib_a-assert.o)
                0x00000000800039a0                __assert_func
 .text._close_r
                0x00000000800039da       0x28 c:/users/michelle zhang/documents/nuclei/nucleistudio/toolchain/gcc/bin/../lib/gcc/riscv-nuclei-elf/10.2.0/../../../../riscv-nuclei-elf/lib/rv32imac/ilp32\libg_nano.a(lib_a-closer.o)
                0x00000000800039da                _close_r
 .text.fprintf  0x0000000080003a02       0x2a c:/users/michelle zhang/documents/nuclei/nucleistudio/toolchain/gcc/bin/../lib/gcc/riscv-nuclei-elf/10.2.0/../../../../riscv-nuclei-elf/lib/rv32imac/ilp32\libg_nano.a(lib_a-fprintf.o)
                0x0000000080003a02                fiprintf
                0x0000000080003a02                fprintf
 .text._fstat_r
                0x0000000080003a2c       0x2a c:/users/michelle zhang/documents/nuclei/nucleistudio/toolchain/gcc/bin/../lib/gcc/riscv-nuclei-elf/10.2.0/../../../../riscv-nuclei-elf/lib/rv32imac/ilp32\libg_nano.a(lib_a-fstatr.o)
                0x0000000080003a2c                _fstat_r
 .text._isatty_r
                0x0000000080003a56       0x28 c:/users/michelle zhang/documents/nuclei/nucleistudio/toolchain/gcc/bin/../lib/gcc/riscv-nuclei-elf/10.2.0/../../../../riscv-nuclei-elf/lib/rv32imac/ilp32\libg_nano.a(lib_a-isattyr.o)
                0x0000000080003a56                _isatty_r
 .text._lseek_r
                0x0000000080003a7e       0x2c c:/users/michelle zhang/documents/nuclei/nucleistudio/toolchain/gcc/bin/../lib/gcc/riscv-nuclei-elf/10.2.0/../../../../riscv-nuclei-elf/lib/rv32imac/ilp32\libg_nano.a(lib_a-lseekr.o)
                0x0000000080003a7e                _lseek_r
 .text.__ascii_mbtowc
                0x0000000080003aaa       0x3a c:/users/michelle zhang/documents/nuclei/nucleistudio/toolchain/gcc/bin/../lib/gcc/riscv-nuclei-elf/10.2.0/../../../../riscv-nuclei-elf/lib/rv32imac/ilp32\libg_nano.a(lib_a-mbtowc_r.o)
                0x0000000080003aaa                __ascii_mbtowc
 .text.__malloc_lock
                0x0000000080003ae4        0x2 c:/users/michelle zhang/documents/nuclei/nucleistudio/toolchain/gcc/bin/../lib/gcc/riscv-nuclei-elf/10.2.0/../../../../riscv-nuclei-elf/lib/rv32imac/ilp32\libg_nano.a(lib_a-mlock.o)
                0x0000000080003ae4                __malloc_lock
 .text.__malloc_unlock
                0x0000000080003ae6        0x2 c:/users/michelle zhang/documents/nuclei/nucleistudio/toolchain/gcc/bin/../lib/gcc/riscv-nuclei-elf/10.2.0/../../../../riscv-nuclei-elf/lib/rv32imac/ilp32\libg_nano.a(lib_a-mlock.o)
                0x0000000080003ae6                __malloc_unlock
 .text._read_r  0x0000000080003ae8       0x2c c:/users/michelle zhang/documents/nuclei/nucleistudio/toolchain/gcc/bin/../lib/gcc/riscv-nuclei-elf/10.2.0/../../../../riscv-nuclei-elf/lib/rv32imac/ilp32\libg_nano.a(lib_a-readr.o)
                0x0000000080003ae8                _read_r
 .text.__ascii_wctomb
                0x0000000080003b14       0x20 c:/users/michelle zhang/documents/nuclei/nucleistudio/toolchain/gcc/bin/../lib/gcc/riscv-nuclei-elf/10.2.0/../../../../riscv-nuclei-elf/lib/rv32imac/ilp32\libg_nano.a(lib_a-wctomb_r.o)
                0x0000000080003b14                __ascii_wctomb
 .text.abort    0x0000000080003b34        0xe c:/users/michelle zhang/documents/nuclei/nucleistudio/toolchain/gcc/bin/../lib/gcc/riscv-nuclei-elf/10.2.0/../../../../riscv-nuclei-elf/lib/rv32imac/ilp32\libg_nano.a(lib_a-abort.o)
                0x0000000080003b34                abort
 .text._raise_r
                0x0000000080003b42       0x62 c:/users/michelle zhang/documents/nuclei/nucleistudio/toolchain/gcc/bin/../lib/gcc/riscv-nuclei-elf/10.2.0/../../../../riscv-nuclei-elf/lib/rv32imac/ilp32\libg_nano.a(lib_a-signal.o)
                0x0000000080003b42                _raise_r
 .text.raise    0x0000000080003ba4        0xc c:/users/michelle zhang/documents/nuclei/nucleistudio/toolchain/gcc/bin/../lib/gcc/riscv-nuclei-elf/10.2.0/../../../../riscv-nuclei-elf/lib/rv32imac/ilp32\libg_nano.a(lib_a-signal.o)
                0x0000000080003ba4                raise
 .text._kill_r  0x0000000080003bb0       0x2a c:/users/michelle zhang/documents/nuclei/nucleistudio/toolchain/gcc/bin/../lib/gcc/riscv-nuclei-elf/10.2.0/../../../../riscv-nuclei-elf/lib/rv32imac/ilp32\libg_nano.a(lib_a-signalr.o)
                0x0000000080003bb0                _kill_r
 .text._getpid_r
                0x0000000080003bda        0x4 c:/users/michelle zhang/documents/nuclei/nucleistudio/toolchain/gcc/bin/../lib/gcc/riscv-nuclei-elf/10.2.0/../../../../riscv-nuclei-elf/lib/rv32imac/ilp32\libg_nano.a(lib_a-signalr.o)
                0x0000000080003bda                _getpid_r
 .text          0x0000000080003bde      0x60a c:/users/michelle zhang/documents/nuclei/nucleistudio/toolchain/gcc/bin/../lib/gcc/riscv-nuclei-elf/10.2.0/rv32imac/ilp32\libgcc.a(adddf3.o)
                0x0000000080003bde                __adddf3
 .text          0x00000000800041e8      0x540 c:/users/michelle zhang/documents/nuclei/nucleistudio/toolchain/gcc/bin/../lib/gcc/riscv-nuclei-elf/10.2.0/rv32imac/ilp32\libgcc.a(divdf3.o)
                0x00000000800041e8                __divdf3
 .text          0x0000000080004728       0x6a c:/users/michelle zhang/documents/nuclei/nucleistudio/toolchain/gcc/bin/../lib/gcc/riscv-nuclei-elf/10.2.0/rv32imac/ilp32\libgcc.a(eqdf2.o)
                0x0000000080004728                __nedf2
                0x0000000080004728                __eqdf2
 .text          0x0000000080004792       0xa6 c:/users/michelle zhang/documents/nuclei/nucleistudio/toolchain/gcc/bin/../lib/gcc/riscv-nuclei-elf/10.2.0/rv32imac/ilp32\libgcc.a(gedf2.o)
                0x0000000080004792                __gedf2
                0x0000000080004792                __gtdf2
 .text          0x0000000080004838       0xa6 c:/users/michelle zhang/documents/nuclei/nucleistudio/toolchain/gcc/bin/../lib/gcc/riscv-nuclei-elf/10.2.0/rv32imac/ilp32\libgcc.a(ledf2.o)
                0x0000000080004838                __ledf2
                0x0000000080004838                __ltdf2
 .text          0x00000000800048de      0x442 c:/users/michelle zhang/documents/nuclei/nucleistudio/toolchain/gcc/bin/../lib/gcc/riscv-nuclei-elf/10.2.0/rv32imac/ilp32\libgcc.a(muldf3.o)
                0x00000000800048de                __muldf3
 .text          0x0000000080004d20      0x618 c:/users/michelle zhang/documents/nuclei/nucleistudio/toolchain/gcc/bin/../lib/gcc/riscv-nuclei-elf/10.2.0/rv32imac/ilp32\libgcc.a(subdf3.o)
                0x0000000080004d20                __subdf3
 .text          0x0000000080005338       0x3a c:/users/michelle zhang/documents/nuclei/nucleistudio/toolchain/gcc/bin/../lib/gcc/riscv-nuclei-elf/10.2.0/rv32imac/ilp32\libgcc.a(unorddf2.o)
                0x0000000080005338                __unorddf2
 .text          0x0000000080005372       0x64 c:/users/michelle zhang/documents/nuclei/nucleistudio/toolchain/gcc/bin/../lib/gcc/riscv-nuclei-elf/10.2.0/rv32imac/ilp32\libgcc.a(fixdfsi.o)
                0x0000000080005372                __fixdfsi
 .text          0x00000000800053d6       0x66 c:/users/michelle zhang/documents/nuclei/nucleistudio/toolchain/gcc/bin/../lib/gcc/riscv-nuclei-elf/10.2.0/rv32imac/ilp32\libgcc.a(floatsidf.o)
                0x00000000800053d6                __floatsidf
 .text          0x000000008000543c       0x4e c:/users/michelle zhang/documents/nuclei/nucleistudio/toolchain/gcc/bin/../lib/gcc/riscv-nuclei-elf/10.2.0/rv32imac/ilp32\libgcc.a(floatunsidf.o)
                0x000000008000543c                __floatunsidf
 .text          0x000000008000548a      0x23c c:/users/michelle zhang/documents/nuclei/nucleistudio/toolchain/gcc/bin/../lib/gcc/riscv-nuclei-elf/10.2.0/rv32imac/ilp32\libgcc.a(trunctfdf2.o)
                0x000000008000548a                __trunctfdf2
 .text          0x00000000800056c6       0x3c c:/users/michelle zhang/documents/nuclei/nucleistudio/toolchain/gcc/bin/../lib/gcc/riscv-nuclei-elf/10.2.0/rv32imac/ilp32\libgcc.a(_clzsi2.o)
                0x00000000800056c6                __clzsi2
 *(.gnu.linkonce.t.*)

.rodata         0x0000000080005708      0x684
                0x0000000080005708                . = ALIGN (0x4)
 *(.rdata)
 *(.rodata .rodata.*)
 .rodata.system_default_exception_handler.str1.4
                0x0000000080005708       0x44 ./hbird_sdk/SoC/hbird/Common/Source/system_hbird.o
 .rodata.system_default_interrupt_handler.str1.4
                0x000000008000574c       0x13 ./hbird_sdk/SoC/hbird/Common/Source/system_hbird.o
 *fill*         0x000000008000575f        0x1 
 .rodata.SystemBannerPrint.str1.4
                0x0000000080005760       0x6f ./hbird_sdk/SoC/hbird/Common/Source/system_hbird.o
 *fill*         0x00000000800057cf        0x1 
 .rodata.main.str1.4
                0x00000000800057d0        0x4 ./application/main.o
 .rodata        0x00000000800057d4      0x100 c:/users/michelle zhang/documents/nuclei/nucleistudio/toolchain/gcc/bin/../lib/gcc/riscv-nuclei-elf/10.2.0/rv32imac/ilp32\libgcc.a(_clz.o)
                0x00000000800057d4                __clz_tab
 .rodata._printf_float.str1.4
                0x00000000800058d4       0x12 c:/users/michelle zhang/documents/nuclei/nucleistudio/toolchain/gcc/bin/../lib/gcc/riscv-nuclei-elf/10.2.0/../../../../riscv-nuclei-elf/lib/rv32imac/ilp32\libg_nano.a(lib_a-nano-vfprintf_float.o)
 *fill*         0x00000000800058e6        0x2 
 .rodata._printf_i.str1.4
                0x00000000800058e8       0x25 c:/users/michelle zhang/documents/nuclei/nucleistudio/toolchain/gcc/bin/../lib/gcc/riscv-nuclei-elf/10.2.0/../../../../riscv-nuclei-elf/lib/rv32imac/ilp32\libg_nano.a(lib_a-nano-vfprintf_i.o)
 *fill*         0x000000008000590d        0x3 
 .rodata._printf_i
                0x0000000080005910       0x58 c:/users/michelle zhang/documents/nuclei/nucleistudio/toolchain/gcc/bin/../lib/gcc/riscv-nuclei-elf/10.2.0/../../../../riscv-nuclei-elf/lib/rv32imac/ilp32\libg_nano.a(lib_a-nano-vfprintf_i.o)
 .rodata._dtoa_r.str1.4
                0x0000000080005968       0x8d c:/users/michelle zhang/documents/nuclei/nucleistudio/toolchain/gcc/bin/../lib/gcc/riscv-nuclei-elf/10.2.0/../../../../riscv-nuclei-elf/lib/rv32imac/ilp32\libg_nano.a(lib_a-dtoa.o)
                                         0x91 (size before relaxing)
 *fill*         0x00000000800059f5        0x3 
 .rodata.__sf_fake_stderr
                0x00000000800059f8       0x20 c:/users/michelle zhang/documents/nuclei/nucleistudio/toolchain/gcc/bin/../lib/gcc/riscv-nuclei-elf/10.2.0/../../../../riscv-nuclei-elf/lib/rv32imac/ilp32\libg_nano.a(lib_a-findfp.o)
                0x00000000800059f8                __sf_fake_stderr
 .rodata.__sf_fake_stdin
                0x0000000080005a18       0x20 c:/users/michelle zhang/documents/nuclei/nucleistudio/toolchain/gcc/bin/../lib/gcc/riscv-nuclei-elf/10.2.0/../../../../riscv-nuclei-elf/lib/rv32imac/ilp32\libg_nano.a(lib_a-findfp.o)
                0x0000000080005a18                __sf_fake_stdin
 .rodata.__sf_fake_stdout
                0x0000000080005a38       0x20 c:/users/michelle zhang/documents/nuclei/nucleistudio/toolchain/gcc/bin/../lib/gcc/riscv-nuclei-elf/10.2.0/../../../../riscv-nuclei-elf/lib/rv32imac/ilp32\libg_nano.a(lib_a-findfp.o)
                0x0000000080005a38                __sf_fake_stdout
 .rodata._Balloc.str1.4
                0x0000000080005a58       0x52 c:/users/michelle zhang/documents/nuclei/nucleistudio/toolchain/gcc/bin/../lib/gcc/riscv-nuclei-elf/10.2.0/../../../../riscv-nuclei-elf/lib/rv32imac/ilp32\libg_nano.a(lib_a-mprec.o)
                                         0x6a (size before relaxing)
 .rodata.__multadd.str1.4
                0x0000000080005aaa       0x11 c:/users/michelle zhang/documents/nuclei/nucleistudio/toolchain/gcc/bin/../lib/gcc/riscv-nuclei-elf/10.2.0/../../../../riscv-nuclei-elf/lib/rv32imac/ilp32\libg_nano.a(lib_a-mprec.o)
 *fill*         0x0000000080005aaa        0x6 
 .rodata.__mprec_bigtens
                0x0000000080005ab0       0x28 c:/users/michelle zhang/documents/nuclei/nucleistudio/toolchain/gcc/bin/../lib/gcc/riscv-nuclei-elf/10.2.0/../../../../riscv-nuclei-elf/lib/rv32imac/ilp32\libg_nano.a(lib_a-mprec.o)
                0x0000000080005ab0                __mprec_bigtens
 .rodata.__mprec_tens
                0x0000000080005ad8       0xc8 c:/users/michelle zhang/documents/nuclei/nucleistudio/toolchain/gcc/bin/../lib/gcc/riscv-nuclei-elf/10.2.0/../../../../riscv-nuclei-elf/lib/rv32imac/ilp32\libg_nano.a(lib_a-mprec.o)
                0x0000000080005ad8                __mprec_tens
 .rodata.p05.0  0x0000000080005ba0        0xc c:/users/michelle zhang/documents/nuclei/nucleistudio/toolchain/gcc/bin/../lib/gcc/riscv-nuclei-elf/10.2.0/../../../../riscv-nuclei-elf/lib/rv32imac/ilp32\libg_nano.a(lib_a-mprec.o)
 .rodata._vfprintf_r.str1.4
                0x0000000080005bac       0x13 c:/users/michelle zhang/documents/nuclei/nucleistudio/toolchain/gcc/bin/../lib/gcc/riscv-nuclei-elf/10.2.0/../../../../riscv-nuclei-elf/lib/rv32imac/ilp32\libg_nano.a(lib_a-nano-vfprintf.o)
 *fill*         0x0000000080005bbf        0x1 
 .rodata.__assert_func.str1.4
                0x0000000080005bc0       0x3f c:/users/michelle zhang/documents/nuclei/nucleistudio/toolchain/gcc/bin/../lib/gcc/riscv-nuclei-elf/10.2.0/../../../../riscv-nuclei-elf/lib/rv32imac/ilp32\libg_nano.a(lib_a-assert.o)
                                         0x43 (size before relaxing)
 *fill*         0x0000000080005bff        0x1 
 .rodata._setlocale_r.str1.4
                0x0000000080005c00        0xa c:/users/michelle zhang/documents/nuclei/nucleistudio/toolchain/gcc/bin/../lib/gcc/riscv-nuclei-elf/10.2.0/../../../../riscv-nuclei-elf/lib/rv32imac/ilp32\libg_nano.a(lib_a-locale.o)
                                          0xd (size before relaxing)
 *fill*         0x0000000080005c0a        0x2 
 .rodata.str1.4
                0x0000000080005c0c        0x2 c:/users/michelle zhang/documents/nuclei/nucleistudio/toolchain/gcc/bin/../lib/gcc/riscv-nuclei-elf/10.2.0/../../../../riscv-nuclei-elf/lib/rv32imac/ilp32\libg_nano.a(lib_a-locale.o)
 *fill*         0x0000000080005c0e        0x2 
 .rodata._ctype_
                0x0000000080005c10      0x101 c:/users/michelle zhang/documents/nuclei/nucleistudio/toolchain/gcc/bin/../lib/gcc/riscv-nuclei-elf/10.2.0/../../../../riscv-nuclei-elf/lib/rv32imac/ilp32\libg_nano.a(lib_a-ctype_.o)
                0x0000000080005c10                _ctype_
 *fill*         0x0000000080005d11        0x3 
 .rodata        0x0000000080005d14       0x3c c:/users/michelle zhang/documents/nuclei/nucleistudio/toolchain/gcc/bin/../lib/gcc/riscv-nuclei-elf/10.2.0/rv32imac/ilp32\libgcc.a(divdf3.o)
 .rodata        0x0000000080005d50       0x3c c:/users/michelle zhang/documents/nuclei/nucleistudio/toolchain/gcc/bin/../lib/gcc/riscv-nuclei-elf/10.2.0/rv32imac/ilp32\libgcc.a(muldf3.o)
                0x0000000080005d8c                . = ALIGN (0x4)
                0x0000000080005d8c                __rt_init_start = .
 *(SORT_BY_NAME(.rti_fn*))
                0x0000000080005d8c                __rt_init_end = .
                0x0000000080005d8c                . = ALIGN (0x4)
                0x0000000080005d8c                __fsymtab_start = .
 *(FSymTab)
                0x0000000080005d8c                __fsymtab_end = .
                0x0000000080005d8c                . = ALIGN (0x4)
                0x0000000080005d8c                __vsymtab_start = .
 *(VSymTab)
                0x0000000080005d8c                __vsymtab_end = .
 *(.gnu.linkonce.r.*)

.rela.dyn       0x0000000080005d8c        0x0
 .rela.text._sbrk
                0x0000000080005d8c        0x0 ./hbird_sdk/SoC/hbird/Common/Source/Stubs/close.o
 .rela.sdata.curbrk.0
                0x0000000080005d8c        0x0 ./hbird_sdk/SoC/hbird/Common/Source/Stubs/close.o
 .rela.init     0x0000000080005d8c        0x0 ./hbird_sdk/SoC/hbird/Common/Source/Stubs/close.o
 .rela.text.__libc_fini_array
                0x0000000080005d8c        0x0 ./hbird_sdk/SoC/hbird/Common/Source/Stubs/close.o
 .rela.text.__libc_init_array
                0x0000000080005d8c        0x0 ./hbird_sdk/SoC/hbird/Common/Source/Stubs/close.o
 .rela.text.__register_exitproc
                0x0000000080005d8c        0x0 ./hbird_sdk/SoC/hbird/Common/Source/Stubs/close.o
 .rela.text._vfprintf_r
                0x0000000080005d8c        0x0 ./hbird_sdk/SoC/hbird/Common/Source/Stubs/close.o

.fini
 *(SORT_NONE(.fini))
                0x0000000080005d8c                . = ALIGN (0x4)
                [!provide]                        PROVIDE (__etext = .)
                [!provide]                        PROVIDE (_etext = .)
                [!provide]                        PROVIDE (etext = .)
                0x0000000080005d8c                PROVIDE (_eilm = .)

.preinit_array  0x0000000080005d8c        0x0
                0x0000000080005d8c                PROVIDE (__preinit_array_start = .)
 *(.preinit_array)
                0x0000000080005d8c                PROVIDE (__preinit_array_end = .)

.init_array     0x0000000080005d8c        0x0
                0x0000000080005d8c                PROVIDE (__init_array_start = .)
 *(SORT_BY_INIT_PRIORITY(.init_array.*) SORT_BY_INIT_PRIORITY(.ctors.*))
 *(.init_array EXCLUDE_FILE(*crtend?.o *crtend.o *crtbegin?.o *crtbegin.o) .ctors)
                0x0000000080005d8c                PROVIDE (__init_array_end = .)

.fini_array     0x0000000080005d8c        0x0
                0x0000000080005d8c                PROVIDE (__fini_array_start = .)
 *(SORT_BY_INIT_PRIORITY(.fini_array.*) SORT_BY_INIT_PRIORITY(.dtors.*))
 *(.fini_array EXCLUDE_FILE(*crtend?.o *crtend.o *crtbegin?.o *crtbegin.o) .dtors)
                0x0000000080005d8c                PROVIDE (__fini_array_end = .)

.ctors
 *crtbegin.o(.ctors)
 *crtbegin?.o(.ctors)
 *(EXCLUDE_FILE(*crtend?.o *crtend.o) .ctors)
 *(SORT_BY_NAME(.ctors.*))
 *(.ctors)

.dtors
 *crtbegin.o(.dtors)
 *crtbegin?.o(.dtors)
 *(EXCLUDE_FILE(*crtend?.o *crtend.o) .dtors)
 *(SORT_BY_NAME(.dtors.*))
 *(.dtors)

.lalign         0x0000000080005d8c        0x0
                0x0000000080005d8c                . = ALIGN (0x4)
                0x0000000080005d8c                PROVIDE (_data_lma = .)

.dalign         0x0000000090000000        0x0 load address 0x0000000080005d8c
                0x0000000090000000                . = ALIGN (0x4)
                0x0000000090000000                PROVIDE (_data = .)

.data           0x0000000090000000      0x234 load address 0x0000000080005d8c
 *(.data .data.*)
 .data.impure_data
                0x0000000090000000       0x60 c:/users/michelle zhang/documents/nuclei/nucleistudio/toolchain/gcc/bin/../lib/gcc/riscv-nuclei-elf/10.2.0/../../../../riscv-nuclei-elf/lib/rv32imac/ilp32\libg_nano.a(lib_a-impure.o)
 .data.__global_locale
                0x0000000090000060      0x16c c:/users/michelle zhang/documents/nuclei/nucleistudio/toolchain/gcc/bin/../lib/gcc/riscv-nuclei-elf/10.2.0/../../../../riscv-nuclei-elf/lib/rv32imac/ilp32\libg_nano.a(lib_a-locale.o)
                0x0000000090000060                __global_locale
 *(.gnu.linkonce.d.*)
                0x00000000900001d0                . = ALIGN (0x8)
 *fill*         0x00000000900001cc        0x4 
                0x00000000900009d0                PROVIDE (__global_pointer$ = (. + 0x800))
 *(.sdata .sdata.* .sdata*)
 .sdata.curbrk.0
                0x00000000900001d0        0x4 ./hbird_sdk/SoC/hbird/Common/Source/Stubs/sbrk.o
 .sdata.SystemCoreClock
                0x00000000900001d4        0x4 ./hbird_sdk/SoC/hbird/Common/Source/system_hbird.o
                0x00000000900001d4                SystemCoreClock
 .sdata._impure_ptr
                0x00000000900001d8        0x4 c:/users/michelle zhang/documents/nuclei/nucleistudio/toolchain/gcc/bin/../lib/gcc/riscv-nuclei-elf/10.2.0/../../../../riscv-nuclei-elf/lib/rv32imac/ilp32\libg_nano.a(lib_a-impure.o)
                0x00000000900001d8                _impure_ptr
 *(.gnu.linkonce.s.*)
                0x00000000900001e0                . = ALIGN (0x8)
 *fill*         0x00000000900001dc        0x4 
 *(.srodata.cst16)
 *(.srodata.cst8)
 .srodata.cst8  0x00000000900001e0        0x8 c:/users/michelle zhang/documents/nuclei/nucleistudio/toolchain/gcc/bin/../lib/gcc/riscv-nuclei-elf/10.2.0/../../../../riscv-nuclei-elf/lib/rv32imac/ilp32\libg_nano.a(lib_a-nano-vfprintf_float.o)
 .srodata.cst8  0x00000000900001e8       0x48 c:/users/michelle zhang/documents/nuclei/nucleistudio/toolchain/gcc/bin/../lib/gcc/riscv-nuclei-elf/10.2.0/../../../../riscv-nuclei-elf/lib/rv32imac/ilp32\libg_nano.a(lib_a-dtoa.o)
 *(.srodata.cst4)
 *(.srodata.cst2)
 *(.srodata .srodata.*)
 .srodata._global_impure_ptr
                0x0000000090000230        0x4 c:/users/michelle zhang/documents/nuclei/nucleistudio/toolchain/gcc/bin/../lib/gcc/riscv-nuclei-elf/10.2.0/../../../../riscv-nuclei-elf/lib/rv32imac/ilp32\libg_nano.a(lib_a-impure.o)
                0x0000000090000230                _global_impure_ptr
                0x0000000090000234                . = ALIGN (0x4)
                0x0000000090000234                PROVIDE (_edata = .)
                [!provide]                        PROVIDE (edata = .)
                [!provide]                        PROVIDE (_fbss = .)
                0x0000000090000234                PROVIDE (__bss_start = .)

.bss            0x0000000090000234      0x1c4
 *(.sbss*)
 .sbss.errno    0x0000000090000234        0x4 c:/users/michelle zhang/documents/nuclei/nucleistudio/toolchain/gcc/bin/../lib/gcc/riscv-nuclei-elf/10.2.0/../../../../riscv-nuclei-elf/lib/rv32imac/ilp32\libg_nano.a(lib_a-reent.o)
                0x0000000090000234                errno
 .sbss._global_atexit
                0x0000000090000238        0x4 c:/users/michelle zhang/documents/nuclei/nucleistudio/toolchain/gcc/bin/../lib/gcc/riscv-nuclei-elf/10.2.0/../../../../riscv-nuclei-elf/lib/rv32imac/ilp32\libg_nano.a(lib_a-__call_atexit.o)
                0x0000000090000238                _global_atexit
 .sbss.__malloc_free_list
                0x000000009000023c        0x4 c:/users/michelle zhang/documents/nuclei/nucleistudio/toolchain/gcc/bin/../lib/gcc/riscv-nuclei-elf/10.2.0/../../../../riscv-nuclei-elf/lib/rv32imac/ilp32\libg_nano.a(lib_a-nano-mallocr.o)
                0x000000009000023c                __malloc_free_list
 .sbss.__malloc_sbrk_start
                0x0000000090000240        0x4 c:/users/michelle zhang/documents/nuclei/nucleistudio/toolchain/gcc/bin/../lib/gcc/riscv-nuclei-elf/10.2.0/../../../../riscv-nuclei-elf/lib/rv32imac/ilp32\libg_nano.a(lib_a-nano-mallocr.o)
                0x0000000090000240                __malloc_sbrk_start
 *(.gnu.linkonce.sb.*)
 *(.bss .bss.*)
 .bss.SystemCoreInterruptHandlers
                0x0000000090000244       0x28 ./hbird_sdk/SoC/hbird/Common/Source/system_hbird.o
 .bss.SystemExceptionHandlers
                0x000000009000026c       0x2c ./hbird_sdk/SoC/hbird/Common/Source/system_hbird.o
 .bss.SystemExtInterruptHandlers
                0x0000000090000298       0xd4 ./hbird_sdk/SoC/hbird/Common/Source/system_hbird.o
 .bss._global_atexit0
                0x000000009000036c       0x8c c:/users/michelle zhang/documents/nuclei/nucleistudio/toolchain/gcc/bin/../lib/gcc/riscv-nuclei-elf/10.2.0/../../../../riscv-nuclei-elf/lib/rv32imac/ilp32\libg_nano.a(lib_a-__atexit.o)
 *(.gnu.linkonce.b.*)
 *(COMMON)
                0x00000000900003f8                . = ALIGN (0x4)
                0x00000000900003f8                . = ALIGN (0x8)
                0x00000000900003f8                PROVIDE (_end = .)
                [!provide]                        PROVIDE (end = .)

.stack          0x000000009000f800      0x800 load address 0x00000000900003f8
                0x000000009000f800                PROVIDE (_heap_end = .)
                0x0000000000000800                . = __stack_size
 *fill*         0x000000009000f800      0x800 
                0x0000000090010000                PROVIDE (_sp = .)
OUTPUT(Helloworld.elf elf32-littleriscv)

.debug_info     0x0000000000000000     0x62cb
 .debug_info    0x0000000000000000       0xac ./hbird_sdk/SoC/hbird/Common/Source/Stubs/close.o
 .debug_info    0x00000000000000ac       0xb1 ./hbird_sdk/SoC/hbird/Common/Source/Stubs/exit.o
 .debug_info    0x000000000000015d      0x2c8 ./hbird_sdk/SoC/hbird/Common/Source/Stubs/fstat.o
 .debug_info    0x0000000000000425       0x90 ./hbird_sdk/SoC/hbird/Common/Source/Stubs/getpid.o
 .debug_info    0x00000000000004b5       0xa0 ./hbird_sdk/SoC/hbird/Common/Source/Stubs/isatty.o
 .debug_info    0x0000000000000555       0xbb ./hbird_sdk/SoC/hbird/Common/Source/Stubs/kill.o
 .debug_info    0x0000000000000610       0xbd ./hbird_sdk/SoC/hbird/Common/Source/Stubs/lseek.o
 .debug_info    0x00000000000006cd      0x1cc ./hbird_sdk/SoC/hbird/Common/Source/Stubs/read.o
 .debug_info    0x0000000000000899       0xea ./hbird_sdk/SoC/hbird/Common/Source/Stubs/sbrk.o
 .debug_info    0x0000000000000983      0x23e ./hbird_sdk/SoC/hbird/Common/Source/Stubs/write.o
 .debug_info    0x0000000000000bc1       0x26 ./hbird_sdk/SoC/hbird/Common/Source/GCC/intexc_hbird.o
 .debug_info    0x0000000000000be7       0x26 ./hbird_sdk/SoC/hbird/Common/Source/GCC/startup_hbird.o
 .debug_info    0x0000000000000c0d      0x54a ./hbird_sdk/SoC/hbird/Common/Source/Drivers/hbird_gpio.o
 .debug_info    0x0000000000001157      0x38d ./hbird_sdk/SoC/hbird/Common/Source/Drivers/hbird_uart.o
 .debug_info    0x00000000000014e4      0x32c ./hbird_sdk/SoC/hbird/Common/Source/hbird_common.o
 .debug_info    0x0000000000001810     0x1082 ./hbird_sdk/SoC/hbird/Common/Source/system_hbird.o
 .debug_info    0x0000000000002892      0x139 ./application/main.o
 .debug_info    0x00000000000029cb      0x7c0 c:/users/michelle zhang/documents/nuclei/nucleistudio/toolchain/gcc/bin/../lib/gcc/riscv-nuclei-elf/10.2.0/rv32imac/ilp32\libgcc.a(_udivdi3.o)
 .debug_info    0x000000000000318b       0xe5 c:/users/michelle zhang/documents/nuclei/nucleistudio/toolchain/gcc/bin/../lib/gcc/riscv-nuclei-elf/10.2.0/rv32imac/ilp32\libgcc.a(_clz.o)
 .debug_info    0x0000000000003270      0x581 c:/users/michelle zhang/documents/nuclei/nucleistudio/toolchain/gcc/bin/../lib/gcc/riscv-nuclei-elf/10.2.0/rv32imac/ilp32\libgcc.a(adddf3.o)
 .debug_info    0x00000000000037f1      0x72a c:/users/michelle zhang/documents/nuclei/nucleistudio/toolchain/gcc/bin/../lib/gcc/riscv-nuclei-elf/10.2.0/rv32imac/ilp32\libgcc.a(divdf3.o)
 .debug_info    0x0000000000003f1b      0x255 c:/users/michelle zhang/documents/nuclei/nucleistudio/toolchain/gcc/bin/../lib/gcc/riscv-nuclei-elf/10.2.0/rv32imac/ilp32\libgcc.a(eqdf2.o)
 .debug_info    0x0000000000004170      0x253 c:/users/michelle zhang/documents/nuclei/nucleistudio/toolchain/gcc/bin/../lib/gcc/riscv-nuclei-elf/10.2.0/rv32imac/ilp32\libgcc.a(gedf2.o)
 .debug_info    0x00000000000043c3      0x253 c:/users/michelle zhang/documents/nuclei/nucleistudio/toolchain/gcc/bin/../lib/gcc/riscv-nuclei-elf/10.2.0/rv32imac/ilp32\libgcc.a(ledf2.o)
 .debug_info    0x0000000000004616      0x766 c:/users/michelle zhang/documents/nuclei/nucleistudio/toolchain/gcc/bin/../lib/gcc/riscv-nuclei-elf/10.2.0/rv32imac/ilp32\libgcc.a(muldf3.o)
 .debug_info    0x0000000000004d7c      0x581 c:/users/michelle zhang/documents/nuclei/nucleistudio/toolchain/gcc/bin/../lib/gcc/riscv-nuclei-elf/10.2.0/rv32imac/ilp32\libgcc.a(subdf3.o)
 .debug_info    0x00000000000052fd      0x256 c:/users/michelle zhang/documents/nuclei/nucleistudio/toolchain/gcc/bin/../lib/gcc/riscv-nuclei-elf/10.2.0/rv32imac/ilp32\libgcc.a(unorddf2.o)
 .debug_info    0x0000000000005553      0x1e7 c:/users/michelle zhang/documents/nuclei/nucleistudio/toolchain/gcc/bin/../lib/gcc/riscv-nuclei-elf/10.2.0/rv32imac/ilp32\libgcc.a(fixdfsi.o)
 .debug_info    0x000000000000573a      0x29b c:/users/michelle zhang/documents/nuclei/nucleistudio/toolchain/gcc/bin/../lib/gcc/riscv-nuclei-elf/10.2.0/rv32imac/ilp32\libgcc.a(floatsidf.o)
 .debug_info    0x00000000000059d5      0x28e c:/users/michelle zhang/documents/nuclei/nucleistudio/toolchain/gcc/bin/../lib/gcc/riscv-nuclei-elf/10.2.0/rv32imac/ilp32\libgcc.a(floatunsidf.o)
 .debug_info    0x0000000000005c63      0x516 c:/users/michelle zhang/documents/nuclei/nucleistudio/toolchain/gcc/bin/../lib/gcc/riscv-nuclei-elf/10.2.0/rv32imac/ilp32\libgcc.a(trunctfdf2.o)
 .debug_info    0x0000000000006179      0x152 c:/users/michelle zhang/documents/nuclei/nucleistudio/toolchain/gcc/bin/../lib/gcc/riscv-nuclei-elf/10.2.0/rv32imac/ilp32\libgcc.a(_clzsi2.o)

.debug_abbrev   0x0000000000000000     0x2352
 .debug_abbrev  0x0000000000000000       0x6a ./hbird_sdk/SoC/hbird/Common/Source/Stubs/close.o
 .debug_abbrev  0x000000000000006a       0x7c ./hbird_sdk/SoC/hbird/Common/Source/Stubs/exit.o
 .debug_abbrev  0x00000000000000e6       0xc9 ./hbird_sdk/SoC/hbird/Common/Source/Stubs/fstat.o
 .debug_abbrev  0x00000000000001af       0x46 ./hbird_sdk/SoC/hbird/Common/Source/Stubs/getpid.o
 .debug_abbrev  0x00000000000001f5       0x57 ./hbird_sdk/SoC/hbird/Common/Source/Stubs/isatty.o
 .debug_abbrev  0x000000000000024c       0x7b ./hbird_sdk/SoC/hbird/Common/Source/Stubs/kill.o
 .debug_abbrev  0x00000000000002c7       0x68 ./hbird_sdk/SoC/hbird/Common/Source/Stubs/lseek.o
 .debug_abbrev  0x000000000000032f       0xfa ./hbird_sdk/SoC/hbird/Common/Source/Stubs/read.o
 .debug_abbrev  0x0000000000000429       0xa8 ./hbird_sdk/SoC/hbird/Common/Source/Stubs/sbrk.o
 .debug_abbrev  0x00000000000004d1      0x126 ./hbird_sdk/SoC/hbird/Common/Source/Stubs/write.o
 .debug_abbrev  0x00000000000005f7       0x14 ./hbird_sdk/SoC/hbird/Common/Source/GCC/intexc_hbird.o
 .debug_abbrev  0x000000000000060b       0x14 ./hbird_sdk/SoC/hbird/Common/Source/GCC/startup_hbird.o
 .debug_abbrev  0x000000000000061f       0xf2 ./hbird_sdk/SoC/hbird/Common/Source/Drivers/hbird_gpio.o
 .debug_abbrev  0x0000000000000711      0x138 ./hbird_sdk/SoC/hbird/Common/Source/Drivers/hbird_uart.o
 .debug_abbrev  0x0000000000000849      0x1c0 ./hbird_sdk/SoC/hbird/Common/Source/hbird_common.o
 .debug_abbrev  0x0000000000000a09      0x482 ./hbird_sdk/SoC/hbird/Common/Source/system_hbird.o
 .debug_abbrev  0x0000000000000e8b       0xf4 ./application/main.o
 .debug_abbrev  0x0000000000000f7f      0x19d c:/users/michelle zhang/documents/nuclei/nucleistudio/toolchain/gcc/bin/../lib/gcc/riscv-nuclei-elf/10.2.0/rv32imac/ilp32\libgcc.a(_udivdi3.o)
 .debug_abbrev  0x000000000000111c       0x70 c:/users/michelle zhang/documents/nuclei/nucleistudio/toolchain/gcc/bin/../lib/gcc/riscv-nuclei-elf/10.2.0/rv32imac/ilp32\libgcc.a(_clz.o)
 .debug_abbrev  0x000000000000118c      0x173 c:/users/michelle zhang/documents/nuclei/nucleistudio/toolchain/gcc/bin/../lib/gcc/riscv-nuclei-elf/10.2.0/rv32imac/ilp32\libgcc.a(adddf3.o)
 .debug_abbrev  0x00000000000012ff      0x173 c:/users/michelle zhang/documents/nuclei/nucleistudio/toolchain/gcc/bin/../lib/gcc/riscv-nuclei-elf/10.2.0/rv32imac/ilp32\libgcc.a(divdf3.o)
 .debug_abbrev  0x0000000000001472      0x14b c:/users/michelle zhang/documents/nuclei/nucleistudio/toolchain/gcc/bin/../lib/gcc/riscv-nuclei-elf/10.2.0/rv32imac/ilp32\libgcc.a(eqdf2.o)
 .debug_abbrev  0x00000000000015bd      0x15e c:/users/michelle zhang/documents/nuclei/nucleistudio/toolchain/gcc/bin/../lib/gcc/riscv-nuclei-elf/10.2.0/rv32imac/ilp32\libgcc.a(gedf2.o)
 .debug_abbrev  0x000000000000171b      0x15e c:/users/michelle zhang/documents/nuclei/nucleistudio/toolchain/gcc/bin/../lib/gcc/riscv-nuclei-elf/10.2.0/rv32imac/ilp32\libgcc.a(ledf2.o)
 .debug_abbrev  0x0000000000001879      0x185 c:/users/michelle zhang/documents/nuclei/nucleistudio/toolchain/gcc/bin/../lib/gcc/riscv-nuclei-elf/10.2.0/rv32imac/ilp32\libgcc.a(muldf3.o)
 .debug_abbrev  0x00000000000019fe      0x173 c:/users/michelle zhang/documents/nuclei/nucleistudio/toolchain/gcc/bin/../lib/gcc/riscv-nuclei-elf/10.2.0/rv32imac/ilp32\libgcc.a(subdf3.o)
 .debug_abbrev  0x0000000000001b71      0x14b c:/users/michelle zhang/documents/nuclei/nucleistudio/toolchain/gcc/bin/../lib/gcc/riscv-nuclei-elf/10.2.0/rv32imac/ilp32\libgcc.a(unorddf2.o)
 .debug_abbrev  0x0000000000001cbc      0x15e c:/users/michelle zhang/documents/nuclei/nucleistudio/toolchain/gcc/bin/../lib/gcc/riscv-nuclei-elf/10.2.0/rv32imac/ilp32\libgcc.a(fixdfsi.o)
 .debug_abbrev  0x0000000000001e1a      0x164 c:/users/michelle zhang/documents/nuclei/nucleistudio/toolchain/gcc/bin/../lib/gcc/riscv-nuclei-elf/10.2.0/rv32imac/ilp32\libgcc.a(floatsidf.o)
 .debug_abbrev  0x0000000000001f7e      0x164 c:/users/michelle zhang/documents/nuclei/nucleistudio/toolchain/gcc/bin/../lib/gcc/riscv-nuclei-elf/10.2.0/rv32imac/ilp32\libgcc.a(floatunsidf.o)
 .debug_abbrev  0x00000000000020e2      0x1a6 c:/users/michelle zhang/documents/nuclei/nucleistudio/toolchain/gcc/bin/../lib/gcc/riscv-nuclei-elf/10.2.0/rv32imac/ilp32\libgcc.a(trunctfdf2.o)
 .debug_abbrev  0x0000000000002288       0xca c:/users/michelle zhang/documents/nuclei/nucleistudio/toolchain/gcc/bin/../lib/gcc/riscv-nuclei-elf/10.2.0/rv32imac/ilp32\libgcc.a(_clzsi2.o)

.debug_loc      0x0000000000000000     0x7366
 .debug_loc     0x0000000000000000       0x21 ./hbird_sdk/SoC/hbird/Common/Source/Stubs/close.o
 .debug_loc     0x0000000000000021       0x2e ./hbird_sdk/SoC/hbird/Common/Source/Stubs/fstat.o
 .debug_loc     0x000000000000004f       0x21 ./hbird_sdk/SoC/hbird/Common/Source/Stubs/isatty.o
 .debug_loc     0x0000000000000070       0x21 ./hbird_sdk/SoC/hbird/Common/Source/Stubs/kill.o
 .debug_loc     0x0000000000000091       0x21 ./hbird_sdk/SoC/hbird/Common/Source/Stubs/lseek.o
 .debug_loc     0x00000000000000b2       0xa8 ./hbird_sdk/SoC/hbird/Common/Source/Stubs/read.o
 .debug_loc     0x000000000000015a       0x21 ./hbird_sdk/SoC/hbird/Common/Source/Stubs/sbrk.o
 .debug_loc     0x000000000000017b       0xe9 ./hbird_sdk/SoC/hbird/Common/Source/Stubs/write.o
 .debug_loc     0x0000000000000264      0x740 ./hbird_sdk/SoC/hbird/Common/Source/Drivers/hbird_gpio.o
 .debug_loc     0x00000000000009a4      0x37b ./hbird_sdk/SoC/hbird/Common/Source/Drivers/hbird_uart.o
 .debug_loc     0x0000000000000d1f       0xa9 ./hbird_sdk/SoC/hbird/Common/Source/hbird_common.o
 .debug_loc     0x0000000000000dc8      0x690 ./hbird_sdk/SoC/hbird/Common/Source/system_hbird.o
 .debug_loc     0x0000000000001458       0x9e ./application/main.o
 .debug_loc     0x00000000000014f6      0xbdd c:/users/michelle zhang/documents/nuclei/nucleistudio/toolchain/gcc/bin/../lib/gcc/riscv-nuclei-elf/10.2.0/rv32imac/ilp32\libgcc.a(_udivdi3.o)
 .debug_loc     0x00000000000020d3     0x11ec c:/users/michelle zhang/documents/nuclei/nucleistudio/toolchain/gcc/bin/../lib/gcc/riscv-nuclei-elf/10.2.0/rv32imac/ilp32\libgcc.a(adddf3.o)
 .debug_loc     0x00000000000032bf     0x1494 c:/users/michelle zhang/documents/nuclei/nucleistudio/toolchain/gcc/bin/../lib/gcc/riscv-nuclei-elf/10.2.0/rv32imac/ilp32\libgcc.a(divdf3.o)
 .debug_loc     0x0000000000004753       0xa4 c:/users/michelle zhang/documents/nuclei/nucleistudio/toolchain/gcc/bin/../lib/gcc/riscv-nuclei-elf/10.2.0/rv32imac/ilp32\libgcc.a(eqdf2.o)
 .debug_loc     0x00000000000047f7      0x135 c:/users/michelle zhang/documents/nuclei/nucleistudio/toolchain/gcc/bin/../lib/gcc/riscv-nuclei-elf/10.2.0/rv32imac/ilp32\libgcc.a(gedf2.o)
 .debug_loc     0x000000000000492c      0x135 c:/users/michelle zhang/documents/nuclei/nucleistudio/toolchain/gcc/bin/../lib/gcc/riscv-nuclei-elf/10.2.0/rv32imac/ilp32\libgcc.a(ledf2.o)
 .debug_loc     0x0000000000004a61      0xd56 c:/users/michelle zhang/documents/nuclei/nucleistudio/toolchain/gcc/bin/../lib/gcc/riscv-nuclei-elf/10.2.0/rv32imac/ilp32\libgcc.a(muldf3.o)
 .debug_loc     0x00000000000057b7     0x114d c:/users/michelle zhang/documents/nuclei/nucleistudio/toolchain/gcc/bin/../lib/gcc/riscv-nuclei-elf/10.2.0/rv32imac/ilp32\libgcc.a(subdf3.o)
 .debug_loc     0x0000000000006904       0x61 c:/users/michelle zhang/documents/nuclei/nucleistudio/toolchain/gcc/bin/../lib/gcc/riscv-nuclei-elf/10.2.0/rv32imac/ilp32\libgcc.a(unorddf2.o)
 .debug_loc     0x0000000000006965      0x181 c:/users/michelle zhang/documents/nuclei/nucleistudio/toolchain/gcc/bin/../lib/gcc/riscv-nuclei-elf/10.2.0/rv32imac/ilp32\libgcc.a(fixdfsi.o)
 .debug_loc     0x0000000000006ae6      0x159 c:/users/michelle zhang/documents/nuclei/nucleistudio/toolchain/gcc/bin/../lib/gcc/riscv-nuclei-elf/10.2.0/rv32imac/ilp32\libgcc.a(floatsidf.o)
 .debug_loc     0x0000000000006c3f      0x14f c:/users/michelle zhang/documents/nuclei/nucleistudio/toolchain/gcc/bin/../lib/gcc/riscv-nuclei-elf/10.2.0/rv32imac/ilp32\libgcc.a(floatunsidf.o)
 .debug_loc     0x0000000000006d8e      0x56d c:/users/michelle zhang/documents/nuclei/nucleistudio/toolchain/gcc/bin/../lib/gcc/riscv-nuclei-elf/10.2.0/rv32imac/ilp32\libgcc.a(trunctfdf2.o)
 .debug_loc     0x00000000000072fb       0x6b c:/users/michelle zhang/documents/nuclei/nucleistudio/toolchain/gcc/bin/../lib/gcc/riscv-nuclei-elf/10.2.0/rv32imac/ilp32\libgcc.a(_clzsi2.o)

.debug_aranges  0x0000000000000000      0x520
 .debug_aranges
                0x0000000000000000       0x20 ./hbird_sdk/SoC/hbird/Common/Source/Stubs/close.o
 .debug_aranges
                0x0000000000000020       0x20 ./hbird_sdk/SoC/hbird/Common/Source/Stubs/exit.o
 .debug_aranges
                0x0000000000000040       0x20 ./hbird_sdk/SoC/hbird/Common/Source/Stubs/fstat.o
 .debug_aranges
                0x0000000000000060       0x20 ./hbird_sdk/SoC/hbird/Common/Source/Stubs/getpid.o
 .debug_aranges
                0x0000000000000080       0x20 ./hbird_sdk/SoC/hbird/Common/Source/Stubs/isatty.o
 .debug_aranges
                0x00000000000000a0       0x20 ./hbird_sdk/SoC/hbird/Common/Source/Stubs/kill.o
 .debug_aranges
                0x00000000000000c0       0x20 ./hbird_sdk/SoC/hbird/Common/Source/Stubs/lseek.o
 .debug_aranges
                0x00000000000000e0       0x20 ./hbird_sdk/SoC/hbird/Common/Source/Stubs/read.o
 .debug_aranges
                0x0000000000000100       0x20 ./hbird_sdk/SoC/hbird/Common/Source/Stubs/sbrk.o
 .debug_aranges
                0x0000000000000120       0x20 ./hbird_sdk/SoC/hbird/Common/Source/Stubs/write.o
 .debug_aranges
                0x0000000000000140       0x20 ./hbird_sdk/SoC/hbird/Common/Source/GCC/intexc_hbird.o
 .debug_aranges
                0x0000000000000160       0x20 ./hbird_sdk/SoC/hbird/Common/Source/GCC/startup_hbird.o
 .debug_aranges
                0x0000000000000180       0x78 ./hbird_sdk/SoC/hbird/Common/Source/Drivers/hbird_gpio.o
 .debug_aranges
                0x00000000000001f8       0x68 ./hbird_sdk/SoC/hbird/Common/Source/Drivers/hbird_uart.o
 .debug_aranges
                0x0000000000000260       0x30 ./hbird_sdk/SoC/hbird/Common/Source/hbird_common.o
 .debug_aranges
                0x0000000000000290       0x98 ./hbird_sdk/SoC/hbird/Common/Source/system_hbird.o
 .debug_aranges
                0x0000000000000328       0x20 ./application/main.o
 .debug_aranges
                0x0000000000000348       0x20 c:/users/michelle zhang/documents/nuclei/nucleistudio/toolchain/gcc/bin/../lib/gcc/riscv-nuclei-elf/10.2.0/rv32imac/ilp32\libgcc.a(_udivdi3.o)
 .debug_aranges
                0x0000000000000368       0x18 c:/users/michelle zhang/documents/nuclei/nucleistudio/toolchain/gcc/bin/../lib/gcc/riscv-nuclei-elf/10.2.0/rv32imac/ilp32\libgcc.a(_clz.o)
 .debug_aranges
                0x0000000000000380       0x20 c:/users/michelle zhang/documents/nuclei/nucleistudio/toolchain/gcc/bin/../lib/gcc/riscv-nuclei-elf/10.2.0/rv32imac/ilp32\libgcc.a(adddf3.o)
 .debug_aranges
                0x00000000000003a0       0x20 c:/users/michelle zhang/documents/nuclei/nucleistudio/toolchain/gcc/bin/../lib/gcc/riscv-nuclei-elf/10.2.0/rv32imac/ilp32\libgcc.a(divdf3.o)
 .debug_aranges
                0x00000000000003c0       0x20 c:/users/michelle zhang/documents/nuclei/nucleistudio/toolchain/gcc/bin/../lib/gcc/riscv-nuclei-elf/10.2.0/rv32imac/ilp32\libgcc.a(eqdf2.o)
 .debug_aranges
                0x00000000000003e0       0x20 c:/users/michelle zhang/documents/nuclei/nucleistudio/toolchain/gcc/bin/../lib/gcc/riscv-nuclei-elf/10.2.0/rv32imac/ilp32\libgcc.a(gedf2.o)
 .debug_aranges
                0x0000000000000400       0x20 c:/users/michelle zhang/documents/nuclei/nucleistudio/toolchain/gcc/bin/../lib/gcc/riscv-nuclei-elf/10.2.0/rv32imac/ilp32\libgcc.a(ledf2.o)
 .debug_aranges
                0x0000000000000420       0x20 c:/users/michelle zhang/documents/nuclei/nucleistudio/toolchain/gcc/bin/../lib/gcc/riscv-nuclei-elf/10.2.0/rv32imac/ilp32\libgcc.a(muldf3.o)
 .debug_aranges
                0x0000000000000440       0x20 c:/users/michelle zhang/documents/nuclei/nucleistudio/toolchain/gcc/bin/../lib/gcc/riscv-nuclei-elf/10.2.0/rv32imac/ilp32\libgcc.a(subdf3.o)
 .debug_aranges
                0x0000000000000460       0x20 c:/users/michelle zhang/documents/nuclei/nucleistudio/toolchain/gcc/bin/../lib/gcc/riscv-nuclei-elf/10.2.0/rv32imac/ilp32\libgcc.a(unorddf2.o)
 .debug_aranges
                0x0000000000000480       0x20 c:/users/michelle zhang/documents/nuclei/nucleistudio/toolchain/gcc/bin/../lib/gcc/riscv-nuclei-elf/10.2.0/rv32imac/ilp32\libgcc.a(fixdfsi.o)
 .debug_aranges
                0x00000000000004a0       0x20 c:/users/michelle zhang/documents/nuclei/nucleistudio/toolchain/gcc/bin/../lib/gcc/riscv-nuclei-elf/10.2.0/rv32imac/ilp32\libgcc.a(floatsidf.o)
 .debug_aranges
                0x00000000000004c0       0x20 c:/users/michelle zhang/documents/nuclei/nucleistudio/toolchain/gcc/bin/../lib/gcc/riscv-nuclei-elf/10.2.0/rv32imac/ilp32\libgcc.a(floatunsidf.o)
 .debug_aranges
                0x00000000000004e0       0x20 c:/users/michelle zhang/documents/nuclei/nucleistudio/toolchain/gcc/bin/../lib/gcc/riscv-nuclei-elf/10.2.0/rv32imac/ilp32\libgcc.a(trunctfdf2.o)
 .debug_aranges
                0x0000000000000500       0x20 c:/users/michelle zhang/documents/nuclei/nucleistudio/toolchain/gcc/bin/../lib/gcc/riscv-nuclei-elf/10.2.0/rv32imac/ilp32\libgcc.a(_clzsi2.o)

.debug_ranges   0x0000000000000000      0xfb8
 .debug_ranges  0x0000000000000000       0x10 ./hbird_sdk/SoC/hbird/Common/Source/Stubs/close.o
 .debug_ranges  0x0000000000000010       0x10 ./hbird_sdk/SoC/hbird/Common/Source/Stubs/exit.o
 .debug_ranges  0x0000000000000020       0x10 ./hbird_sdk/SoC/hbird/Common/Source/Stubs/fstat.o
 .debug_ranges  0x0000000000000030       0x10 ./hbird_sdk/SoC/hbird/Common/Source/Stubs/getpid.o
 .debug_ranges  0x0000000000000040       0x10 ./hbird_sdk/SoC/hbird/Common/Source/Stubs/isatty.o
 .debug_ranges  0x0000000000000050       0x10 ./hbird_sdk/SoC/hbird/Common/Source/Stubs/kill.o
 .debug_ranges  0x0000000000000060       0x10 ./hbird_sdk/SoC/hbird/Common/Source/Stubs/lseek.o
 .debug_ranges  0x0000000000000070       0x10 ./hbird_sdk/SoC/hbird/Common/Source/Stubs/read.o
 .debug_ranges  0x0000000000000080       0x10 ./hbird_sdk/SoC/hbird/Common/Source/Stubs/sbrk.o
 .debug_ranges  0x0000000000000090       0x10 ./hbird_sdk/SoC/hbird/Common/Source/Stubs/write.o
 .debug_ranges  0x00000000000000a0       0x68 ./hbird_sdk/SoC/hbird/Common/Source/Drivers/hbird_gpio.o
 .debug_ranges  0x0000000000000108       0x58 ./hbird_sdk/SoC/hbird/Common/Source/Drivers/hbird_uart.o
 .debug_ranges  0x0000000000000160       0x80 ./hbird_sdk/SoC/hbird/Common/Source/hbird_common.o
 .debug_ranges  0x00000000000001e0      0x150 ./hbird_sdk/SoC/hbird/Common/Source/system_hbird.o
 .debug_ranges  0x0000000000000330       0x30 ./application/main.o
 .debug_ranges  0x0000000000000360       0xf8 c:/users/michelle zhang/documents/nuclei/nucleistudio/toolchain/gcc/bin/../lib/gcc/riscv-nuclei-elf/10.2.0/rv32imac/ilp32\libgcc.a(_udivdi3.o)
 .debug_ranges  0x0000000000000458      0x248 c:/users/michelle zhang/documents/nuclei/nucleistudio/toolchain/gcc/bin/../lib/gcc/riscv-nuclei-elf/10.2.0/rv32imac/ilp32\libgcc.a(adddf3.o)
 .debug_ranges  0x00000000000006a0      0x198 c:/users/michelle zhang/documents/nuclei/nucleistudio/toolchain/gcc/bin/../lib/gcc/riscv-nuclei-elf/10.2.0/rv32imac/ilp32\libgcc.a(divdf3.o)
 .debug_ranges  0x0000000000000838       0x48 c:/users/michelle zhang/documents/nuclei/nucleistudio/toolchain/gcc/bin/../lib/gcc/riscv-nuclei-elf/10.2.0/rv32imac/ilp32\libgcc.a(eqdf2.o)
 .debug_ranges  0x0000000000000880       0x50 c:/users/michelle zhang/documents/nuclei/nucleistudio/toolchain/gcc/bin/../lib/gcc/riscv-nuclei-elf/10.2.0/rv32imac/ilp32\libgcc.a(gedf2.o)
 .debug_ranges  0x00000000000008d0       0x50 c:/users/michelle zhang/documents/nuclei/nucleistudio/toolchain/gcc/bin/../lib/gcc/riscv-nuclei-elf/10.2.0/rv32imac/ilp32\libgcc.a(ledf2.o)
 .debug_ranges  0x0000000000000920      0x1e0 c:/users/michelle zhang/documents/nuclei/nucleistudio/toolchain/gcc/bin/../lib/gcc/riscv-nuclei-elf/10.2.0/rv32imac/ilp32\libgcc.a(muldf3.o)
 .debug_ranges  0x0000000000000b00      0x250 c:/users/michelle zhang/documents/nuclei/nucleistudio/toolchain/gcc/bin/../lib/gcc/riscv-nuclei-elf/10.2.0/rv32imac/ilp32\libgcc.a(subdf3.o)
 .debug_ranges  0x0000000000000d50       0x38 c:/users/michelle zhang/documents/nuclei/nucleistudio/toolchain/gcc/bin/../lib/gcc/riscv-nuclei-elf/10.2.0/rv32imac/ilp32\libgcc.a(unorddf2.o)
 .debug_ranges  0x0000000000000d88       0x18 c:/users/michelle zhang/documents/nuclei/nucleistudio/toolchain/gcc/bin/../lib/gcc/riscv-nuclei-elf/10.2.0/rv32imac/ilp32\libgcc.a(fixdfsi.o)
 .debug_ranges  0x0000000000000da0       0x68 c:/users/michelle zhang/documents/nuclei/nucleistudio/toolchain/gcc/bin/../lib/gcc/riscv-nuclei-elf/10.2.0/rv32imac/ilp32\libgcc.a(floatsidf.o)
 .debug_ranges  0x0000000000000e08       0x70 c:/users/michelle zhang/documents/nuclei/nucleistudio/toolchain/gcc/bin/../lib/gcc/riscv-nuclei-elf/10.2.0/rv32imac/ilp32\libgcc.a(floatunsidf.o)
 .debug_ranges  0x0000000000000e78      0x120 c:/users/michelle zhang/documents/nuclei/nucleistudio/toolchain/gcc/bin/../lib/gcc/riscv-nuclei-elf/10.2.0/rv32imac/ilp32\libgcc.a(trunctfdf2.o)
 .debug_ranges  0x0000000000000f98       0x20 c:/users/michelle zhang/documents/nuclei/nucleistudio/toolchain/gcc/bin/../lib/gcc/riscv-nuclei-elf/10.2.0/rv32imac/ilp32\libgcc.a(_clzsi2.o)

.debug_line     0x0000000000000000     0x9396
 .debug_line    0x0000000000000000       0x86 ./hbird_sdk/SoC/hbird/Common/Source/Stubs/close.o
 .debug_line    0x0000000000000086       0xfd ./hbird_sdk/SoC/hbird/Common/Source/Stubs/exit.o
 .debug_line    0x0000000000000183      0x1e6 ./hbird_sdk/SoC/hbird/Common/Source/Stubs/fstat.o
 .debug_line    0x0000000000000369       0x75 ./hbird_sdk/SoC/hbird/Common/Source/Stubs/getpid.o
 .debug_line    0x00000000000003de       0x75 ./hbird_sdk/SoC/hbird/Common/Source/Stubs/isatty.o
 .debug_line    0x0000000000000453       0x85 ./hbird_sdk/SoC/hbird/Common/Source/Stubs/kill.o
 .debug_line    0x00000000000004d8       0x74 ./hbird_sdk/SoC/hbird/Common/Source/Stubs/lseek.o
 .debug_line    0x000000000000054c      0x2d7 ./hbird_sdk/SoC/hbird/Common/Source/Stubs/read.o
 .debug_line    0x0000000000000823      0x155 ./hbird_sdk/SoC/hbird/Common/Source/Stubs/sbrk.o
 .debug_line    0x0000000000000978      0x36e ./hbird_sdk/SoC/hbird/Common/Source/Stubs/write.o
 .debug_line    0x0000000000000ce6       0x93 ./hbird_sdk/SoC/hbird/Common/Source/GCC/intexc_hbird.o
 .debug_line    0x0000000000000d79      0x165 ./hbird_sdk/SoC/hbird/Common/Source/GCC/startup_hbird.o
 .debug_line    0x0000000000000ede      0x9b2 ./hbird_sdk/SoC/hbird/Common/Source/Drivers/hbird_gpio.o
 .debug_line    0x0000000000001890      0x6da ./hbird_sdk/SoC/hbird/Common/Source/Drivers/hbird_uart.o
 .debug_line    0x0000000000001f6a      0x4c8 ./hbird_sdk/SoC/hbird/Common/Source/hbird_common.o
 .debug_line    0x0000000000002432      0xda6 ./hbird_sdk/SoC/hbird/Common/Source/system_hbird.o
 .debug_line    0x00000000000031d8      0x2a1 ./application/main.o
 .debug_line    0x0000000000003479      0x768 c:/users/michelle zhang/documents/nuclei/nucleistudio/toolchain/gcc/bin/../lib/gcc/riscv-nuclei-elf/10.2.0/rv32imac/ilp32\libgcc.a(_udivdi3.o)
 .debug_line    0x0000000000003be1       0x72 c:/users/michelle zhang/documents/nuclei/nucleistudio/toolchain/gcc/bin/../lib/gcc/riscv-nuclei-elf/10.2.0/rv32imac/ilp32\libgcc.a(_clz.o)
 .debug_line    0x0000000000003c53     0x102c c:/users/michelle zhang/documents/nuclei/nucleistudio/toolchain/gcc/bin/../lib/gcc/riscv-nuclei-elf/10.2.0/rv32imac/ilp32\libgcc.a(adddf3.o)
 .debug_line    0x0000000000004c7f      0xf83 c:/users/michelle zhang/documents/nuclei/nucleistudio/toolchain/gcc/bin/../lib/gcc/riscv-nuclei-elf/10.2.0/rv32imac/ilp32\libgcc.a(divdf3.o)
 .debug_line    0x0000000000005c02      0x269 c:/users/michelle zhang/documents/nuclei/nucleistudio/toolchain/gcc/bin/../lib/gcc/riscv-nuclei-elf/10.2.0/rv32imac/ilp32\libgcc.a(eqdf2.o)
 .debug_line    0x0000000000005e6b      0x2fe c:/users/michelle zhang/documents/nuclei/nucleistudio/toolchain/gcc/bin/../lib/gcc/riscv-nuclei-elf/10.2.0/rv32imac/ilp32\libgcc.a(gedf2.o)
 .debug_line    0x0000000000006169      0x2fe c:/users/michelle zhang/documents/nuclei/nucleistudio/toolchain/gcc/bin/../lib/gcc/riscv-nuclei-elf/10.2.0/rv32imac/ilp32\libgcc.a(ledf2.o)
 .debug_line    0x0000000000006467      0xdbe c:/users/michelle zhang/documents/nuclei/nucleistudio/toolchain/gcc/bin/../lib/gcc/riscv-nuclei-elf/10.2.0/rv32imac/ilp32\libgcc.a(muldf3.o)
 .debug_line    0x0000000000007225     0x1091 c:/users/michelle zhang/documents/nuclei/nucleistudio/toolchain/gcc/bin/../lib/gcc/riscv-nuclei-elf/10.2.0/rv32imac/ilp32\libgcc.a(subdf3.o)
 .debug_line    0x00000000000082b6      0x1b4 c:/users/michelle zhang/documents/nuclei/nucleistudio/toolchain/gcc/bin/../lib/gcc/riscv-nuclei-elf/10.2.0/rv32imac/ilp32\libgcc.a(unorddf2.o)
 .debug_line    0x000000000000846a      0x22d c:/users/michelle zhang/documents/nuclei/nucleistudio/toolchain/gcc/bin/../lib/gcc/riscv-nuclei-elf/10.2.0/rv32imac/ilp32\libgcc.a(fixdfsi.o)
 .debug_line    0x0000000000008697      0x267 c:/users/michelle zhang/documents/nuclei/nucleistudio/toolchain/gcc/bin/../lib/gcc/riscv-nuclei-elf/10.2.0/rv32imac/ilp32\libgcc.a(floatsidf.o)
 .debug_line    0x00000000000088fe      0x287 c:/users/michelle zhang/documents/nuclei/nucleistudio/toolchain/gcc/bin/../lib/gcc/riscv-nuclei-elf/10.2.0/rv32imac/ilp32\libgcc.a(floatunsidf.o)
 .debug_line    0x0000000000008b85      0x713 c:/users/michelle zhang/documents/nuclei/nucleistudio/toolchain/gcc/bin/../lib/gcc/riscv-nuclei-elf/10.2.0/rv32imac/ilp32\libgcc.a(trunctfdf2.o)
 .debug_line    0x0000000000009298       0xfe c:/users/michelle zhang/documents/nuclei/nucleistudio/toolchain/gcc/bin/../lib/gcc/riscv-nuclei-elf/10.2.0/rv32imac/ilp32\libgcc.a(_clzsi2.o)

.debug_str      0x0000000000000000     0x1eef
 .debug_str     0x0000000000000000      0x183 ./hbird_sdk/SoC/hbird/Common/Source/Stubs/close.o
                                        0x1c8 (size before relaxing)
 .debug_str     0x0000000000000183       0x3e ./hbird_sdk/SoC/hbird/Common/Source/Stubs/exit.o
                                        0x1c1 (size before relaxing)
 .debug_str     0x00000000000001c1      0x13f ./hbird_sdk/SoC/hbird/Common/Source/Stubs/fstat.o
                                        0x319 (size before relaxing)
 .debug_str     0x0000000000000300       0x3c ./hbird_sdk/SoC/hbird/Common/Source/Stubs/getpid.o
                                        0x1c4 (size before relaxing)
 .debug_str     0x000000000000033c       0x3c ./hbird_sdk/SoC/hbird/Common/Source/Stubs/isatty.o
                                        0x1c4 (size before relaxing)
 .debug_str     0x0000000000000378       0x38 ./hbird_sdk/SoC/hbird/Common/Source/Stubs/kill.o
                                        0x1c6 (size before relaxing)
 .debug_str     0x00000000000003b0       0x48 ./hbird_sdk/SoC/hbird/Common/Source/Stubs/lseek.o
                                        0x1d5 (size before relaxing)
 .debug_str     0x00000000000003f8       0x80 ./hbird_sdk/SoC/hbird/Common/Source/Stubs/read.o
                                        0x239 (size before relaxing)
 .debug_str     0x0000000000000478       0x58 ./hbird_sdk/SoC/hbird/Common/Source/Stubs/sbrk.o
                                        0x1e5 (size before relaxing)
 .debug_str     0x00000000000004d0       0x47 ./hbird_sdk/SoC/hbird/Common/Source/Stubs/write.o
                                        0x244 (size before relaxing)
 .debug_str     0x0000000000000517       0x46 ./hbird_sdk/SoC/hbird/Common/Source/GCC/intexc_hbird.o
                                         0x8c (size before relaxing)
 .debug_str     0x000000000000055d       0x39 ./hbird_sdk/SoC/hbird/Common/Source/GCC/startup_hbird.o
                                         0x8d (size before relaxing)
 .debug_str     0x0000000000000596      0x238 ./hbird_sdk/SoC/hbird/Common/Source/Drivers/hbird_gpio.o
                                        0x3e1 (size before relaxing)
 .debug_str     0x00000000000007ce      0x130 ./hbird_sdk/SoC/hbird/Common/Source/Drivers/hbird_uart.o
                                        0x33b (size before relaxing)
 .debug_str     0x00000000000008fe      0x124 ./hbird_sdk/SoC/hbird/Common/Source/hbird_common.o
                                        0x2cd (size before relaxing)
 .debug_str     0x0000000000000a22      0x817 ./hbird_sdk/SoC/hbird/Common/Source/system_hbird.o
                                        0xb25 (size before relaxing)
 .debug_str     0x0000000000001239       0x2b ./application/main.o
                                        0x1c0 (size before relaxing)
 .debug_str     0x0000000000001264      0x277 c:/users/michelle zhang/documents/nuclei/nucleistudio/toolchain/gcc/bin/../lib/gcc/riscv-nuclei-elf/10.2.0/rv32imac/ilp32\libgcc.a(_udivdi3.o)
                                        0x33a (size before relaxing)
 .debug_str     0x00000000000014db       0xb3 c:/users/michelle zhang/documents/nuclei/nucleistudio/toolchain/gcc/bin/../lib/gcc/riscv-nuclei-elf/10.2.0/rv32imac/ilp32\libgcc.a(_clz.o)
                                        0x281 (size before relaxing)
 .debug_str     0x000000000000158e      0x1bd c:/users/michelle zhang/documents/nuclei/nucleistudio/toolchain/gcc/bin/../lib/gcc/riscv-nuclei-elf/10.2.0/rv32imac/ilp32\libgcc.a(adddf3.o)
                                        0x37b (size before relaxing)
 .debug_str     0x000000000000174b      0x1b7 c:/users/michelle zhang/documents/nuclei/nucleistudio/toolchain/gcc/bin/../lib/gcc/riscv-nuclei-elf/10.2.0/rv32imac/ilp32\libgcc.a(divdf3.o)
                                        0x43d (size before relaxing)
 .debug_str     0x0000000000001902       0x72 c:/users/michelle zhang/documents/nuclei/nucleistudio/toolchain/gcc/bin/../lib/gcc/riscv-nuclei-elf/10.2.0/rv32imac/ilp32\libgcc.a(eqdf2.o)
                                        0x28c (size before relaxing)
 .debug_str     0x0000000000001974       0x77 c:/users/michelle zhang/documents/nuclei/nucleistudio/toolchain/gcc/bin/../lib/gcc/riscv-nuclei-elf/10.2.0/rv32imac/ilp32\libgcc.a(gedf2.o)
                                        0x2b0 (size before relaxing)
 .debug_str     0x00000000000019eb       0x53 c:/users/michelle zhang/documents/nuclei/nucleistudio/toolchain/gcc/bin/../lib/gcc/riscv-nuclei-elf/10.2.0/rv32imac/ilp32\libgcc.a(ledf2.o)
                                        0x2b0 (size before relaxing)
 .debug_str     0x0000000000001a3e      0x17a c:/users/michelle zhang/documents/nuclei/nucleistudio/toolchain/gcc/bin/../lib/gcc/riscv-nuclei-elf/10.2.0/rv32imac/ilp32\libgcc.a(muldf3.o)
                                        0x495 (size before relaxing)
 .debug_str     0x0000000000001bb8       0x55 c:/users/michelle zhang/documents/nuclei/nucleistudio/toolchain/gcc/bin/../lib/gcc/riscv-nuclei-elf/10.2.0/rv32imac/ilp32\libgcc.a(subdf3.o)
                                        0x37b (size before relaxing)
 .debug_str     0x0000000000001c0d       0x59 c:/users/michelle zhang/documents/nuclei/nucleistudio/toolchain/gcc/bin/../lib/gcc/riscv-nuclei-elf/10.2.0/rv32imac/ilp32\libgcc.a(unorddf2.o)
                                        0x292 (size before relaxing)
 .debug_str     0x0000000000001c66       0x6a c:/users/michelle zhang/documents/nuclei/nucleistudio/toolchain/gcc/bin/../lib/gcc/riscv-nuclei-elf/10.2.0/rv32imac/ilp32\libgcc.a(fixdfsi.o)
                                        0x289 (size before relaxing)
 .debug_str     0x0000000000001cd0       0x88 c:/users/michelle zhang/documents/nuclei/nucleistudio/toolchain/gcc/bin/../lib/gcc/riscv-nuclei-elf/10.2.0/rv32imac/ilp32\libgcc.a(floatsidf.o)
                                        0x328 (size before relaxing)
 .debug_str     0x0000000000001d58       0x5f c:/users/michelle zhang/documents/nuclei/nucleistudio/toolchain/gcc/bin/../lib/gcc/riscv-nuclei-elf/10.2.0/rv32imac/ilp32\libgcc.a(floatunsidf.o)
                                        0x325 (size before relaxing)
 .debug_str     0x0000000000001db7      0x138 c:/users/michelle zhang/documents/nuclei/nucleistudio/toolchain/gcc/bin/../lib/gcc/riscv-nuclei-elf/10.2.0/rv32imac/ilp32\libgcc.a(trunctfdf2.o)
                                        0x454 (size before relaxing)
 .debug_str     0x0000000000001eef      0x29e c:/users/michelle zhang/documents/nuclei/nucleistudio/toolchain/gcc/bin/../lib/gcc/riscv-nuclei-elf/10.2.0/rv32imac/ilp32\libgcc.a(_clzsi2.o)

.comment        0x0000000000000000       0x12
 .comment       0x0000000000000000       0x12 ./hbird_sdk/SoC/hbird/Common/Source/Stubs/close.o
                                         0x13 (size before relaxing)
 .comment       0x0000000000000012       0x13 ./hbird_sdk/SoC/hbird/Common/Source/Stubs/exit.o
 .comment       0x0000000000000012       0x13 ./hbird_sdk/SoC/hbird/Common/Source/Stubs/fstat.o
 .comment       0x0000000000000012       0x13 ./hbird_sdk/SoC/hbird/Common/Source/Stubs/getpid.o
 .comment       0x0000000000000012       0x13 ./hbird_sdk/SoC/hbird/Common/Source/Stubs/isatty.o
 .comment       0x0000000000000012       0x13 ./hbird_sdk/SoC/hbird/Common/Source/Stubs/kill.o
 .comment       0x0000000000000012       0x13 ./hbird_sdk/SoC/hbird/Common/Source/Stubs/lseek.o
 .comment       0x0000000000000012       0x13 ./hbird_sdk/SoC/hbird/Common/Source/Stubs/read.o
 .comment       0x0000000000000012       0x13 ./hbird_sdk/SoC/hbird/Common/Source/Stubs/sbrk.o
 .comment       0x0000000000000012       0x13 ./hbird_sdk/SoC/hbird/Common/Source/Stubs/write.o
 .comment       0x0000000000000012       0x13 ./hbird_sdk/SoC/hbird/Common/Source/Drivers/hbird_gpio.o
 .comment       0x0000000000000012       0x13 ./hbird_sdk/SoC/hbird/Common/Source/Drivers/hbird_uart.o
 .comment       0x0000000000000012       0x13 ./hbird_sdk/SoC/hbird/Common/Source/hbird_common.o
 .comment       0x0000000000000012       0x13 ./hbird_sdk/SoC/hbird/Common/Source/system_hbird.o
 .comment       0x0000000000000012       0x13 ./application/main.o
 .comment       0x0000000000000012       0x13 c:/users/michelle zhang/documents/nuclei/nucleistudio/toolchain/gcc/bin/../lib/gcc/riscv-nuclei-elf/10.2.0/rv32imac/ilp32\libgcc.a(_udivdi3.o)
 .comment       0x0000000000000012       0x13 c:/users/michelle zhang/documents/nuclei/nucleistudio/toolchain/gcc/bin/../lib/gcc/riscv-nuclei-elf/10.2.0/rv32imac/ilp32\libgcc.a(_clz.o)
 .comment       0x0000000000000012       0x13 c:/users/michelle zhang/documents/nuclei/nucleistudio/toolchain/gcc/bin/../lib/gcc/riscv-nuclei-elf/10.2.0/../../../../riscv-nuclei-elf/lib/rv32imac/ilp32\libg_nano.a(lib_a-atexit.o)
 .comment       0x0000000000000012       0x13 c:/users/michelle zhang/documents/nuclei/nucleistudio/toolchain/gcc/bin/../lib/gcc/riscv-nuclei-elf/10.2.0/../../../../riscv-nuclei-elf/lib/rv32imac/ilp32\libg_nano.a(lib_a-fini.o)
 .comment       0x0000000000000012       0x13 c:/users/michelle zhang/documents/nuclei/nucleistudio/toolchain/gcc/bin/../lib/gcc/riscv-nuclei-elf/10.2.0/../../../../riscv-nuclei-elf/lib/rv32imac/ilp32\libg_nano.a(lib_a-init.o)
 .comment       0x0000000000000012       0x13 c:/users/michelle zhang/documents/nuclei/nucleistudio/toolchain/gcc/bin/../lib/gcc/riscv-nuclei-elf/10.2.0/../../../../riscv-nuclei-elf/lib/rv32imac/ilp32\libg_nano.a(lib_a-nano-vfprintf_float.o)
 .comment       0x0000000000000012       0x13 c:/users/michelle zhang/documents/nuclei/nucleistudio/toolchain/gcc/bin/../lib/gcc/riscv-nuclei-elf/10.2.0/../../../../riscv-nuclei-elf/lib/rv32imac/ilp32\libg_nano.a(lib_a-nano-vfprintf_i.o)
 .comment       0x0000000000000012       0x13 c:/users/michelle zhang/documents/nuclei/nucleistudio/toolchain/gcc/bin/../lib/gcc/riscv-nuclei-elf/10.2.0/../../../../riscv-nuclei-elf/lib/rv32imac/ilp32\libg_nano.a(lib_a-printf.o)
 .comment       0x0000000000000012       0x13 c:/users/michelle zhang/documents/nuclei/nucleistudio/toolchain/gcc/bin/../lib/gcc/riscv-nuclei-elf/10.2.0/../../../../riscv-nuclei-elf/lib/rv32imac/ilp32\libg_nano.a(lib_a-puts.o)
 .comment       0x0000000000000012       0x13 c:/users/michelle zhang/documents/nuclei/nucleistudio/toolchain/gcc/bin/../lib/gcc/riscv-nuclei-elf/10.2.0/../../../../riscv-nuclei-elf/lib/rv32imac/ilp32\libg_nano.a(lib_a-reent.o)
 .comment       0x0000000000000012       0x13 c:/users/michelle zhang/documents/nuclei/nucleistudio/toolchain/gcc/bin/../lib/gcc/riscv-nuclei-elf/10.2.0/../../../../riscv-nuclei-elf/lib/rv32imac/ilp32\libg_nano.a(lib_a-strlen.o)
 .comment       0x0000000000000012       0x13 c:/users/michelle zhang/documents/nuclei/nucleistudio/toolchain/gcc/bin/../lib/gcc/riscv-nuclei-elf/10.2.0/../../../../riscv-nuclei-elf/lib/rv32imac/ilp32\libg_nano.a(lib_a-sysisatty.o)
 .comment       0x0000000000000012       0x13 c:/users/michelle zhang/documents/nuclei/nucleistudio/toolchain/gcc/bin/../lib/gcc/riscv-nuclei-elf/10.2.0/../../../../riscv-nuclei-elf/lib/rv32imac/ilp32\libg_nano.a(lib_a-wbuf.o)
 .comment       0x0000000000000012       0x13 c:/users/michelle zhang/documents/nuclei/nucleistudio/toolchain/gcc/bin/../lib/gcc/riscv-nuclei-elf/10.2.0/../../../../riscv-nuclei-elf/lib/rv32imac/ilp32\libg_nano.a(lib_a-wsetup.o)
 .comment       0x0000000000000012       0x13 c:/users/michelle zhang/documents/nuclei/nucleistudio/toolchain/gcc/bin/../lib/gcc/riscv-nuclei-elf/10.2.0/../../../../riscv-nuclei-elf/lib/rv32imac/ilp32\libg_nano.a(lib_a-__atexit.o)
 .comment       0x0000000000000012       0x13 c:/users/michelle zhang/documents/nuclei/nucleistudio/toolchain/gcc/bin/../lib/gcc/riscv-nuclei-elf/10.2.0/../../../../riscv-nuclei-elf/lib/rv32imac/ilp32\libg_nano.a(lib_a-__call_atexit.o)
 .comment       0x0000000000000012       0x13 c:/users/michelle zhang/documents/nuclei/nucleistudio/toolchain/gcc/bin/../lib/gcc/riscv-nuclei-elf/10.2.0/../../../../riscv-nuclei-elf/lib/rv32imac/ilp32\libg_nano.a(lib_a-dtoa.o)
 .comment       0x0000000000000012       0x13 c:/users/michelle zhang/documents/nuclei/nucleistudio/toolchain/gcc/bin/../lib/gcc/riscv-nuclei-elf/10.2.0/../../../../riscv-nuclei-elf/lib/rv32imac/ilp32\libg_nano.a(lib_a-fflush.o)
 .comment       0x0000000000000012       0x13 c:/users/michelle zhang/documents/nuclei/nucleistudio/toolchain/gcc/bin/../lib/gcc/riscv-nuclei-elf/10.2.0/../../../../riscv-nuclei-elf/lib/rv32imac/ilp32\libg_nano.a(lib_a-findfp.o)
 .comment       0x0000000000000012       0x13 c:/users/michelle zhang/documents/nuclei/nucleistudio/toolchain/gcc/bin/../lib/gcc/riscv-nuclei-elf/10.2.0/../../../../riscv-nuclei-elf/lib/rv32imac/ilp32\libg_nano.a(lib_a-fwalk.o)
 .comment       0x0000000000000012       0x13 c:/users/michelle zhang/documents/nuclei/nucleistudio/toolchain/gcc/bin/../lib/gcc/riscv-nuclei-elf/10.2.0/../../../../riscv-nuclei-elf/lib/rv32imac/ilp32\libg_nano.a(lib_a-impure.o)
 .comment       0x0000000000000012       0x13 c:/users/michelle zhang/documents/nuclei/nucleistudio/toolchain/gcc/bin/../lib/gcc/riscv-nuclei-elf/10.2.0/../../../../riscv-nuclei-elf/lib/rv32imac/ilp32\libg_nano.a(lib_a-localeconv.o)
 .comment       0x0000000000000012       0x13 c:/users/michelle zhang/documents/nuclei/nucleistudio/toolchain/gcc/bin/../lib/gcc/riscv-nuclei-elf/10.2.0/../../../../riscv-nuclei-elf/lib/rv32imac/ilp32\libg_nano.a(lib_a-makebuf.o)
 .comment       0x0000000000000012       0x13 c:/users/michelle zhang/documents/nuclei/nucleistudio/toolchain/gcc/bin/../lib/gcc/riscv-nuclei-elf/10.2.0/../../../../riscv-nuclei-elf/lib/rv32imac/ilp32\libg_nano.a(lib_a-malloc.o)
 .comment       0x0000000000000012       0x13 c:/users/michelle zhang/documents/nuclei/nucleistudio/toolchain/gcc/bin/../lib/gcc/riscv-nuclei-elf/10.2.0/../../../../riscv-nuclei-elf/lib/rv32imac/ilp32\libg_nano.a(lib_a-memchr.o)
 .comment       0x0000000000000012       0x13 c:/users/michelle zhang/documents/nuclei/nucleistudio/toolchain/gcc/bin/../lib/gcc/riscv-nuclei-elf/10.2.0/../../../../riscv-nuclei-elf/lib/rv32imac/ilp32\libg_nano.a(lib_a-memcpy.o)
 .comment       0x0000000000000012       0x13 c:/users/michelle zhang/documents/nuclei/nucleistudio/toolchain/gcc/bin/../lib/gcc/riscv-nuclei-elf/10.2.0/../../../../riscv-nuclei-elf/lib/rv32imac/ilp32\libg_nano.a(lib_a-mprec.o)
 .comment       0x0000000000000012       0x13 c:/users/michelle zhang/documents/nuclei/nucleistudio/toolchain/gcc/bin/../lib/gcc/riscv-nuclei-elf/10.2.0/../../../../riscv-nuclei-elf/lib/rv32imac/ilp32\libg_nano.a(lib_a-nano-callocr.o)
 .comment       0x0000000000000012       0x13 c:/users/michelle zhang/documents/nuclei/nucleistudio/toolchain/gcc/bin/../lib/gcc/riscv-nuclei-elf/10.2.0/../../../../riscv-nuclei-elf/lib/rv32imac/ilp32\libg_nano.a(lib_a-nano-freer.o)
 .comment       0x0000000000000012       0x13 c:/users/michelle zhang/documents/nuclei/nucleistudio/toolchain/gcc/bin/../lib/gcc/riscv-nuclei-elf/10.2.0/../../../../riscv-nuclei-elf/lib/rv32imac/ilp32\libg_nano.a(lib_a-nano-mallocr.o)
 .comment       0x0000000000000012       0x13 c:/users/michelle zhang/documents/nuclei/nucleistudio/toolchain/gcc/bin/../lib/gcc/riscv-nuclei-elf/10.2.0/../../../../riscv-nuclei-elf/lib/rv32imac/ilp32\libg_nano.a(lib_a-nano-vfprintf.o)
 .comment       0x0000000000000012       0x13 c:/users/michelle zhang/documents/nuclei/nucleistudio/toolchain/gcc/bin/../lib/gcc/riscv-nuclei-elf/10.2.0/../../../../riscv-nuclei-elf/lib/rv32imac/ilp32\libg_nano.a(lib_a-sbrkr.o)
 .comment       0x0000000000000012       0x13 c:/users/michelle zhang/documents/nuclei/nucleistudio/toolchain/gcc/bin/../lib/gcc/riscv-nuclei-elf/10.2.0/../../../../riscv-nuclei-elf/lib/rv32imac/ilp32\libg_nano.a(lib_a-stdio.o)
 .comment       0x0000000000000012       0x13 c:/users/michelle zhang/documents/nuclei/nucleistudio/toolchain/gcc/bin/../lib/gcc/riscv-nuclei-elf/10.2.0/../../../../riscv-nuclei-elf/lib/rv32imac/ilp32\libg_nano.a(lib_a-writer.o)
 .comment       0x0000000000000012       0x13 c:/users/michelle zhang/documents/nuclei/nucleistudio/toolchain/gcc/bin/../lib/gcc/riscv-nuclei-elf/10.2.0/../../../../riscv-nuclei-elf/lib/rv32imac/ilp32\libg_nano.a(lib_a-assert.o)
 .comment       0x0000000000000012       0x13 c:/users/michelle zhang/documents/nuclei/nucleistudio/toolchain/gcc/bin/../lib/gcc/riscv-nuclei-elf/10.2.0/../../../../riscv-nuclei-elf/lib/rv32imac/ilp32\libg_nano.a(lib_a-closer.o)
 .comment       0x0000000000000012       0x13 c:/users/michelle zhang/documents/nuclei/nucleistudio/toolchain/gcc/bin/../lib/gcc/riscv-nuclei-elf/10.2.0/../../../../riscv-nuclei-elf/lib/rv32imac/ilp32\libg_nano.a(lib_a-fprintf.o)