Archive member included to satisfy reference by file (symbol)

c:/users/michelle zhang/documents/nuclei/nucleistudio/toolchain/gcc/bin/../lib/gcc/riscv-nuclei-elf/10.2.0/rv32imac/ilp32\libgcc.a(_divdi3.o)
                              ./hbird_sdk/SoC/hbird/Common/Source/Stubs/gettimeofday.o (__divdi3)
c:/users/michelle zhang/documents/nuclei/nucleistudio/toolchain/gcc/bin/../lib/gcc/riscv-nuclei-elf/10.2.0/rv32imac/ilp32\libgcc.a(_udivdi3.o)
                              ./hbird_sdk/SoC/hbird/Common/Source/Stubs/gettimeofday.o (__udivdi3)
c:/users/michelle zhang/documents/nuclei/nucleistudio/toolchain/gcc/bin/../lib/gcc/riscv-nuclei-elf/10.2.0/rv32imac/ilp32\libgcc.a(_umoddi3.o)
                              ./hbird_sdk/SoC/hbird/Common/Source/Stubs/gettimeofday.o (__umoddi3)
c:/users/michelle zhang/documents/nuclei/nucleistudio/toolchain/gcc/bin/../lib/gcc/riscv-nuclei-elf/10.2.0/rv32imac/ilp32\libgcc.a(_clz.o)
                              c:/users/michelle zhang/documents/nuclei/nucleistudio/toolchain/gcc/bin/../lib/gcc/riscv-nuclei-elf/10.2.0/rv32imac/ilp32\libgcc.a(_divdi3.o) (__clz_tab)
c:/users/michelle zhang/documents/nuclei/nucleistudio/toolchain/gcc/bin/../lib/gcc/riscv-nuclei-elf/10.2.0/../../../../riscv-nuclei-elf/lib/rv32imac/ilp32\libg_nano.a(lib_a-atexit.o)
                              ./hbird_sdk/SoC/hbird/Common/Source/GCC/startup_hbird.o (atexit)
c:/users/michelle zhang/documents/nuclei/nucleistudio/toolchain/gcc/bin/../lib/gcc/riscv-nuclei-elf/10.2.0/../../../../riscv-nuclei-elf/lib/rv32imac/ilp32\libg_nano.a(lib_a-fini.o)
                              ./hbird_sdk/SoC/hbird/Common/Source/GCC/startup_hbird.o (__libc_fini_array)
c:/users/michelle zhang/documents/nuclei/nucleistudio/toolchain/gcc/bin/../lib/gcc/riscv-nuclei-elf/10.2.0/../../../../riscv-nuclei-elf/lib/rv32imac/ilp32\libg_nano.a(lib_a-init.o)
                              ./hbird_sdk/SoC/hbird/Common/Source/GCC/startup_hbird.o (__libc_init_array)
c:/users/michelle zhang/documents/nuclei/nucleistudio/toolchain/gcc/bin/../lib/gcc/riscv-nuclei-elf/10.2.0/../../../../riscv-nuclei-elf/lib/rv32imac/ilp32\libg_nano.a(lib_a-nano-vfprintf_float.o)
                              (_printf_float)
c:/users/michelle zhang/documents/nuclei/nucleistudio/toolchain/gcc/bin/../lib/gcc/riscv-nuclei-elf/10.2.0/../../../../riscv-nuclei-elf/lib/rv32imac/ilp32\libg_nano.a(lib_a-nano-vfprintf_i.o)
                              c:/users/michelle zhang/documents/nuclei/nucleistudio/toolchain/gcc/bin/../lib/gcc/riscv-nuclei-elf/10.2.0/../../../../riscv-nuclei-elf/lib/rv32imac/ilp32\libg_nano.a(lib_a-nano-vfprintf_float.o) (_printf_common)
c:/users/michelle zhang/documents/nuclei/nucleistudio/toolchain/gcc/bin/../lib/gcc/riscv-nuclei-elf/10.2.0/../../../../riscv-nuclei-elf/lib/rv32imac/ilp32\libg_nano.a(lib_a-printf.o)
                              ./hbird_sdk/SoC/hbird/Common/Source/system_hbird.o (printf)
c:/users/michelle zhang/documents/nuclei/nucleistudio/toolchain/gcc/bin/../lib/gcc/riscv-nuclei-elf/10.2.0/../../../../riscv-nuclei-elf/lib/rv32imac/ilp32\libg_nano.a(lib_a-puts.o)
                              ./hbird_sdk/SoC/hbird/Common/Source/system_hbird.o (puts)
c:/users/michelle zhang/documents/nuclei/nucleistudio/toolchain/gcc/bin/../lib/gcc/riscv-nuclei-elf/10.2.0/../../../../riscv-nuclei-elf/lib/rv32imac/ilp32\libg_nano.a(lib_a-reent.o)
                              ./hbird_sdk/SoC/hbird/Common/Source/Stubs/close.o (errno)
c:/users/michelle zhang/documents/nuclei/nucleistudio/toolchain/gcc/bin/../lib/gcc/riscv-nuclei-elf/10.2.0/../../../../riscv-nuclei-elf/lib/rv32imac/ilp32\libg_nano.a(lib_a-strlen.o)
                              c:/users/michelle zhang/documents/nuclei/nucleistudio/toolchain/gcc/bin/../lib/gcc/riscv-nuclei-elf/10.2.0/../../../../riscv-nuclei-elf/lib/rv32imac/ilp32\libg_nano.a(lib_a-nano-vfprintf_float.o) (strlen)
c:/users/michelle zhang/documents/nuclei/nucleistudio/toolchain/gcc/bin/../lib/gcc/riscv-nuclei-elf/10.2.0/../../../../riscv-nuclei-elf/lib/rv32imac/ilp32\libg_nano.a(lib_a-sysisatty.o)
                              ./hbird_sdk/SoC/hbird/Common/Source/Stubs/write.o (isatty)
c:/users/michelle zhang/documents/nuclei/nucleistudio/toolchain/gcc/bin/../lib/gcc/riscv-nuclei-elf/10.2.0/../../../../riscv-nuclei-elf/lib/rv32imac/ilp32\libg_nano.a(lib_a-wbuf.o)
                              c:/users/michelle zhang/documents/nuclei/nucleistudio/toolchain/gcc/bin/../lib/gcc/riscv-nuclei-elf/10.2.0/../../../../riscv-nuclei-elf/lib/rv32imac/ilp32\libg_nano.a(lib_a-puts.o) (__swbuf_r)
c:/users/michelle zhang/documents/nuclei/nucleistudio/toolchain/gcc/bin/../lib/gcc/riscv-nuclei-elf/10.2.0/../../../../riscv-nuclei-elf/lib/rv32imac/ilp32\libg_nano.a(lib_a-wsetup.o)
                              c:/users/michelle zhang/documents/nuclei/nucleistudio/toolchain/gcc/bin/../lib/gcc/riscv-nuclei-elf/10.2.0/../../../../riscv-nuclei-elf/lib/rv32imac/ilp32\libg_nano.a(lib_a-puts.o) (__swsetup_r)
[...]
Memory Configuration

Name             Origin             Length             Attributes
ilm              0x0000000080000000 0x0000000000010000 axrl !w
ram              0x0000000090000000 0x0000000000010000 axw !rl
*default*        0x0000000000000000 0xffffffffffffffff

Linker script and memory map

LOAD ./hbird_sdk/SoC/hbird/Common/Source/Stubs/clock_getres.o
LOAD ./hbird_sdk/SoC/hbird/Common/Source/Stubs/clock_gettime.o
LOAD ./hbird_sdk/SoC/hbird/Common/Source/Stubs/clock_settime.o
LOAD ./hbird_sdk/SoC/hbird/Common/Source/Stubs/close.o
LOAD ./hbird_sdk/SoC/hbird/Common/Source/Stubs/execve.o
LOAD ./hbird_sdk/SoC/hbird/Common/Source/Stubs/exit.o
LOAD ./hbird_sdk/SoC/hbird/Common/Source/Stubs/fork.o
LOAD ./hbird_sdk/SoC/hbird/Common/Source/Stubs/fstat.o
LOAD ./hbird_sdk/SoC/hbird/Common/Source/Stubs/getpid.o
LOAD ./hbird_sdk/SoC/hbird/Common/Source/Stubs/gettimeofday.o
LOAD ./hbird_sdk/SoC/hbird/Common/Source/Stubs/isatty.o
LOAD ./hbird_sdk/SoC/hbird/Common/Source/Stubs/kill.o
LOAD ./hbird_sdk/SoC/hbird/Common/Source/Stubs/link.o
LOAD ./hbird_sdk/SoC/hbird/Common/Source/Stubs/lseek.o
LOAD ./hbird_sdk/SoC/hbird/Common/Source/Stubs/open.o
LOAD ./hbird_sdk/SoC/hbird/Common/Source/Stubs/read.o
LOAD ./hbird_sdk/SoC/hbird/Common/Source/Stubs/sbrk.o
LOAD ./hbird_sdk/SoC/hbird/Common/Source/Stubs/stat.o
LOAD ./hbird_sdk/SoC/hbird/Common/Source/Stubs/times.o
LOAD ./hbird_sdk/SoC/hbird/Common/Source/Stubs/unlink.o
LOAD ./hbird_sdk/SoC/hbird/Common/Source/Stubs/wait.o
LOAD ./hbird_sdk/SoC/hbird/Common/Source/Stubs/write.o
LOAD ./hbird_sdk/SoC/hbird/Common/Source/GCC/intexc_hbird.o
LOAD ./hbird_sdk/SoC/hbird/Common/Source/GCC/startup_hbird.o
LOAD ./hbird_sdk/SoC/hbird/Common/Source/Drivers/hbird_gpio.o
LOAD ./hbird_sdk/SoC/hbird/Common/Source/Drivers/hbird_uart.o
LOAD ./hbird_sdk/SoC/hbird/Common/Source/Drivers/htif.o
LOAD ./hbird_sdk/SoC/hbird/Common/Source/hbird_common.o
LOAD ./hbird_sdk/SoC/hbird/Common/Source/system_hbird.o
LOAD ./application/main.o
LOAD c:/users/michelle zhang/documents/nuclei/nucleistudio/toolchain/gcc/bin/../lib/gcc/riscv-nuclei-elf/10.2.0/../../../../riscv-nuclei-elf/lib/rv32imac/ilp32\libstdc++.a
LOAD c:/users/michelle zhang/documents/nuclei/nucleistudio/toolchain/gcc/bin/../lib/gcc/riscv-nuclei-elf/10.2.0/../../../../riscv-nuclei-elf/lib/rv32imac/ilp32\libstdc++.a
LOAD c:/users/michelle zhang/documents/nuclei/nucleistudio/toolchain/gcc/bin/../lib/gcc/riscv-nuclei-elf/10.2.0/../../../../riscv-nuclei-elf/lib/rv32imac/ilp32\libm_nano.a
LOAD c:/users/michelle zhang/documents/nuclei/nucleistudio/toolchain/gcc/bin/../lib/gcc/riscv-nuclei-elf/10.2.0/rv32imac/ilp32\libgcc.a
LOAD c:/users/michelle zhang/documents/nuclei/nucleistudio/toolchain/gcc/bin/../lib/gcc/riscv-nuclei-elf/10.2.0/../../../../riscv-nuclei-elf/lib/rv32imac/ilp32\libg_nano.a
LOAD c:/users/michelle zhang/documents/nuclei/nucleistudio/toolchain/gcc/bin/../lib/gcc/riscv-nuclei-elf/10.2.0/../../../../riscv-nuclei-elf/lib/rv32imac/ilp32\libc_nano.a
LOAD c:/users/michelle zhang/documents/nuclei/nucleistudio/toolchain/gcc/bin/../lib/gcc/riscv-nuclei-elf/10.2.0/rv32imac/ilp32\libgcc.a
START GROUP
LOAD c:/users/michelle zhang/documents/nuclei/nucleistudio/toolchain/gcc/bin/../lib/gcc/riscv-nuclei-elf/10.2.0/rv32imac/ilp32\libgcc.a
LOAD c:/users/michelle zhang/documents/nuclei/nucleistudio/toolchain/gcc/bin/../lib/gcc/riscv-nuclei-elf/10.2.0/../../../../riscv-nuclei-elf/lib/rv32imac/ilp32\libc_nano.a
LOAD c:/users/michelle zhang/documents/nuclei/nucleistudio/toolchain/gcc/bin/../lib/gcc/riscv-nuclei-elf/10.2.0/../../../../riscv-nuclei-elf/lib/rv32imac/ilp32\libnosys.a
END GROUP
START GROUP
LOAD c:/users/michelle zhang/documents/nuclei/nucleistudio/toolchain/gcc/bin/../lib/gcc/riscv-nuclei-elf/10.2.0/rv32imac/ilp32\libgcc.a
LOAD c:/users/michelle zhang/documents/nuclei/nucleistudio/toolchain/gcc/bin/../lib/gcc/riscv-nuclei-elf/10.2.0/../../../../riscv-nuclei-elf/lib/rv32imac/ilp32\libc_nano.a
LOAD c:/users/michelle zhang/documents/nuclei/nucleistudio/toolchain/gcc/bin/../lib/gcc/riscv-nuclei-elf/10.2.0/../../../../riscv-nuclei-elf/lib/rv32imac/ilp32\libnosys.a
END GROUP
                0x0000000000000800                __stack_size = DEFINED (__stack_size)?__stack_size:0x800

.init           0x0000000080000000       0xba
 *(.vtable)
 *(SORT_NONE(.init))
 .init          0x0000000080000000       0xba ./hbird_sdk/SoC/hbird/Common/Source/GCC/startup_hbird.o
                0x0000000080000000                _start

.ilalign        0x00000000800000ba        0x2
                0x00000000800000bc                . = ALIGN (0x4)
 *fill*         0x00000000800000ba        0x2 
                0x00000000800000bc                PROVIDE (_ilm_lma = .)

.ialign         0x00000000800000bc        0x0
                0x00000000800000bc                PROVIDE (_ilm = .)

.text           0x00000000800000c0     0x581a
 *(.text.unlikely .text.unlikely.*)
 *(.text.startup .text.startup.*)
 .text.startup.main
                0x00000000800000c0      0x112 ./application/main.o
                0x00000000800000c0                main
 *(.text .text.*)
 .text._close   0x00000000800001d2        0xa ./hbird_sdk/SoC/hbird/Common/Source/Stubs/close.o
                0x00000000800001d2                _close
 .text._exit    0x00000000800001dc        0x6 ./hbird_sdk/SoC/hbird/Common/Source/Stubs/exit.o
                0x00000000800001dc                _exit
 .text._fstat   0x00000000800001e2       0x1a ./hbird_sdk/SoC/hbird/Common/Source/Stubs/fstat.o
                0x00000000800001e2                _fstat
 .text._getpid  0x00000000800001fc        0x4 ./hbird_sdk/SoC/hbird/Common/Source/Stubs/getpid.o
                0x00000000800001fc                _getpid
 .text._isatty  0x0000000080000200        0x4 ./hbird_sdk/SoC/hbird/Common/Source/Stubs/isatty.o
                0x0000000080000200                _isatty
 .text._kill    0x0000000080000204        0xa ./hbird_sdk/SoC/hbird/Common/Source/Stubs/kill.o
                0x0000000080000204                _kill
 .text._lseek   0x000000008000020e        0x4 ./hbird_sdk/SoC/hbird/Common/Source/Stubs/lseek.o
                0x000000008000020e                _lseek
 .text._read    0x0000000080000212       0x22 ./hbird_sdk/SoC/hbird/Common/Source/Stubs/read.o
                0x0000000080000212                _read
 .text._sbrk    0x0000000080000234       0x2c ./hbird_sdk/SoC/hbird/Common/Source/Stubs/sbrk.o
                0x0000000080000234                _sbrk
 .text._write   0x0000000080000260       0x62 ./hbird_sdk/SoC/hbird/Common/Source/Stubs/write.o
                0x0000000080000260                _write
 *fill*         0x00000000800002c2       0x3e 
 .text.trap     0x0000000080000300       0x7c ./hbird_sdk/SoC/hbird/Common/Source/GCC/intexc_hbird.o
                0x0000000080000300                trap_entry
 .text.gpio_iof_config
                0x000000008000037c       0x4a ./hbird_sdk/SoC/hbird/Common/Source/Drivers/hbird_gpio.o
                0x000000008000037c                gpio_iof_config
 .text.uart_init
                0x00000000800003c6       0x2c ./hbird_sdk/SoC/hbird/Common/Source/Drivers/hbird_uart.o
                0x00000000800003c6                uart_init
 .text.uart_write
                0x00000000800003f2       0x12 ./hbird_sdk/SoC/hbird/Common/Source/Drivers/hbird_uart.o
                0x00000000800003f2                uart_write
 .text.uart_read
                0x0000000080000404       0x14 ./hbird_sdk/SoC/hbird/Common/Source/Drivers/hbird_uart.o
                0x0000000080000404                uart_read
 .text.measure_cpu_freq
                0x0000000080000418       0x68 ./hbird_sdk/SoC/hbird/Common/Source/hbird_common.o
                0x0000000080000418                measure_cpu_freq
 .text.get_cpu_freq
                0x0000000080000480       0x12 ./hbird_sdk/SoC/hbird/Common/Source/hbird_common.o
                0x0000000080000480                get_cpu_freq
 .text.delay_1ms
                0x0000000080000492       0x4e ./hbird_sdk/SoC/hbird/Common/Source/hbird_common.o
                0x0000000080000492                delay_1ms
 .text.system_default_exception_handler
                0x00000000800004e0       0x44 ./hbird_sdk/SoC/hbird/Common/Source/system_hbird.o
 .text.system_default_interrupt_handler
                0x0000000080000524       0x48 ./hbird_sdk/SoC/hbird/Common/Source/system_hbird.o
 .text.SystemInit
                0x000000008000056c       0x12 ./hbird_sdk/SoC/hbird/Common/Source/system_hbird.o
                0x000000008000056c                SystemInit
 .text.core_trap_handler
                0x000000008000057e       0x92 ./hbird_sdk/SoC/hbird/Common/Source/system_hbird.o
                0x000000008000057e                core_trap_handler
 .text.PLIC_Register_IRQ
                0x0000000080000610       0x50 ./hbird_sdk/SoC/hbird/Common/Source/system_hbird.o
                0x0000000080000610                PLIC_Register_IRQ
 .text._premain_init
                0x0000000080000660       0xfc ./hbird_sdk/SoC/hbird/Common/Source/system_hbird.o
                0x0000000080000660                _premain_init
 .text._postmain_fini
                0x000000008000075c        0x2 ./hbird_sdk/SoC/hbird/Common/Source/system_hbird.o
                0x000000008000075c                _postmain_fini
 .text._init    0x000000008000075e        0x2 ./hbird_sdk/SoC/hbird/Common/Source/system_hbird.o
                0x000000008000075e                _init
 .text._fini    0x0000000080000760        0x2 ./hbird_sdk/SoC/hbird/Common/Source/system_hbird.o
                0x0000000080000760                _fini
 .text.plic_CDMA_interrput_handler
                0x0000000080000762       0x96 ./application/main.o
                0x0000000080000762                plic_CDMA_interrput_handler
 .text          0x00000000800007f8      0x360 c:/users/michelle zhang/documents/nuclei/nucleistudio/toolchain/gcc/bin/../lib/gcc/riscv-nuclei-elf/10.2.0/rv32imac/ilp32\libgcc.a(_udivdi3.o)
                0x00000000800007f8                __udivdi3
 .text.atexit   0x0000000080000b58        0xc c:/users/michelle zhang/documents/nuclei/nucleistudio/toolchain/gcc/bin/../lib/gcc/riscv-nuclei-elf/10.2.0/../../../../riscv-nuclei-elf/lib/rv32imac/ilp32\libg_nano.a(lib_a-atexit.o)
                0x0000000080000b58                atexit
 .text.__libc_fini_array
                0x0000000080000b64       0x36 c:/users/michelle zhang/documents/nuclei/nucleistudio/toolchain/gcc/bin/../lib/gcc/riscv-nuclei-elf/10.2.0/../../../../riscv-nuclei-elf/lib/rv32imac/ilp32\libg_nano.a(lib_a-fini.o)
                0x0000000080000b64                __libc_fini_array
 .text.__libc_init_array
                0x0000000080000b9a       0x5e c:/users/michelle zhang/documents/nuclei/nucleistudio/toolchain/gcc/bin/../lib/gcc/riscv-nuclei-elf/10.2.0/../../../../riscv-nuclei-elf/lib/rv32imac/ilp32\libg_nano.a(lib_a-init.o)
                0x0000000080000b9a                __libc_init_array
 .text.__cvt    0x0000000080000bf8       0xec c:/users/michelle zhang/documents/nuclei/nucleistudio/toolchain/gcc/bin/../lib/gcc/riscv-nuclei-elf/10.2.0/../../../../riscv-nuclei-elf/lib/rv32imac/ilp32\libg_nano.a(lib_a-nano-vfprintf_float.o)
                0x0000000080000bf8                __cvt
 .text.__exponent
                0x0000000080000ce4       0x9c c:/users/michelle zhang/documents/nuclei/nucleistudio/toolchain/gcc/bin/../lib/gcc/riscv-nuclei-elf/10.2.0/../../../../riscv-nuclei-elf/lib/rv32imac/ilp32\libg_nano.a(lib_a-nano-vfprintf_float.o)
                0x0000000080000ce4                __exponent
 .text._printf_float
                0x0000000080000d80      0x4d4 c:/users/michelle zhang/documents/nuclei/nucleistudio/toolchain/gcc/bin/../lib/gcc/riscv-nuclei-elf/10.2.0/../../../../riscv-nuclei-elf/lib/rv32imac/ilp32\libg_nano.a(lib_a-nano-vfprintf_float.o)
                0x0000000080000d80                _printf_float
 .text._printf_common
                0x0000000080001254      0x10c c:/users/michelle zhang/documents/nuclei/nucleistudio/toolchain/gcc/bin/../lib/gcc/riscv-nuclei-elf/10.2.0/../../../../riscv-nuclei-elf/lib/rv32imac/ilp32\libg_nano.a(lib_a-nano-vfprintf_i.o)
                0x0000000080001254                _printf_common
 .text._printf_i
                0x0000000080001360      0x272 c:/users/michelle zhang/documents/nuclei/nucleistudio/toolchain/gcc/bin/../lib/gcc/riscv-nuclei-elf/10.2.0/../../../../riscv-nuclei-elf/lib/rv32imac/ilp32\libg_nano.a(lib_a-nano-vfprintf_i.o)
                0x0000000080001360                _printf_i
 .text.printf   0x00000000800015d2       0x3c c:/users/michelle zhang/documents/nuclei/nucleistudio/toolchain/gcc/bin/../lib/gcc/riscv-nuclei-elf/10.2.0/../../../../riscv-nuclei-elf/lib/rv32imac/ilp32\libg_nano.a(lib_a-printf.o)
                0x00000000800015d2                iprintf
                0x00000000800015d2                printf
 .text._puts_r  0x000000008000160e       0xde c:/users/michelle zhang/documents/nuclei/nucleistudio/toolchain/gcc/bin/../lib/gcc/riscv-nuclei-elf/10.2.0/../../../../riscv-nuclei-elf/lib/rv32imac/ilp32\libg_nano.a(lib_a-puts.o)
                0x000000008000160e                _puts_r
 .text.puts     0x00000000800016ec        0x8 c:/users/michelle zhang/documents/nuclei/nucleistudio/toolchain/gcc/bin/../lib/gcc/riscv-nuclei-elf/10.2.0/../../../../riscv-nuclei-elf/lib/rv32imac/ilp32\libg_nano.a(lib_a-puts.o)
                0x00000000800016ec                puts
 .text.strlen   0x00000000800016f4       0x12 c:/users/michelle zhang/documents/nuclei/nucleistudio/toolchain/gcc/bin/../lib/gcc/riscv-nuclei-elf/10.2.0/../../../../riscv-nuclei-elf/lib/rv32imac/ilp32\libg_nano.a(lib_a-strlen.o)
                0x00000000800016f4                strlen
 .text.isatty   0x0000000080001706        0x4 c:/users/michelle zhang/documents/nuclei/nucleistudio/toolchain/gcc/bin/../lib/gcc/riscv-nuclei-elf/10.2.0/../../../../riscv-nuclei-elf/lib/rv32imac/ilp32\libg_nano.a(lib_a-sysisatty.o)
                0x0000000080001706                isatty
 .text.__swbuf_r
                0x000000008000170a       0xc6 c:/users/michelle zhang/documents/nuclei/nucleistudio/toolchain/gcc/bin/../lib/gcc/riscv-nuclei-elf/10.2.0/../../../../riscv-nuclei-elf/lib/rv32imac/ilp32\libg_nano.a(lib_a-wbuf.o)
                0x000000008000170a                __swbuf_r
 .text.__swsetup_r
                0x00000000800017d0      0x10c c:/users/michelle zhang/documents/nuclei/nucleistudio/toolchain/gcc/bin/../lib/gcc/riscv-nuclei-elf/10.2.0/../../../../riscv-nuclei-elf/lib/rv32imac/ilp32\libg_nano.a(lib_a-wsetup.o)
                0x00000000800017d0                __swsetup_r
 .text.__register_exitproc
                0x00000000800018dc       0x74 c:/users/michelle zhang/documents/nuclei/nucleistudio/toolchain/gcc/bin/../lib/gcc/riscv-nuclei-elf/10.2.0/../../../../riscv-nuclei-elf/lib/rv32imac/ilp32\libg_nano.a(lib_a-__atexit.o)
                0x00000000800018dc                __register_exitproc
 .text.quorem   0x0000000080001950      0x12c c:/users/michelle zhang/documents/nuclei/nucleistudio/toolchain/gcc/bin/../lib/gcc/riscv-nuclei-elf/10.2.0/../../../../riscv-nuclei-elf/lib/rv32imac/ilp32\libg_nano.a(lib_a-dtoa.o)
 .text._dtoa_r  0x0000000080001a7c      0xc54 c:/users/michelle zhang/documents/nuclei/nucleistudio/toolchain/gcc/bin/../lib/gcc/riscv-nuclei-elf/10.2.0/../../../../riscv-nuclei-elf/lib/rv32imac/ilp32\libg_nano.a(lib_a-dtoa.o)
                0x0000000080001a7c                _dtoa_r
 .text.__sflush_r
                0x00000000800026d0      0x148 c:/users/michelle zhang/documents/nuclei/nucleistudio/toolchain/gcc/bin/../lib/gcc/riscv-nuclei-elf/10.2.0/../../../../riscv-nuclei-elf/lib/rv32imac/ilp32\libg_nano.a(lib_a-fflush.o)
                0x00000000800026d0                __sflush_r
 .text._fflush_r
                0x0000000080002818       0x64 c:/users/michelle zhang/documents/nuclei/nucleistudio/toolchain/gcc/bin/../lib/gcc/riscv-nuclei-elf/10.2.0/../../../../riscv-nuclei-elf/lib/rv32imac/ilp32\libg_nano.a(lib_a-fflush.o)
                0x0000000080002818                _fflush_r
 .text.std      0x000000008000287c       0x68 c:/users/michelle zhang/documents/nuclei/nucleistudio/toolchain/gcc/bin/../lib/gcc/riscv-nuclei-elf/10.2.0/../../../../riscv-nuclei-elf/lib/rv32imac/ilp32\libg_nano.a(lib_a-findfp.o)
 .text._cleanup_r
                0x00000000800028e4        0xa c:/users/michelle zhang/documents/nuclei/nucleistudio/toolchain/gcc/bin/../lib/gcc/riscv-nuclei-elf/10.2.0/../../../../riscv-nuclei-elf/lib/rv32imac/ilp32\libg_nano.a(lib_a-findfp.o)
                0x00000000800028e4                _cleanup_r
 .text.__sfmoreglue
                0x00000000800028ee       0x46 c:/users/michelle zhang/documents/nuclei/nucleistudio/toolchain/gcc/bin/../lib/gcc/riscv-nuclei-elf/10.2.0/../../../../riscv-nuclei-elf/lib/rv32imac/ilp32\libg_nano.a(lib_a-findfp.o)
                0x00000000800028ee                __sfmoreglue
 .text.__sinit  0x0000000080002934       0x66 c:/users/michelle zhang/documents/nuclei/nucleistudio/toolchain/gcc/bin/../lib/gcc/riscv-nuclei-elf/10.2.0/../../../../riscv-nuclei-elf/lib/rv32imac/ilp32\libg_nano.a(lib_a-findfp.o)
                0x0000000080002934                __sinit
 .text.__sfp    0x000000008000299a       0x98 c:/users/michelle zhang/documents/nuclei/nucleistudio/toolchain/gcc/bin/../lib/gcc/riscv-nuclei-elf/10.2.0/../../../../riscv-nuclei-elf/lib/rv32imac/ilp32\libg_nano.a(lib_a-findfp.o)
                0x000000008000299a                __sfp
 .text._fwalk_reent
                0x0000000080002a32       0x6a c:/users/michelle zhang/documents/nuclei/nucleistudio/toolchain/gcc/bin/../lib/gcc/riscv-nuclei-elf/10.2.0/../../../../riscv-nuclei-elf/lib/rv32imac/ilp32\libg_nano.a(lib_a-fwalk.o)
                0x0000000080002a32                _fwalk_reent
 .text._localeconv_r
                0x0000000080002a9c        0xa c:/users/michelle zhang/documents/nuclei/nucleistudio/toolchain/gcc/bin/../lib/gcc/riscv-nuclei-elf/10.2.0/../../../../riscv-nuclei-elf/lib/rv32imac/ilp32\libg_nano.a(lib_a-localeconv.o)
                0x0000000080002a9c                _localeconv_r
 .text.__swhatbuf_r
                0x0000000080002aa6       0x5c c:/users/michelle zhang/documents/nuclei/nucleistudio/toolchain/gcc/bin/../lib/gcc/riscv-nuclei-elf/10.2.0/../../../../riscv-nuclei-elf/lib/rv32imac/ilp32\libg_nano.a(lib_a-makebuf.o)
                0x0000000080002aa6                __swhatbuf_r
 .text.__smakebuf_r
                0x0000000080002b02       0xa0 c:/users/michelle zhang/documents/nuclei/nucleistudio/toolchain/gcc/bin/../lib/gcc/riscv-nuclei-elf/10.2.0/../../../../riscv-nuclei-elf/lib/rv32imac/ilp32\libg_nano.a(lib_a-makebuf.o)
                0x0000000080002b02                __smakebuf_r
 .text.malloc   0x0000000080002ba2        0xa c:/users/michelle zhang/documents/nuclei/nucleistudio/toolchain/gcc/bin/../lib/gcc/riscv-nuclei-elf/10.2.0/../../../../riscv-nuclei-elf/lib/rv32imac/ilp32\libg_nano.a(lib_a-malloc.o)
                0x0000000080002ba2                malloc
 .text.memchr   0x0000000080002bac       0x1a c:/users/michelle zhang/documents/nuclei/nucleistudio/toolchain/gcc/bin/../lib/gcc/riscv-nuclei-elf/10.2.0/../../../../riscv-nuclei-elf/lib/rv32imac/ilp32\libg_nano.a(lib_a-memchr.o)
                0x0000000080002bac                memchr
 .text.memcpy   0x0000000080002bc6       0xdc c:/users/michelle zhang/documents/nuclei/nucleistudio/toolchain/gcc/bin/../lib/gcc/riscv-nuclei-elf/10.2.0/../../../../riscv-nuclei-elf/lib/rv32imac/ilp32\libg_nano.a(lib_a-memcpy.o)
                0x0000000080002bc6                memcpy
 .text          0x0000000080002ca2       0xa8 c:/users/michelle zhang/documents/nuclei/nucleistudio/toolchain/gcc/bin/../lib/gcc/riscv-nuclei-elf/10.2.0/../../../../riscv-nuclei-elf/lib/rv32imac/ilp32\libg_nano.a(lib_a-memset.o)
                0x0000000080002ca2                memset
 .text._Balloc  0x0000000080002d4a       0xac c:/users/michelle zhang/documents/nuclei/nucleistudio/toolchain/gcc/bin/../lib/gcc/riscv-nuclei-elf/10.2.0/../../../../riscv-nuclei-elf/lib/rv32imac/ilp32\libg_nano.a(lib_a-mprec.o)
                0x0000000080002d4a                _Balloc
 .text._Bfree   0x0000000080002df6       0x60 c:/users/michelle zhang/documents/nuclei/nucleistudio/toolchain/gcc/bin/../lib/gcc/riscv-nuclei-elf/10.2.0/../../../../riscv-nuclei-elf/lib/rv32imac/ilp32\libg_nano.a(lib_a-mprec.o)
                0x0000000080002df6                _Bfree
 .text.__multadd
                0x0000000080002e56       0xba c:/users/michelle zhang/documents/nuclei/nucleistudio/toolchain/gcc/bin/../lib/gcc/riscv-nuclei-elf/10.2.0/../../../../riscv-nuclei-elf/lib/rv32imac/ilp32\libg_nano.a(lib_a-mprec.o)
                0x0000000080002e56                __multadd
 .text.__hi0bits
                0x0000000080002f10       0x46 c:/users/michelle zhang/documents/nuclei/nucleistudio/toolchain/gcc/bin/../lib/gcc/riscv-nuclei-elf/10.2.0/../../../../riscv-nuclei-elf/lib/rv32imac/ilp32\libg_nano.a(lib_a-mprec.o)
                0x0000000080002f10                __hi0bits
 .text.__lo0bits
                0x0000000080002f56       0x6a c:/users/michelle zhang/documents/nuclei/nucleistudio/toolchain/gcc/bin/../lib/gcc/riscv-nuclei-elf/10.2.0/../../../../riscv-nuclei-elf/lib/rv32imac/ilp32\libg_nano.a(lib_a-mprec.o)
                0x0000000080002f56                __lo0bits
 .text.__i2b    0x0000000080002fc0       0x36 c:/users/michelle zhang/documents/nuclei/nucleistudio/toolchain/gcc/bin/../lib/gcc/riscv-nuclei-elf/10.2.0/../../../../riscv-nuclei-elf/lib/rv32imac/ilp32\libg_nano.a(lib_a-mprec.o)
                0x0000000080002fc0                __i2b
 .text.__multiply
                0x0000000080002ff6      0x17e c:/users/michelle zhang/documents/nuclei/nucleistudio/toolchain/gcc/bin/../lib/gcc/riscv-nuclei-elf/10.2.0/../../../../riscv-nuclei-elf/lib/rv32imac/ilp32\libg_nano.a(lib_a-mprec.o)
                0x0000000080002ff6                __multiply
 .text.__pow5mult
                0x0000000080003174       0xd0 c:/users/michelle zhang/documents/nuclei/nucleistudio/toolchain/gcc/bin/../lib/gcc/riscv-nuclei-elf/10.2.0/../../../../riscv-nuclei-elf/lib/rv32imac/ilp32\libg_nano.a(lib_a-mprec.o)
                0x0000000080003174                __pow5mult
 .text.__lshift
                0x0000000080003244      0x104 c:/users/michelle zhang/documents/nuclei/nucleistudio/toolchain/gcc/bin/../lib/gcc/riscv-nuclei-elf/10.2.0/../../../../riscv-nuclei-elf/lib/rv32imac/ilp32\libg_nano.a(lib_a-mprec.o)
                0x0000000080003244                __lshift
 .text.__mcmp   0x0000000080003348       0x36 c:/users/michelle zhang/documents/nuclei/nucleistudio/toolchain/gcc/bin/../lib/gcc/riscv-nuclei-elf/10.2.0/../../../../riscv-nuclei-elf/lib/rv32imac/ilp32\libg_nano.a(lib_a-mprec.o)
                0x0000000080003348                __mcmp
 .text.__mdiff  0x000000008000337e      0x15c c:/users/michelle zhang/documents/nuclei/nucleistudio/toolchain/gcc/bin/../lib/gcc/riscv-nuclei-elf/10.2.0/../../../../riscv-nuclei-elf/lib/rv32imac/ilp32\libg_nano.a(lib_a-mprec.o)
                0x000000008000337e                __mdiff
 .text.__d2b    0x00000000800034da       0xee c:/users/michelle zhang/documents/nuclei/nucleistudio/toolchain/gcc/bin/../lib/gcc/riscv-nuclei-elf/10.2.0/../../../../riscv-nuclei-elf/lib/rv32imac/ilp32\libg_nano.a(lib_a-mprec.o)
                0x00000000800034da                __d2b
 .text._calloc_r
                0x00000000800035c8       0x36 c:/users/michelle zhang/documents/nuclei/nucleistudio/toolchain/gcc/bin/../lib/gcc/riscv-nuclei-elf/10.2.0/../../../../riscv-nuclei-elf/lib/rv32imac/ilp32\libg_nano.a(lib_a-nano-callocr.o)
                0x00000000800035c8                _calloc_r
 .text._free_r  0x00000000800035fe       0x9e c:/users/michelle zhang/documents/nuclei/nucleistudio/toolchain/gcc/bin/../lib/gcc/riscv-nuclei-elf/10.2.0/../../../../riscv-nuclei-elf/lib/rv32imac/ilp32\libg_nano.a(lib_a-nano-freer.o)
                0x00000000800035fe                _free_r
 .text._malloc_r
                0x000000008000369c       0xd0 c:/users/michelle zhang/documents/nuclei/nucleistudio/toolchain/gcc/bin/../lib/gcc/riscv-nuclei-elf/10.2.0/../../../../riscv-nuclei-elf/lib/rv32imac/ilp32\libg_nano.a(lib_a-nano-mallocr.o)
                0x000000008000369c                _malloc_r
 .text.__sfputc_r
                0x000000008000376c       0x2a c:/users/michelle zhang/documents/nuclei/nucleistudio/toolchain/gcc/bin/../lib/gcc/riscv-nuclei-elf/10.2.0/../../../../riscv-nuclei-elf/lib/rv32imac/ilp32\libg_nano.a(lib_a-nano-vfprintf.o)
 .text.__sfputs_r
                0x0000000080003796       0x42 c:/users/michelle zhang/documents/nuclei/nucleistudio/toolchain/gcc/bin/../lib/gcc/riscv-nuclei-elf/10.2.0/../../../../riscv-nuclei-elf/lib/rv32imac/ilp32\libg_nano.a(lib_a-nano-vfprintf.o)
                0x0000000080003796                __sfputs_r
 .text._vfprintf_r
                0x00000000800037d8      0x29e c:/users/michelle zhang/documents/nuclei/nucleistudio/toolchain/gcc/bin/../lib/gcc/riscv-nuclei-elf/10.2.0/../../../../riscv-nuclei-elf/lib/rv32imac/ilp32\libg_nano.a(lib_a-nano-vfprintf.o)
                0x00000000800037d8                _vfprintf_r
                0x00000000800037d8                _vfiprintf_r
 .text._sbrk_r  0x0000000080003a76       0x28 c:/users/michelle zhang/documents/nuclei/nucleistudio/toolchain/gcc/bin/../lib/gcc/riscv-nuclei-elf/10.2.0/../../../../riscv-nuclei-elf/lib/rv32imac/ilp32\libg_nano.a(lib_a-sbrkr.o)
                0x0000000080003a76                _sbrk_r
 .text.__sread  0x0000000080003a9e       0x30 c:/users/michelle zhang/documents/nuclei/nucleistudio/toolchain/gcc/bin/../lib/gcc/riscv-nuclei-elf/10.2.0/../../../../riscv-nuclei-elf/lib/rv32imac/ilp32\libg_nano.a(lib_a-stdio.o)
                0x0000000080003a9e                __sread
 .text.__swrite
                0x0000000080003ace       0x4e c:/users/michelle zhang/documents/nuclei/nucleistudio/toolchain/gcc/bin/../lib/gcc/riscv-nuclei-elf/10.2.0/../../../../riscv-nuclei-elf/lib/rv32imac/ilp32\libg_nano.a(lib_a-stdio.o)
                0x0000000080003ace                __swrite
 .text.__sseek  0x0000000080003b1c       0x36 c:/users/michelle zhang/documents/nuclei/nucleistudio/toolchain/gcc/bin/../lib/gcc/riscv-nuclei-elf/10.2.0/../../../../riscv-nuclei-elf/lib/rv32imac/ilp32\libg_nano.a(lib_a-stdio.o)
                0x0000000080003b1c                __sseek
 .text.__sclose
                0x0000000080003b52        0x6 c:/users/michelle zhang/documents/nuclei/nucleistudio/toolchain/gcc/bin/../lib/gcc/riscv-nuclei-elf/10.2.0/../../../../riscv-nuclei-elf/lib/rv32imac/ilp32\libg_nano.a(lib_a-stdio.o)
                0x0000000080003b52                __sclose
 .text._write_r
                0x0000000080003b58       0x2c c:/users/michelle zhang/documents/nuclei/nucleistudio/toolchain/gcc/bin/../lib/gcc/riscv-nuclei-elf/10.2.0/../../../../riscv-nuclei-elf/lib/rv32imac/ilp32\libg_nano.a(lib_a-writer.o)
                0x0000000080003b58                _write_r
 .text.__assert_func
                0x0000000080003b84       0x36 c:/users/michelle zhang/documents/nuclei/nucleistudio/toolchain/gcc/bin/../lib/gcc/riscv-nuclei-elf/10.2.0/../../../../riscv-nuclei-elf/lib/rv32imac/ilp32\libg_nano.a(lib_a-assert.o)
                0x0000000080003b84                __assert_func
 .text._close_r
                0x0000000080003bba       0x28 c:/users/michelle zhang/documents/nuclei/nucleistudio/toolchain/gcc/bin/../lib/gcc/riscv-nuclei-elf/10.2.0/../../../../riscv-nuclei-elf/lib/rv32imac/ilp32\libg_nano.a(lib_a-closer.o)
                0x0000000080003bba                _close_r
 .text.fprintf  0x0000000080003be2       0x26 c:/users/michelle zhang/documents/nuclei/nucleistudio/toolchain/gcc/bin/../lib/gcc/riscv-nuclei-elf/10.2.0/../../../../riscv-nuclei-elf/lib/rv32imac/ilp32\libg_nano.a(lib_a-fprintf.o)
                0x0000000080003be2                fiprintf
                0x0000000080003be2                fprintf
 .text._fstat_r
                0x0000000080003c08       0x2a c:/users/michelle zhang/documents/nuclei/nucleistudio/toolchain/gcc/bin/../lib/gcc/riscv-nuclei-elf/10.2.0/../../../../riscv-nuclei-elf/lib/rv32imac/ilp32\libg_nano.a(lib_a-fstatr.o)
                0x0000000080003c08                _fstat_r
 .text._isatty_r
                0x0000000080003c32       0x28 c:/users/michelle zhang/documents/nuclei/nucleistudio/toolchain/gcc/bin/../lib/gcc/riscv-nuclei-elf/10.2.0/../../../../riscv-nuclei-elf/lib/rv32imac/ilp32\libg_nano.a(lib_a-isattyr.o)
                0x0000000080003c32                _isatty_r
 .text._lseek_r
                0x0000000080003c5a       0x2c c:/users/michelle zhang/documents/nuclei/nucleistudio/toolchain/gcc/bin/../lib/gcc/riscv-nuclei-elf/10.2.0/../../../../riscv-nuclei-elf/lib/rv32imac/ilp32\libg_nano.a(lib_a-lseekr.o)
                0x0000000080003c5a                _lseek_r
 .text.__ascii_mbtowc
                0x0000000080003c86       0x3a c:/users/michelle zhang/documents/nuclei/nucleistudio/toolchain/gcc/bin/../lib/gcc/riscv-nuclei-elf/10.2.0/../../../../riscv-nuclei-elf/lib/rv32imac/ilp32\libg_nano.a(lib_a-mbtowc_r.o)
                0x0000000080003c86                __ascii_mbtowc
 .text.__malloc_lock
                0x0000000080003cc0        0x2 c:/users/michelle zhang/documents/nuclei/nucleistudio/toolchain/gcc/bin/../lib/gcc/riscv-nuclei-elf/10.2.0/../../../../riscv-nuclei-elf/lib/rv32imac/ilp32\libg_nano.a(lib_a-mlock.o)
                0x0000000080003cc0                __malloc_lock
 .text.__malloc_unlock
                0x0000000080003cc2        0x2 c:/users/michelle zhang/documents/nuclei/nucleistudio/toolchain/gcc/bin/../lib/gcc/riscv-nuclei-elf/10.2.0/../../../../riscv-nuclei-elf/lib/rv32imac/ilp32\libg_nano.a(lib_a-mlock.o)
                0x0000000080003cc2                __malloc_unlock
 .text._read_r  0x0000000080003cc4       0x2c c:/users/michelle zhang/documents/nuclei/nucleistudio/toolchain/gcc/bin/../lib/gcc/riscv-nuclei-elf/10.2.0/../../../../riscv-nuclei-elf/lib/rv32imac/ilp32\libg_nano.a(lib_a-readr.o)
                0x0000000080003cc4                _read_r
 .text.__ascii_wctomb
                0x0000000080003cf0       0x20 c:/users/michelle zhang/documents/nuclei/nucleistudio/toolchain/gcc/bin/../lib/gcc/riscv-nuclei-elf/10.2.0/../../../../riscv-nuclei-elf/lib/rv32imac/ilp32\libg_nano.a(lib_a-wctomb_r.o)
                0x0000000080003cf0                __ascii_wctomb
 .text.abort    0x0000000080003d10        0xe c:/users/michelle zhang/documents/nuclei/nucleistudio/toolchain/gcc/bin/../lib/gcc/riscv-nuclei-elf/10.2.0/../../../../riscv-nuclei-elf/lib/rv32imac/ilp32\libg_nano.a(lib_a-abort.o)
                0x0000000080003d10                abort
 .text._raise_r
                0x0000000080003d1e       0x62 c:/users/michelle zhang/documents/nuclei/nucleistudio/toolchain/gcc/bin/../lib/gcc/riscv-nuclei-elf/10.2.0/../../../../riscv-nuclei-elf/lib/rv32imac/ilp32\libg_nano.a(lib_a-signal.o)
                0x0000000080003d1e                _raise_r
 .text.raise    0x0000000080003d80        0x8 c:/users/michelle zhang/documents/nuclei/nucleistudio/toolchain/gcc/bin/../lib/gcc/riscv-nuclei-elf/10.2.0/../../../../riscv-nuclei-elf/lib/rv32imac/ilp32\libg_nano.a(lib_a-signal.o)
                0x0000000080003d80                raise
 .text._kill_r  0x0000000080003d88       0x2a c:/users/michelle zhang/documents/nuclei/nucleistudio/toolchain/gcc/bin/../lib/gcc/riscv-nuclei-elf/10.2.0/../../../../riscv-nuclei-elf/lib/rv32imac/ilp32\libg_nano.a(lib_a-signalr.o)
                0x0000000080003d88                _kill_r
 .text._getpid_r
                0x0000000080003db2        0x4 c:/users/michelle zhang/documents/nuclei/nucleistudio/toolchain/gcc/bin/../lib/gcc/riscv-nuclei-elf/10.2.0/../../../../riscv-nuclei-elf/lib/rv32imac/ilp32\libg_nano.a(lib_a-signalr.o)
                0x0000000080003db2                _getpid_r
 .text          0x0000000080003db6      0x60a c:/users/michelle zhang/documents/nuclei/nucleistudio/toolchain/gcc/bin/../lib/gcc/riscv-nuclei-elf/10.2.0/rv32imac/ilp32\libgcc.a(adddf3.o)
                0x0000000080003db6                __adddf3
 .text          0x00000000800043c0      0x540 c:/users/michelle zhang/documents/nuclei/nucleistudio/toolchain/gcc/bin/../lib/gcc/riscv-nuclei-elf/10.2.0/rv32imac/ilp32\libgcc.a(divdf3.o)
                0x00000000800043c0                __divdf3
 .text          0x0000000080004900       0x6a c:/users/michelle zhang/documents/nuclei/nucleistudio/toolchain/gcc/bin/../lib/gcc/riscv-nuclei-elf/10.2.0/rv32imac/ilp32\libgcc.a(eqdf2.o)
                0x0000000080004900                __nedf2
                0x0000000080004900                __eqdf2
 .text          0x000000008000496a       0xa6 c:/users/michelle zhang/documents/nuclei/nucleistudio/toolchain/gcc/bin/../lib/gcc/riscv-nuclei-elf/10.2.0/rv32imac/ilp32\libgcc.a(gedf2.o)
                0x000000008000496a                __gedf2
                0x000000008000496a                __gtdf2
 .text          0x0000000080004a10       0xa6 c:/users/michelle zhang/documents/nuclei/nucleistudio/toolchain/gcc/bin/../lib/gcc/riscv-nuclei-elf/10.2.0/rv32imac/ilp32\libgcc.a(ledf2.o)
                0x0000000080004a10                __ledf2
                0x0000000080004a10                __ltdf2
 .text          0x0000000080004ab6      0x442 c:/users/michelle zhang/documents/nuclei/nucleistudio/toolchain/gcc/bin/../lib/gcc/riscv-nuclei-elf/10.2.0/rv32imac/ilp32\libgcc.a(muldf3.o)
                0x0000000080004ab6                __muldf3
 .text          0x0000000080004ef8      0x618 c:/users/michelle zhang/documents/nuclei/nucleistudio/toolchain/gcc/bin/../lib/gcc/riscv-nuclei-elf/10.2.0/rv32imac/ilp32\libgcc.a(subdf3.o)
                0x0000000080004ef8                __subdf3
 .text          0x0000000080005510       0x3a c:/users/michelle zhang/documents/nuclei/nucleistudio/toolchain/gcc/bin/../lib/gcc/riscv-nuclei-elf/10.2.0/rv32imac/ilp32\libgcc.a(unorddf2.o)
                0x0000000080005510                __unorddf2
 .text          0x000000008000554a       0x64 c:/users/michelle zhang/documents/nuclei/nucleistudio/toolchain/gcc/bin/../lib/gcc/riscv-nuclei-elf/10.2.0/rv32imac/ilp32\libgcc.a(fixdfsi.o)
                0x000000008000554a                __fixdfsi
 .text          0x00000000800055ae       0x66 c:/users/michelle zhang/documents/nuclei/nucleistudio/toolchain/gcc/bin/../lib/gcc/riscv-nuclei-elf/10.2.0/rv32imac/ilp32\libgcc.a(floatsidf.o)
                0x00000000800055ae                __floatsidf
 .text          0x0000000080005614       0x4e c:/users/michelle zhang/documents/nuclei/nucleistudio/toolchain/gcc/bin/../lib/gcc/riscv-nuclei-elf/10.2.0/rv32imac/ilp32\libgcc.a(floatunsidf.o)
                0x0000000080005614                __floatunsidf
 .text          0x0000000080005662      0x23c c:/users/michelle zhang/documents/nuclei/nucleistudio/toolchain/gcc/bin/../lib/gcc/riscv-nuclei-elf/10.2.0/rv32imac/ilp32\libgcc.a(trunctfdf2.o)
                0x0000000080005662                __trunctfdf2
 .text          0x000000008000589e       0x3c c:/users/michelle zhang/documents/nuclei/nucleistudio/toolchain/gcc/bin/../lib/gcc/riscv-nuclei-elf/10.2.0/rv32imac/ilp32\libgcc.a(_clzsi2.o)
                0x000000008000589e                __clzsi2
 *(.gnu.linkonce.t.*)

.rodata         0x00000000800058e0      0x794
                0x00000000800058e0                . = ALIGN (0x4)
 *(.rdata)
 *(.rodata .rodata.*)
 .rodata.system_default_exception_handler.str1.4
                0x00000000800058e0       0x44 ./hbird_sdk/SoC/hbird/Common/Source/system_hbird.o
 .rodata.system_default_interrupt_handler.str1.4
                0x0000000080005924       0x13 ./hbird_sdk/SoC/hbird/Common/Source/system_hbird.o
 *fill*         0x0000000080005937        0x1 
 .rodata.SystemBannerPrint.str1.4
                0x0000000080005938       0x6f ./hbird_sdk/SoC/hbird/Common/Source/system_hbird.o
 *fill*         0x00000000800059a7        0x1 
 .rodata.plic_CDMA_interrput_handler.str1.4
                0x00000000800059a8       0x7f ./application/main.o
 *fill*         0x0000000080005a27        0x1 
 .rodata.main.str1.4
                0x0000000080005a28       0x97 ./application/main.o
 *fill*         0x0000000080005abf        0x1 
 .rodata        0x0000000080005ac0      0x100 c:/users/michelle zhang/documents/nuclei/nucleistudio/toolchain/gcc/bin/../lib/gcc/riscv-nuclei-elf/10.2.0/rv32imac/ilp32\libgcc.a(_clz.o)
                0x0000000080005ac0                __clz_tab
 .rodata._printf_float.str1.4
                0x0000000080005bc0       0x12 c:/users/michelle zhang/documents/nuclei/nucleistudio/toolchain/gcc/bin/../lib/gcc/riscv-nuclei-elf/10.2.0/../../../../riscv-nuclei-elf/lib/rv32imac/ilp32\libg_nano.a(lib_a-nano-vfprintf_float.o)
 *fill*         0x0000000080005bd2        0x2 
 .rodata._printf_i.str1.4
                0x0000000080005bd4       0x25 c:/users/michelle zhang/documents/nuclei/nucleistudio/toolchain/gcc/bin/../lib/gcc/riscv-nuclei-elf/10.2.0/../../../../riscv-nuclei-elf/lib/rv32imac/ilp32\libg_nano.a(lib_a-nano-vfprintf_i.o)
 *fill*         0x0000000080005bf9        0x3 
 .rodata._printf_i
                0x0000000080005bfc       0x58 c:/users/michelle zhang/documents/nuclei/nucleistudio/toolchain/gcc/bin/../lib/gcc/riscv-nuclei-elf/10.2.0/../../../../riscv-nuclei-elf/lib/rv32imac/ilp32\libg_nano.a(lib_a-nano-vfprintf_i.o)
 .rodata._dtoa_r.str1.4
                0x0000000080005c54       0x8d c:/users/michelle zhang/documents/nuclei/nucleistudio/toolchain/gcc/bin/../lib/gcc/riscv-nuclei-elf/10.2.0/../../../../riscv-nuclei-elf/lib/rv32imac/ilp32\libg_nano.a(lib_a-dtoa.o)
                                         0x91 (size before relaxing)
 *fill*         0x0000000080005ce1        0x3 
 .rodata.__sf_fake_stderr
                0x0000000080005ce4       0x20 c:/users/michelle zhang/documents/nuclei/nucleistudio/toolchain/gcc/bin/../lib/gcc/riscv-nuclei-elf/10.2.0/../../../../riscv-nuclei-elf/lib/rv32imac/ilp32\libg_nano.a(lib_a-findfp.o)
                0x0000000080005ce4                __sf_fake_stderr
 .rodata.__sf_fake_stdin
                0x0000000080005d04       0x20 c:/users/michelle zhang/documents/nuclei/nucleistudio/toolchain/gcc/bin/../lib/gcc/riscv-nuclei-elf/10.2.0/../../../../riscv-nuclei-elf/lib/rv32imac/ilp32\libg_nano.a(lib_a-findfp.o)
                0x0000000080005d04                __sf_fake_stdin
 .rodata.__sf_fake_stdout
                0x0000000080005d24       0x20 c:/users/michelle zhang/documents/nuclei/nucleistudio/toolchain/gcc/bin/../lib/gcc/riscv-nuclei-elf/10.2.0/../../../../riscv-nuclei-elf/lib/rv32imac/ilp32\libg_nano.a(lib_a-findfp.o)
                0x0000000080005d24                __sf_fake_stdout
 .rodata._Balloc.str1.4
                0x0000000080005d44       0x52 c:/users/michelle zhang/documents/nuclei/nucleistudio/toolchain/gcc/bin/../lib/gcc/riscv-nuclei-elf/10.2.0/../../../../riscv-nuclei-elf/lib/rv32imac/ilp32\libg_nano.a(lib_a-mprec.o)
                                         0x6a (size before relaxing)
 .rodata.__multadd.str1.4
                0x0000000080005d96       0x11 c:/users/michelle zhang/documents/nuclei/nucleistudio/toolchain/gcc/bin/../lib/gcc/riscv-nuclei-elf/10.2.0/../../../../riscv-nuclei-elf/lib/rv32imac/ilp32\libg_nano.a(lib_a-mprec.o)
 *fill*         0x0000000080005d96        0x2 
 .rodata.__mprec_bigtens
                0x0000000080005d98       0x28 c:/users/michelle zhang/documents/nuclei/nucleistudio/toolchain/gcc/bin/../lib/gcc/riscv-nuclei-elf/10.2.0/../../../../riscv-nuclei-elf/lib/rv32imac/ilp32\libg_nano.a(lib_a-mprec.o)
                0x0000000080005d98                __mprec_bigtens
 .rodata.__mprec_tens
                0x0000000080005dc0       0xc8 c:/users/michelle zhang/documents/nuclei/nucleistudio/toolchain/gcc/bin/../lib/gcc/riscv-nuclei-elf/10.2.0/../../../../riscv-nuclei-elf/lib/rv32imac/ilp32\libg_nano.a(lib_a-mprec.o)
                0x0000000080005dc0                __mprec_tens
 .rodata.p05.0  0x0000000080005e88        0xc c:/users/michelle zhang/documents/nuclei/nucleistudio/toolchain/gcc/bin/../lib/gcc/riscv-nuclei-elf/10.2.0/../../../../riscv-nuclei-elf/lib/rv32imac/ilp32\libg_nano.a(lib_a-mprec.o)
 .rodata._vfprintf_r.str1.4
                0x0000000080005e94       0x13 c:/users/michelle zhang/documents/nuclei/nucleistudio/toolchain/gcc/bin/../lib/gcc/riscv-nuclei-elf/10.2.0/../../../../riscv-nuclei-elf/lib/rv32imac/ilp32\libg_nano.a(lib_a-nano-vfprintf.o)
 *fill*         0x0000000080005ea7        0x1 
 .rodata.__assert_func.str1.4
                0x0000000080005ea8       0x3f c:/users/michelle zhang/documents/nuclei/nucleistudio/toolchain/gcc/bin/../lib/gcc/riscv-nuclei-elf/10.2.0/../../../../riscv-nuclei-elf/lib/rv32imac/ilp32\libg_nano.a(lib_a-assert.o)
                                         0x43 (size before relaxing)
 *fill*         0x0000000080005ee7        0x1 
 .rodata._setlocale_r.str1.4
                0x0000000080005ee8        0xa c:/users/michelle zhang/documents/nuclei/nucleistudio/toolchain/gcc/bin/../lib/gcc/riscv-nuclei-elf/10.2.0/../../../../riscv-nuclei-elf/lib/rv32imac/ilp32\libg_nano.a(lib_a-locale.o)
                                          0xd (size before relaxing)
 *fill*         0x0000000080005ef2        0x2 
 .rodata.str1.4
                0x0000000080005ef4        0x2 c:/users/michelle zhang/documents/nuclei/nucleistudio/toolchain/gcc/bin/../lib/gcc/riscv-nuclei-elf/10.2.0/../../../../riscv-nuclei-elf/lib/rv32imac/ilp32\libg_nano.a(lib_a-locale.o)
 *fill*         0x0000000080005ef6        0x2 
 .rodata._ctype_
                0x0000000080005ef8      0x101 c:/users/michelle zhang/documents/nuclei/nucleistudio/toolchain/gcc/bin/../lib/gcc/riscv-nuclei-elf/10.2.0/../../../../riscv-nuclei-elf/lib/rv32imac/ilp32\libg_nano.a(lib_a-ctype_.o)
                0x0000000080005ef8                _ctype_
 *fill*         0x0000000080005ff9        0x3 
 .rodata        0x0000000080005ffc       0x3c c:/users/michelle zhang/documents/nuclei/nucleistudio/toolchain/gcc/bin/../lib/gcc/riscv-nuclei-elf/10.2.0/rv32imac/ilp32\libgcc.a(divdf3.o)
 .rodata        0x0000000080006038       0x3c c:/users/michelle zhang/documents/nuclei/nucleistudio/toolchain/gcc/bin/../lib/gcc/riscv-nuclei-elf/10.2.0/rv32imac/ilp32\libgcc.a(muldf3.o)
                0x0000000080006074                . = ALIGN (0x4)
                0x0000000080006074                __rt_init_start = .
 *(SORT_BY_NAME(.rti_fn*))
                0x0000000080006074                __rt_init_end = .
                0x0000000080006074                . = ALIGN (0x4)
                0x0000000080006074                __fsymtab_start = .
 *(FSymTab)
                0x0000000080006074                __fsymtab_end = .
                0x0000000080006074                . = ALIGN (0x4)
                0x0000000080006074                __vsymtab_start = .
 *(VSymTab)
                0x0000000080006074                __vsymtab_end = .
 *(.gnu.linkonce.r.*)

.rela.dyn       0x0000000080006074        0x0
 .rela.text._sbrk
                0x0000000080006074        0x0 ./hbird_sdk/SoC/hbird/Common/Source/Stubs/close.o
 .rela.sdata.curbrk.0
                0x0000000080006074        0x0 ./hbird_sdk/SoC/hbird/Common/Source/Stubs/close.o
 .rela.init     0x0000000080006074        0x0 ./hbird_sdk/SoC/hbird/Common/Source/Stubs/close.o
 .rela.text.__libc_fini_array
                0x0000000080006074        0x0 ./hbird_sdk/SoC/hbird/Common/Source/Stubs/close.o
 .rela.text.__libc_init_array
                0x0000000080006074        0x0 ./hbird_sdk/SoC/hbird/Common/Source/Stubs/close.o
 .rela.text.__register_exitproc
                0x0000000080006074        0x0 ./hbird_sdk/SoC/hbird/Common/Source/Stubs/close.o
 .rela.text._vfprintf_r
                0x0000000080006074        0x0 ./hbird_sdk/SoC/hbird/Common/Source/Stubs/close.o

.fini
 *(SORT_NONE(.fini))
                0x0000000080006074                . = ALIGN (0x4)
                [!provide]                        PROVIDE (__etext = .)
                [!provide]                        PROVIDE (_etext = .)
                [!provide]                        PROVIDE (etext = .)
                0x0000000080006074                PROVIDE (_eilm = .)

.preinit_array  0x0000000080006074        0x0
                0x0000000080006074                PROVIDE (__preinit_array_start = .)
 *(.preinit_array)
                0x0000000080006074                PROVIDE (__preinit_array_end = .)

.init_array     0x0000000080006074        0x0
                0x0000000080006074                PROVIDE (__init_array_start = .)
 *(SORT_BY_INIT_PRIORITY(.init_array.*) SORT_BY_INIT_PRIORITY(.ctors.*))
 *(.init_array EXCLUDE_FILE(*crtend?.o *crtend.o *crtbegin?.o *crtbegin.o) .ctors)
                0x0000000080006074                PROVIDE (__init_array_end = .)

.fini_array     0x0000000080006074        0x0
                0x0000000080006074                PROVIDE (__fini_array_start = .)
 *(SORT_BY_INIT_PRIORITY(.fini_array.*) SORT_BY_INIT_PRIORITY(.dtors.*))
 *(.fini_array EXCLUDE_FILE(*crtend?.o *crtend.o *crtbegin?.o *crtbegin.o) .dtors)
                0x0000000080006074                PROVIDE (__fini_array_end = .)

.ctors
 *crtbegin.o(.ctors)
 *crtbegin?.o(.ctors)
 *(EXCLUDE_FILE(*crtend?.o *crtend.o) .ctors)
 *(SORT_BY_NAME(.ctors.*))
 *(.ctors)

.dtors
 *crtbegin.o(.dtors)
 *crtbegin?.o(.dtors)
 *(EXCLUDE_FILE(*crtend?.o *crtend.o) .dtors)
 *(SORT_BY_NAME(.dtors.*))
 *(.dtors)

.lalign         0x0000000080006074        0x0
                0x0000000080006074                . = ALIGN (0x4)
                0x0000000080006074                PROVIDE (_data_lma = .)

.dalign         0x0000000090000000        0x0 load address 0x0000000080006074
                0x0000000090000000                . = ALIGN (0x4)
                0x0000000090000000                PROVIDE (_data = .)

.data           0x0000000090000000      0x234 load address 0x0000000080006074
 *(.data .data.*)
 .data.impure_data
                0x0000000090000000       0x60 c:/users/michelle zhang/documents/nuclei/nucleistudio/toolchain/gcc/bin/../lib/gcc/riscv-nuclei-elf/10.2.0/../../../../riscv-nuclei-elf/lib/rv32imac/ilp32\libg_nano.a(lib_a-impure.o)
 .data.__global_locale
                0x0000000090000060      0x16c c:/users/michelle zhang/documents/nuclei/nucleistudio/toolchain/gcc/bin/../lib/gcc/riscv-nuclei-elf/10.2.0/../../../../riscv-nuclei-elf/lib/rv32imac/ilp32\libg_nano.a(lib_a-locale.o)
                0x0000000090000060                __global_locale
 *(.gnu.linkonce.d.*)
                0x00000000900001d0                . = ALIGN (0x8)
 *fill*         0x00000000900001cc        0x4 
                0x00000000900009d0                PROVIDE (__global_pointer$ = (. + 0x800))
 *(.sdata .sdata.* .sdata*)
 .sdata.curbrk.0
                0x00000000900001d0        0x4 ./hbird_sdk/SoC/hbird/Common/Source/Stubs/sbrk.o
 .sdata.SystemCoreClock
                0x00000000900001d4        0x4 ./hbird_sdk/SoC/hbird/Common/Source/system_hbird.o
                0x00000000900001d4                SystemCoreClock
 .sdata.interrupt.0
                0x00000000900001d8        0x4 ./application/main.o
 .sdata._impure_ptr
                0x00000000900001dc        0x4 c:/users/michelle zhang/documents/nuclei/nucleistudio/toolchain/gcc/bin/../lib/gcc/riscv-nuclei-elf/10.2.0/../../../../riscv-nuclei-elf/lib/rv32imac/ilp32\libg_nano.a(lib_a-impure.o)
                0x00000000900001dc                _impure_ptr
 *(.gnu.linkonce.s.*)
                0x00000000900001e0                . = ALIGN (0x8)
 *(.srodata.cst16)
 *(.srodata.cst8)
 .srodata.cst8  0x00000000900001e0        0x8 c:/users/michelle zhang/documents/nuclei/nucleistudio/toolchain/gcc/bin/../lib/gcc/riscv-nuclei-elf/10.2.0/../../../../riscv-nuclei-elf/lib/rv32imac/ilp32\libg_nano.a(lib_a-nano-vfprintf_float.o)
 .srodata.cst8  0x00000000900001e8       0x48 c:/users/michelle zhang/documents/nuclei/nucleistudio/toolchain/gcc/bin/../lib/gcc/riscv-nuclei-elf/10.2.0/../../../../riscv-nuclei-elf/lib/rv32imac/ilp32\libg_nano.a(lib_a-dtoa.o)
 *(.srodata.cst4)
 *(.srodata.cst2)
 *(.srodata .srodata.*)
 .srodata._global_impure_ptr
                0x0000000090000230        0x4 c:/users/michelle zhang/documents/nuclei/nucleistudio/toolchain/gcc/bin/../lib/gcc/riscv-nuclei-elf/10.2.0/../../../../riscv-nuclei-elf/lib/rv32imac/ilp32\libg_nano.a(lib_a-impure.o)
                0x0000000090000230                _global_impure_ptr
                0x0000000090000234                . = ALIGN (0x4)
                0x0000000090000234                PROVIDE (_edata = .)
                [!provide]                        PROVIDE (edata = .)
                [!provide]                        PROVIDE (_fbss = .)
                0x0000000090000234                PROVIDE (__bss_start = .)

.bss            0x0000000090000234      0x1cc
 *(.sbss*)
 .sbss.errno    0x0000000090000234        0x4 c:/users/michelle zhang/documents/nuclei/nucleistudio/toolchain/gcc/bin/../lib/gcc/riscv-nuclei-elf/10.2.0/../../../../riscv-nuclei-elf/lib/rv32imac/ilp32\libg_nano.a(lib_a-reent.o)
                0x0000000090000234                errno
 .sbss._global_atexit
                0x0000000090000238        0x4 c:/users/michelle zhang/documents/nuclei/nucleistudio/toolchain/gcc/bin/../lib/gcc/riscv-nuclei-elf/10.2.0/../../../../riscv-nuclei-elf/lib/rv32imac/ilp32\libg_nano.a(lib_a-__call_atexit.o)
                0x0000000090000238                _global_atexit
 .sbss.__malloc_free_list
                0x000000009000023c        0x4 c:/users/michelle zhang/documents/nuclei/nucleistudio/toolchain/gcc/bin/../lib/gcc/riscv-nuclei-elf/10.2.0/../../../../riscv-nuclei-elf/lib/rv32imac/ilp32\libg_nano.a(lib_a-nano-mallocr.o)
                0x000000009000023c                __malloc_free_list
 .sbss.__malloc_sbrk_start
                0x0000000090000240        0x4 c:/users/michelle zhang/documents/nuclei/nucleistudio/toolchain/gcc/bin/../lib/gcc/riscv-nuclei-elf/10.2.0/../../../../riscv-nuclei-elf/lib/rv32imac/ilp32\libg_nano.a(lib_a-nano-mallocr.o)
                0x0000000090000240                __malloc_sbrk_start
 *(.gnu.linkonce.sb.*)
 *(.bss .bss.*)
 .bss.SystemCoreInterruptHandlers
                0x0000000090000244       0x28 ./hbird_sdk/SoC/hbird/Common/Source/system_hbird.o
 .bss.SystemExceptionHandlers
                0x000000009000026c       0x2c ./hbird_sdk/SoC/hbird/Common/Source/system_hbird.o
 .bss.SystemExtInterruptHandlers
                0x0000000090000298       0xdc ./hbird_sdk/SoC/hbird/Common/Source/system_hbird.o
 .bss._global_atexit0
                0x0000000090000374       0x8c c:/users/michelle zhang/documents/nuclei/nucleistudio/toolchain/gcc/bin/../lib/gcc/riscv-nuclei-elf/10.2.0/../../../../riscv-nuclei-elf/lib/rv32imac/ilp32\libg_nano.a(lib_a-__atexit.o)
 *(.gnu.linkonce.b.*)
 *(COMMON)
                0x0000000090000400                . = ALIGN (0x4)
                0x0000000090000400                . = ALIGN (0x8)
                0x0000000090000400                PROVIDE (_end = .)
                [!provide]                        PROVIDE (end = .)

.stack          0x000000009000f800      0x800 load address 0x0000000090000400
                0x000000009000f800                PROVIDE (_heap_end = .)
                0x0000000000000800                . = __stack_size
 *fill*         0x000000009000f800      0x800 
                0x0000000090010000                PROVIDE (_sp = .)
OUTPUT(Helloworld.elf elf32-littleriscv)

.debug_info     0x0000000000000000     0x6897
 .debug_info    0x0000000000000000       0xac ./hbird_sdk/SoC/hbird/Common/Source/Stubs/close.o
 .debug_info    0x00000000000000ac       0xb1 ./hbird_sdk/SoC/hbird/Common/Source/Stubs/exit.o
 .debug_info    0x000000000000015d      0x2c8 ./hbird_sdk/SoC/hbird/Common/Source/Stubs/fstat.o
 .debug_info    0x0000000000000425       0x90 ./hbird_sdk/SoC/hbird/Common/Source/Stubs/getpid.o
 .debug_info    0x00000000000004b5       0xa0 ./hbird_sdk/SoC/hbird/Common/Source/Stubs/isatty.o
 .debug_info    0x0000000000000555       0xbb ./hbird_sdk/SoC/hbird/Common/Source/Stubs/kill.o
 .debug_info    0x0000000000000610       0xbd ./hbird_sdk/SoC/hbird/Common/Source/Stubs/lseek.o
 .debug_info    0x00000000000006cd      0x1cc ./hbird_sdk/SoC/hbird/Common/Source/Stubs/read.o
 .debug_info    0x0000000000000899       0xea ./hbird_sdk/SoC/hbird/Common/Source/Stubs/sbrk.o
 .debug_info    0x0000000000000983      0x23e ./hbird_sdk/SoC/hbird/Common/Source/Stubs/write.o
 .debug_info    0x0000000000000bc1       0x26 ./hbird_sdk/SoC/hbird/Common/Source/GCC/intexc_hbird.o
 .debug_info    0x0000000000000be7       0x26 ./hbird_sdk/SoC/hbird/Common/Source/GCC/startup_hbird.o
 .debug_info    0x0000000000000c0d      0x54a ./hbird_sdk/SoC/hbird/Common/Source/Drivers/hbird_gpio.o
 .debug_info    0x0000000000001157      0x38d ./hbird_sdk/SoC/hbird/Common/Source/Drivers/hbird_uart.o
 .debug_info    0x00000000000014e4      0x32c ./hbird_sdk/SoC/hbird/Common/Source/hbird_common.o
 .debug_info    0x0000000000001810     0x108e ./hbird_sdk/SoC/hbird/Common/Source/system_hbird.o
 .debug_info    0x000000000000289e      0x6f9 ./application/main.o
 .debug_info    0x0000000000002f97      0x7c0 c:/users/michelle zhang/documents/nuclei/nucleistudio/toolchain/gcc/bin/../lib/gcc/riscv-nuclei-elf/10.2.0/rv32imac/ilp32\libgcc.a(_udivdi3.o)
 .debug_info    0x0000000000003757       0xe5 c:/users/michelle zhang/documents/nuclei/nucleistudio/toolchain/gcc/bin/../lib/gcc/riscv-nuclei-elf/10.2.0/rv32imac/ilp32\libgcc.a(_clz.o)
 .debug_info    0x000000000000383c      0x581 c:/users/michelle zhang/documents/nuclei/nucleistudio/toolchain/gcc/bin/../lib/gcc/riscv-nuclei-elf/10.2.0/rv32imac/ilp32\libgcc.a(adddf3.o)
 .debug_info    0x0000000000003dbd      0x72a c:/users/michelle zhang/documents/nuclei/nucleistudio/toolchain/gcc/bin/../lib/gcc/riscv-nuclei-elf/10.2.0/rv32imac/ilp32\libgcc.a(divdf3.o)
 .debug_info    0x00000000000044e7      0x255 c:/users/michelle zhang/documents/nuclei/nucleistudio/toolchain/gcc/bin/../lib/gcc/riscv-nuclei-elf/10.2.0/rv32imac/ilp32\libgcc.a(eqdf2.o)
 .debug_info    0x000000000000473c      0x253 c:/users/michelle zhang/documents/nuclei/nucleistudio/toolchain/gcc/bin/../lib/gcc/riscv-nuclei-elf/10.2.0/rv32imac/ilp32\libgcc.a(gedf2.o)
 .debug_info    0x000000000000498f      0x253 c:/users/michelle zhang/documents/nuclei/nucleistudio/toolchain/gcc/bin/../lib/gcc/riscv-nuclei-elf/10.2.0/rv32imac/ilp32\libgcc.a(ledf2.o)
 .debug_info    0x0000000000004be2      0x766 c:/users/michelle zhang/documents/nuclei/nucleistudio/toolchain/gcc/bin/../lib/gcc/riscv-nuclei-elf/10.2.0/rv32imac/ilp32\libgcc.a(muldf3.o)
 .debug_info    0x0000000000005348      0x581 c:/users/michelle zhang/documents/nuclei/nucleistudio/toolchain/gcc/bin/../lib/gcc/riscv-nuclei-elf/10.2.0/rv32imac/ilp32\libgcc.a(subdf3.o)
 .debug_info    0x00000000000058c9      0x256 c:/users/michelle zhang/documents/nuclei/nucleistudio/toolchain/gcc/bin/../lib/gcc/riscv-nuclei-elf/10.2.0/rv32imac/ilp32\libgcc.a(unorddf2.o)
 .debug_info    0x0000000000005b1f      0x1e7 c:/users/michelle zhang/documents/nuclei/nucleistudio/toolchain/gcc/bin/../lib/gcc/riscv-nuclei-elf/10.2.0/rv32imac/ilp32\libgcc.a(fixdfsi.o)
 .debug_info    0x0000000000005d06      0x29b c:/users/michelle zhang/documents/nuclei/nucleistudio/toolchain/gcc/bin/../lib/gcc/riscv-nuclei-elf/10.2.0/rv32imac/ilp32\libgcc.a(floatsidf.o)
 .debug_info    0x0000000000005fa1      0x28e c:/users/michelle zhang/documents/nuclei/nucleistudio/toolchain/gcc/bin/../lib/gcc/riscv-nuclei-elf/10.2.0/rv32imac/ilp32\libgcc.a(floatunsidf.o)
 .debug_info    0x000000000000622f      0x516 c:/users/michelle zhang/documents/nuclei/nucleistudio/toolchain/gcc/bin/../lib/gcc/riscv-nuclei-elf/10.2.0/rv32imac/ilp32\libgcc.a(trunctfdf2.o)
 .debug_info    0x0000000000006745      0x152 c:/users/michelle zhang/documents/nuclei/nucleistudio/toolchain/gcc/bin/../lib/gcc/riscv-nuclei-elf/10.2.0/rv32imac/ilp32\libgcc.a(_clzsi2.o)

.debug_abbrev   0x0000000000000000     0x24d3
 .debug_abbrev  0x0000000000000000       0x6a ./hbird_sdk/SoC/hbird/Common/Source/Stubs/close.o
 .debug_abbrev  0x000000000000006a       0x7c ./hbird_sdk/SoC/hbird/Common/Source/Stubs/exit.o
 .debug_abbrev  0x00000000000000e6       0xc9 ./hbird_sdk/SoC/hbird/Common/Source/Stubs/fstat.o
 .debug_abbrev  0x00000000000001af       0x46 ./hbird_sdk/SoC/hbird/Common/Source/Stubs/getpid.o
 .debug_abbrev  0x00000000000001f5       0x57 ./hbird_sdk/SoC/hbird/Common/Source/Stubs/isatty.o
 .debug_abbrev  0x000000000000024c       0x7b ./hbird_sdk/SoC/hbird/Common/Source/Stubs/kill.o
 .debug_abbrev  0x00000000000002c7       0x68 ./hbird_sdk/SoC/hbird/Common/Source/Stubs/lseek.o
 .debug_abbrev  0x000000000000032f       0xfa ./hbird_sdk/SoC/hbird/Common/Source/Stubs/read.o
 .debug_abbrev  0x0000000000000429       0xa8 ./hbird_sdk/SoC/hbird/Common/Source/Stubs/sbrk.o
 .debug_abbrev  0x00000000000004d1      0x126 ./hbird_sdk/SoC/hbird/Common/Source/Stubs/write.o
 .debug_abbrev  0x00000000000005f7       0x14 ./hbird_sdk/SoC/hbird/Common/Source/GCC/intexc_hbird.o
 .debug_abbrev  0x000000000000060b       0x14 ./hbird_sdk/SoC/hbird/Common/Source/GCC/startup_hbird.o
 .debug_abbrev  0x000000000000061f       0xf2 ./hbird_sdk/SoC/hbird/Common/Source/Drivers/hbird_gpio.o
 .debug_abbrev  0x0000000000000711      0x138 ./hbird_sdk/SoC/hbird/Common/Source/Drivers/hbird_uart.o
 .debug_abbrev  0x0000000000000849      0x1c0 ./hbird_sdk/SoC/hbird/Common/Source/hbird_common.o
 .debug_abbrev  0x0000000000000a09      0x482 ./hbird_sdk/SoC/hbird/Common/Source/system_hbird.o
 .debug_abbrev  0x0000000000000e8b      0x275 ./application/main.o
 .debug_abbrev  0x0000000000001100      0x19d c:/users/michelle zhang/documents/nuclei/nucleistudio/toolchain/gcc/bin/../lib/gcc/riscv-nuclei-elf/10.2.0/rv32imac/ilp32\libgcc.a(_udivdi3.o)
 .debug_abbrev  0x000000000000129d       0x70 c:/users/michelle zhang/documents/nuclei/nucleistudio/toolchain/gcc/bin/../lib/gcc/riscv-nuclei-elf/10.2.0/rv32imac/ilp32\libgcc.a(_clz.o)
 .debug_abbrev  0x000000000000130d      0x173 c:/users/michelle zhang/documents/nuclei/nucleistudio/toolchain/gcc/bin/../lib/gcc/riscv-nuclei-elf/10.2.0/rv32imac/ilp32\libgcc.a(adddf3.o)
 .debug_abbrev  0x0000000000001480      0x173 c:/users/michelle zhang/documents/nuclei/nucleistudio/toolchain/gcc/bin/../lib/gcc/riscv-nuclei-elf/10.2.0/rv32imac/ilp32\libgcc.a(divdf3.o)
 .debug_abbrev  0x00000000000015f3      0x14b c:/users/michelle zhang/documents/nuclei/nucleistudio/toolchain/gcc/bin/../lib/gcc/riscv-nuclei-elf/10.2.0/rv32imac/ilp32\libgcc.a(eqdf2.o)
 .debug_abbrev  0x000000000000173e      0x15e c:/users/michelle zhang/documents/nuclei/nucleistudio/toolchain/gcc/bin/../lib/gcc/riscv-nuclei-elf/10.2.0/rv32imac/ilp32\libgcc.a(gedf2.o)
 .debug_abbrev  0x000000000000189c      0x15e c:/users/michelle zhang/documents/nuclei/nucleistudio/toolchain/gcc/bin/../lib/gcc/riscv-nuclei-elf/10.2.0/rv32imac/ilp32\libgcc.a(ledf2.o)
 .debug_abbrev  0x00000000000019fa      0x185 c:/users/michelle zhang/documents/nuclei/nucleistudio/toolchain/gcc/bin/../lib/gcc/riscv-nuclei-elf/10.2.0/rv32imac/ilp32\libgcc.a(muldf3.o)
 .debug_abbrev  0x0000000000001b7f      0x173 c:/users/michelle zhang/documents/nuclei/nucleistudio/toolchain/gcc/bin/../lib/gcc/riscv-nuclei-elf/10.2.0/rv32imac/ilp32\libgcc.a(subdf3.o)
 .debug_abbrev  0x0000000000001cf2      0x14b c:/users/michelle zhang/documents/nuclei/nucleistudio/toolchain/gcc/bin/../lib/gcc/riscv-nuclei-elf/10.2.0/rv32imac/ilp32\libgcc.a(unorddf2.o)
 .debug_abbrev  0x0000000000001e3d      0x15e c:/users/michelle zhang/documents/nuclei/nucleistudio/toolchain/gcc/bin/../lib/gcc/riscv-nuclei-elf/10.2.0/rv32imac/ilp32\libgcc.a(fixdfsi.o)
 .debug_abbrev  0x0000000000001f9b      0x164 c:/users/michelle zhang/documents/nuclei/nucleistudio/toolchain/gcc/bin/../lib/gcc/riscv-nuclei-elf/10.2.0/rv32imac/ilp32\libgcc.a(floatsidf.o)
 .debug_abbrev  0x00000000000020ff      0x164 c:/users/michelle zhang/documents/nuclei/nucleistudio/toolchain/gcc/bin/../lib/gcc/riscv-nuclei-elf/10.2.0/rv32imac/ilp32\libgcc.a(floatunsidf.o)
 .debug_abbrev  0x0000000000002263      0x1a6 c:/users/michelle zhang/documents/nuclei/nucleistudio/toolchain/gcc/bin/../lib/gcc/riscv-nuclei-elf/10.2.0/rv32imac/ilp32\libgcc.a(trunctfdf2.o)
 .debug_abbrev  0x0000000000002409       0xca c:/users/michelle zhang/documents/nuclei/nucleistudio/toolchain/gcc/bin/../lib/gcc/riscv-nuclei-elf/10.2.0/rv32imac/ilp32\libgcc.a(_clzsi2.o)

.debug_loc      0x0000000000000000     0x7519
 .debug_loc     0x0000000000000000       0x21 ./hbird_sdk/SoC/hbird/Common/Source/Stubs/close.o
 .debug_loc     0x0000000000000021       0x2e ./hbird_sdk/SoC/hbird/Common/Source/Stubs/fstat.o
 .debug_loc     0x000000000000004f       0x21 ./hbird_sdk/SoC/hbird/Common/Source/Stubs/isatty.o
 .debug_loc     0x0000000000000070       0x21 ./hbird_sdk/SoC/hbird/Common/Source/Stubs/kill.o
 .debug_loc     0x0000000000000091       0x21 ./hbird_sdk/SoC/hbird/Common/Source/Stubs/lseek.o
 .debug_loc     0x00000000000000b2       0xa8 ./hbird_sdk/SoC/hbird/Common/Source/Stubs/read.o
 .debug_loc     0x000000000000015a       0x21 ./hbird_sdk/SoC/hbird/Common/Source/Stubs/sbrk.o
 .debug_loc     0x000000000000017b       0xe9 ./hbird_sdk/SoC/hbird/Common/Source/Stubs/write.o
 .debug_loc     0x0000000000000264      0x740 ./hbird_sdk/SoC/hbird/Common/Source/Drivers/hbird_gpio.o
 .debug_loc     0x00000000000009a4      0x37b ./hbird_sdk/SoC/hbird/Common/Source/Drivers/hbird_uart.o
 .debug_loc     0x0000000000000d1f       0xa9 ./hbird_sdk/SoC/hbird/Common/Source/hbird_common.o
 .debug_loc     0x0000000000000dc8      0x690 ./hbird_sdk/SoC/hbird/Common/Source/system_hbird.o
 .debug_loc     0x0000000000001458      0x251 ./application/main.o
 .debug_loc     0x00000000000016a9      0xbdd c:/users/michelle zhang/documents/nuclei/nucleistudio/toolchain/gcc/bin/../lib/gcc/riscv-nuclei-elf/10.2.0/rv32imac/ilp32\libgcc.a(_udivdi3.o)
 .debug_loc     0x0000000000002286     0x11ec c:/users/michelle zhang/documents/nuclei/nucleistudio/toolchain/gcc/bin/../lib/gcc/riscv-nuclei-elf/10.2.0/rv32imac/ilp32\libgcc.a(adddf3.o)
 .debug_loc     0x0000000000003472     0x1494 c:/users/michelle zhang/documents/nuclei/nucleistudio/toolchain/gcc/bin/../lib/gcc/riscv-nuclei-elf/10.2.0/rv32imac/ilp32\libgcc.a(divdf3.o)
 .debug_loc     0x0000000000004906       0xa4 c:/users/michelle zhang/documents/nuclei/nucleistudio/toolchain/gcc/bin/../lib/gcc/riscv-nuclei-elf/10.2.0/rv32imac/ilp32\libgcc.a(eqdf2.o)
 .debug_loc     0x00000000000049aa      0x135 c:/users/michelle zhang/documents/nuclei/nucleistudio/toolchain/gcc/bin/../lib/gcc/riscv-nuclei-elf/10.2.0/rv32imac/ilp32\libgcc.a(gedf2.o)
 .debug_loc     0x0000000000004adf      0x135 c:/users/michelle zhang/documents/nuclei/nucleistudio/toolchain/gcc/bin/../lib/gcc/riscv-nuclei-elf/10.2.0/rv32imac/ilp32\libgcc.a(ledf2.o)
 .debug_loc     0x0000000000004c14      0xd56 c:/users/michelle zhang/documents/nuclei/nucleistudio/toolchain/gcc/bin/../lib/gcc/riscv-nuclei-elf/10.2.0/rv32imac/ilp32\libgcc.a(muldf3.o)
 .debug_loc     0x000000000000596a     0x114d c:/users/michelle zhang/documents/nuclei/nucleistudio/toolchain/gcc/bin/../lib/gcc/riscv-nuclei-elf/10.2.0/rv32imac/ilp32\libgcc.a(subdf3.o)
 .debug_loc     0x0000000000006ab7       0x61 c:/users/michelle zhang/documents/nuclei/nucleistudio/toolchain/gcc/bin/../lib/gcc/riscv-nuclei-elf/10.2.0/rv32imac/ilp32\libgcc.a(unorddf2.o)
 .debug_loc     0x0000000000006b18      0x181 c:/users/michelle zhang/documents/nuclei/nucleistudio/toolchain/gcc/bin/../lib/gcc/riscv-nuclei-elf/10.2.0/rv32imac/ilp32\libgcc.a(fixdfsi.o)
 .debug_loc     0x0000000000006c99      0x159 c:/users/michelle zhang/documents/nuclei/nucleistudio/toolchain/gcc/bin/../lib/gcc/riscv-nuclei-elf/10.2.0/rv32imac/ilp32\libgcc.a(floatsidf.o)
 .debug_loc     0x0000000000006df2      0x14f c:/users/michelle zhang/documents/nuclei/nucleistudio/toolchain/gcc/bin/../lib/gcc/riscv-nuclei-elf/10.2.0/rv32imac/ilp32\libgcc.a(floatunsidf.o)
 .debug_loc     0x0000000000006f41      0x56d c:/users/michelle zhang/documents/nuclei/nucleistudio/toolchain/gcc/bin/../lib/gcc/riscv-nuclei-elf/10.2.0/rv32imac/ilp32\libgcc.a(trunctfdf2.o)
 .debug_loc     0x00000000000074ae       0x6b c:/users/michelle zhang/documents/nuclei/nucleistudio/toolchain/gcc/bin/../lib/gcc/riscv-nuclei-elf/10.2.0/rv32imac/ilp32\libgcc.a(_clzsi2.o)

.debug_aranges  0x0000000000000000      0x528
 .debug_aranges
                0x0000000000000000       0x20 ./hbird_sdk/SoC/hbird/Common/Source/Stubs/close.o
 .debug_aranges
                0x0000000000000020       0x20 ./hbird_sdk/SoC/hbird/Common/Source/Stubs/exit.o
 .debug_aranges
                0x0000000000000040       0x20 ./hbird_sdk/SoC/hbird/Common/Source/Stubs/fstat.o
 .debug_aranges
                0x0000000000000060       0x20 ./hbird_sdk/SoC/hbird/Common/Source/Stubs/getpid.o
 .debug_aranges
                0x0000000000000080       0x20 ./hbird_sdk/SoC/hbird/Common/Source/Stubs/isatty.o
 .debug_aranges
                0x00000000000000a0       0x20 ./hbird_sdk/SoC/hbird/Common/Source/Stubs/kill.o
 .debug_aranges
                0x00000000000000c0       0x20 ./hbird_sdk/SoC/hbird/Common/Source/Stubs/lseek.o
 .debug_aranges
                0x00000000000000e0       0x20 ./hbird_sdk/SoC/hbird/Common/Source/Stubs/read.o
 .debug_aranges
                0x0000000000000100       0x20 ./hbird_sdk/SoC/hbird/Common/Source/Stubs/sbrk.o
 .debug_aranges
                0x0000000000000120       0x20 ./hbird_sdk/SoC/hbird/Common/Source/Stubs/write.o
 .debug_aranges
                0x0000000000000140       0x20 ./hbird_sdk/SoC/hbird/Common/Source/GCC/intexc_hbird.o
 .debug_aranges
                0x0000000000000160       0x20 ./hbird_sdk/SoC/hbird/Common/Source/GCC/startup_hbird.o
 .debug_aranges
                0x0000000000000180       0x78 ./hbird_sdk/SoC/hbird/Common/Source/Drivers/hbird_gpio.o
 .debug_aranges
                0x00000000000001f8       0x68 ./hbird_sdk/SoC/hbird/Common/Source/Drivers/hbird_uart.o
 .debug_aranges
                0x0000000000000260       0x30 ./hbird_sdk/SoC/hbird/Common/Source/hbird_common.o
 .debug_aranges
                0x0000000000000290       0x98 ./hbird_sdk/SoC/hbird/Common/Source/system_hbird.o
 .debug_aranges
                0x0000000000000328       0x28 ./application/main.o
 .debug_aranges
                0x0000000000000350       0x20 c:/users/michelle zhang/documents/nuclei/nucleistudio/toolchain/gcc/bin/../lib/gcc/riscv-nuclei-elf/10.2.0/rv32imac/ilp32\libgcc.a(_udivdi3.o)
 .debug_aranges
                0x0000000000000370       0x18 c:/users/michelle zhang/documents/nuclei/nucleistudio/toolchain/gcc/bin/../lib/gcc/riscv-nuclei-elf/10.2.0/rv32imac/ilp32\libgcc.a(_clz.o)
 .debug_aranges
                0x0000000000000388       0x20 c:/users/michelle zhang/documents/nuclei/nucleistudio/toolchain/gcc/bin/../lib/gcc/riscv-nuclei-elf/10.2.0/rv32imac/ilp32\libgcc.a(adddf3.o)
 .debug_aranges
                0x00000000000003a8       0x20 c:/users/michelle zhang/documents/nuclei/nucleistudio/toolchain/gcc/bin/../lib/gcc/riscv-nuclei-elf/10.2.0/rv32imac/ilp32\libgcc.a(divdf3.o)
 .debug_aranges
                0x00000000000003c8       0x20 c:/users/michelle zhang/documents/nuclei/nucleistudio/toolchain/gcc/bin/../lib/gcc/riscv-nuclei-elf/10.2.0/rv32imac/ilp32\libgcc.a(eqdf2.o)
 .debug_aranges
                0x00000000000003e8       0x20 c:/users/michelle zhang/documents/nuclei/nucleistudio/toolchain/gcc/bin/../lib/gcc/riscv-nuclei-elf/10.2.0/rv32imac/ilp32\libgcc.a(gedf2.o)
 .debug_aranges
                0x0000000000000408       0x20 c:/users/michelle zhang/documents/nuclei/nucleistudio/toolchain/gcc/bin/../lib/gcc/riscv-nuclei-elf/10.2.0/rv32imac/ilp32\libgcc.a(ledf2.o)
 .debug_aranges
                0x0000000000000428       0x20 c:/users/michelle zhang/documents/nuclei/nucleistudio/toolchain/gcc/bin/../lib/gcc/riscv-nuclei-elf/10.2.0/rv32imac/ilp32\libgcc.a(muldf3.o)
 .debug_aranges
                0x0000000000000448       0x20 c:/users/michelle zhang/documents/nuclei/nucleistudio/toolchain/gcc/bin/../lib/gcc/riscv-nuclei-elf/10.2.0/rv32imac/ilp32\libgcc.a(subdf3.o)
 .debug_aranges
                0x0000000000000468       0x20 c:/users/michelle zhang/documents/nuclei/nucleistudio/toolchain/gcc/bin/../lib/gcc/riscv-nuclei-elf/10.2.0/rv32imac/ilp32\libgcc.a(unorddf2.o)
 .debug_aranges
                0x0000000000000488       0x20 c:/users/michelle zhang/documents/nuclei/nucleistudio/toolchain/gcc/bin/../lib/gcc/riscv-nuclei-elf/10.2.0/rv32imac/ilp32\libgcc.a(fixdfsi.o)
 .debug_aranges
                0x00000000000004a8       0x20 c:/users/michelle zhang/documents/nuclei/nucleistudio/toolchain/gcc/bin/../lib/gcc/riscv-nuclei-elf/10.2.0/rv32imac/ilp32\libgcc.a(floatsidf.o)
 .debug_aranges
                0x00000000000004c8       0x20 c:/users/michelle zhang/documents/nuclei/nucleistudio/toolchain/gcc/bin/../lib/gcc/riscv-nuclei-elf/10.2.0/rv32imac/ilp32\libgcc.a(floatunsidf.o)
 .debug_aranges
                0x00000000000004e8       0x20 c:/users/michelle zhang/documents/nuclei/nucleistudio/toolchain/gcc/bin/../lib/gcc/riscv-nuclei-elf/10.2.0/rv32imac/ilp32\libgcc.a(trunctfdf2.o)
 .debug_aranges
                0x0000000000000508       0x20 c:/users/michelle zhang/documents/nuclei/nucleistudio/toolchain/gcc/bin/../lib/gcc/riscv-nuclei-elf/10.2.0/rv32imac/ilp32\libgcc.a(_clzsi2.o)

.debug_ranges   0x0000000000000000     0x1008
 .debug_ranges  0x0000000000000000       0x10 ./hbird_sdk/SoC/hbird/Common/Source/Stubs/close.o
 .debug_ranges  0x0000000000000010       0x10 ./hbird_sdk/SoC/hbird/Common/Source/Stubs/exit.o
 .debug_ranges  0x0000000000000020       0x10 ./hbird_sdk/SoC/hbird/Common/Source/Stubs/fstat.o
 .debug_ranges  0x0000000000000030       0x10 ./hbird_sdk/SoC/hbird/Common/Source/Stubs/getpid.o
 .debug_ranges  0x0000000000000040       0x10 ./hbird_sdk/SoC/hbird/Common/Source/Stubs/isatty.o
 .debug_ranges  0x0000000000000050       0x10 ./hbird_sdk/SoC/hbird/Common/Source/Stubs/kill.o
 .debug_ranges  0x0000000000000060       0x10 ./hbird_sdk/SoC/hbird/Common/Source/Stubs/lseek.o
 .debug_ranges  0x0000000000000070       0x10 ./hbird_sdk/SoC/hbird/Common/Source/Stubs/read.o
 .debug_ranges  0x0000000000000080       0x10 ./hbird_sdk/SoC/hbird/Common/Source/Stubs/sbrk.o
 .debug_ranges  0x0000000000000090       0x10 ./hbird_sdk/SoC/hbird/Common/Source/Stubs/write.o
 .debug_ranges  0x00000000000000a0       0x68 ./hbird_sdk/SoC/hbird/Common/Source/Drivers/hbird_gpio.o
 .debug_ranges  0x0000000000000108       0x58 ./hbird_sdk/SoC/hbird/Common/Source/Drivers/hbird_uart.o
 .debug_ranges  0x0000000000000160       0x80 ./hbird_sdk/SoC/hbird/Common/Source/hbird_common.o
 .debug_ranges  0x00000000000001e0      0x150 ./hbird_sdk/SoC/hbird/Common/Source/system_hbird.o
 .debug_ranges  0x0000000000000330       0x80 ./application/main.o
 .debug_ranges  0x00000000000003b0       0xf8 c:/users/michelle zhang/documents/nuclei/nucleistudio/toolchain/gcc/bin/../lib/gcc/riscv-nuclei-elf/10.2.0/rv32imac/ilp32\libgcc.a(_udivdi3.o)
 .debug_ranges  0x00000000000004a8      0x248 c:/users/michelle zhang/documents/nuclei/nucleistudio/toolchain/gcc/bin/../lib/gcc/riscv-nuclei-elf/10.2.0/rv32imac/ilp32\libgcc.a(adddf3.o)
 .debug_ranges  0x00000000000006f0      0x198 c:/users/michelle zhang/documents/nuclei/nucleistudio/toolchain/gcc/bin/../lib/gcc/riscv-nuclei-elf/10.2.0/rv32imac/ilp32\libgcc.a(divdf3.o)
 .debug_ranges  0x0000000000000888       0x48 c:/users/michelle zhang/documents/nuclei/nucleistudio/toolchain/gcc/bin/../lib/gcc/riscv-nuclei-elf/10.2.0/rv32imac/ilp32\libgcc.a(eqdf2.o)
 .debug_ranges  0x00000000000008d0       0x50 c:/users/michelle zhang/documents/nuclei/nucleistudio/toolchain/gcc/bin/../lib/gcc/riscv-nuclei-elf/10.2.0/rv32imac/ilp32\libgcc.a(gedf2.o)
 .debug_ranges  0x0000000000000920       0x50 c:/users/michelle zhang/documents/nuclei/nucleistudio/toolchain/gcc/bin/../lib/gcc/riscv-nuclei-elf/10.2.0/rv32imac/ilp32\libgcc.a(ledf2.o)
 .debug_ranges  0x0000000000000970      0x1e0 c:/users/michelle zhang/documents/nuclei/nucleistudio/toolchain/gcc/bin/../lib/gcc/riscv-nuclei-elf/10.2.0/rv32imac/ilp32\libgcc.a(muldf3.o)
 .debug_ranges  0x0000000000000b50      0x250 c:/users/michelle zhang/documents/nuclei/nucleistudio/toolchain/gcc/bin/../lib/gcc/riscv-nuclei-elf/10.2.0/rv32imac/ilp32\libgcc.a(subdf3.o)
 .debug_ranges  0x0000000000000da0       0x38 c:/users/michelle zhang/documents/nuclei/nucleistudio/toolchain/gcc/bin/../lib/gcc/riscv-nuclei-elf/10.2.0/rv32imac/ilp32\libgcc.a(unorddf2.o)
 .debug_ranges  0x0000000000000dd8       0x18 c:/users/michelle zhang/documents/nuclei/nucleistudio/toolchain/gcc/bin/../lib/gcc/riscv-nuclei-elf/10.2.0/rv32imac/ilp32\libgcc.a(fixdfsi.o)
 .debug_ranges  0x0000000000000df0       0x68 c:/users/michelle zhang/documents/nuclei/nucleistudio/toolchain/gcc/bin/../lib/gcc/riscv-nuclei-elf/10.2.0/rv32imac/ilp32\libgcc.a(floatsidf.o)
 .debug_ranges  0x0000000000000e58       0x70 c:/users/michelle zhang/documents/nuclei/nucleistudio/toolchain/gcc/bin/../lib/gcc/riscv-nuclei-elf/10.2.0/rv32imac/ilp32\libgcc.a(floatunsidf.o)
 .debug_ranges  0x0000000000000ec8      0x120 c:/users/michelle zhang/documents/nuclei/nucleistudio/toolchain/gcc/bin/../lib/gcc/riscv-nuclei-elf/10.2.0/rv32imac/ilp32\libgcc.a(trunctfdf2.o)
 .debug_ranges  0x0000000000000fe8       0x20 c:/users/michelle zhang/documents/nuclei/nucleistudio/toolchain/gcc/bin/../lib/gcc/riscv-nuclei-elf/10.2.0/rv32imac/ilp32\libgcc.a(_clzsi2.o)

.debug_line     0x0000000000000000     0x98f6
 .debug_line    0x0000000000000000       0x86 ./hbird_sdk/SoC/hbird/Common/Source/Stubs/close.o
 .debug_line    0x0000000000000086       0xfd ./hbird_sdk/SoC/hbird/Common/Source/Stubs/exit.o
 .debug_line    0x0000000000000183      0x1e6 ./hbird_sdk/SoC/hbird/Common/Source/Stubs/fstat.o
 .debug_line    0x0000000000000369       0x75 ./hbird_sdk/SoC/hbird/Common/Source/Stubs/getpid.o
 .debug_line    0x00000000000003de       0x75 ./hbird_sdk/SoC/hbird/Common/Source/Stubs/isatty.o
 .debug_line    0x0000000000000453       0x85 ./hbird_sdk/SoC/hbird/Common/Source/Stubs/kill.o
 .debug_line    0x00000000000004d8       0x74 ./hbird_sdk/SoC/hbird/Common/Source/Stubs/lseek.o
 .debug_line    0x000000000000054c      0x2d7 ./hbird_sdk/SoC/hbird/Common/Source/Stubs/read.o
 .debug_line    0x0000000000000823      0x155 ./hbird_sdk/SoC/hbird/Common/Source/Stubs/sbrk.o
 .debug_line    0x0000000000000978      0x36e ./hbird_sdk/SoC/hbird/Common/Source/Stubs/write.o
 .debug_line    0x0000000000000ce6       0x93 ./hbird_sdk/SoC/hbird/Common/Source/GCC/intexc_hbird.o
 .debug_line    0x0000000000000d79      0x165 ./hbird_sdk/SoC/hbird/Common/Source/GCC/startup_hbird.o
 .debug_line    0x0000000000000ede      0x9b2 ./hbird_sdk/SoC/hbird/Common/Source/Drivers/hbird_gpio.o
 .debug_line    0x0000000000001890      0x6da ./hbird_sdk/SoC/hbird/Common/Source/Drivers/hbird_uart.o
 .debug_line    0x0000000000001f6a      0x4c8 ./hbird_sdk/SoC/hbird/Common/Source/hbird_common.o
 .debug_line    0x0000000000002432      0xda6 ./hbird_sdk/SoC/hbird/Common/Source/system_hbird.o
 .debug_line    0x00000000000031d8      0x801 ./application/main.o
 .debug_line    0x00000000000039d9      0x768 c:/users/michelle zhang/documents/nuclei/nucleistudio/toolchain/gcc/bin/../lib/gcc/riscv-nuclei-elf/10.2.0/rv32imac/ilp32\libgcc.a(_udivdi3.o)
 .debug_line    0x0000000000004141       0x72 c:/users/michelle zhang/documents/nuclei/nucleistudio/toolchain/gcc/bin/../lib/gcc/riscv-nuclei-elf/10.2.0/rv32imac/ilp32\libgcc.a(_clz.o)
 .debug_line    0x00000000000041b3     0x102c c:/users/michelle zhang/documents/nuclei/nucleistudio/toolchain/gcc/bin/../lib/gcc/riscv-nuclei-elf/10.2.0/rv32imac/ilp32\libgcc.a(adddf3.o)
 .debug_line    0x00000000000051df      0xf83 c:/users/michelle zhang/documents/nuclei/nucleistudio/toolchain/gcc/bin/../lib/gcc/riscv-nuclei-elf/10.2.0/rv32imac/ilp32\libgcc.a(divdf3.o)
 .debug_line    0x0000000000006162      0x269 c:/users/michelle zhang/documents/nuclei/nucleistudio/toolchain/gcc/bin/../lib/gcc/riscv-nuclei-elf/10.2.0/rv32imac/ilp32\libgcc.a(eqdf2.o)
 .debug_line    0x00000000000063cb      0x2fe c:/users/michelle zhang/documents/nuclei/nucleistudio/toolchain/gcc/bin/../lib/gcc/riscv-nuclei-elf/10.2.0/rv32imac/ilp32\libgcc.a(gedf2.o)
 .debug_line    0x00000000000066c9      0x2fe c:/users/michelle zhang/documents/nuclei/nucleistudio/toolchain/gcc/bin/../lib/gcc/riscv-nuclei-elf/10.2.0/rv32imac/ilp32\libgcc.a(ledf2.o)
 .debug_line    0x00000000000069c7      0xdbe c:/users/michelle zhang/documents/nuclei/nucleistudio/toolchain/gcc/bin/../lib/gcc/riscv-nuclei-elf/10.2.0/rv32imac/ilp32\libgcc.a(muldf3.o)
 .debug_line    0x0000000000007785     0x1091 c:/users/michelle zhang/documents/nuclei/nucleistudio/toolchain/gcc/bin/../lib/gcc/riscv-nuclei-elf/10.2.0/rv32imac/ilp32\libgcc.a(subdf3.o)
 .debug_line    0x0000000000008816      0x1b4 c:/users/michelle zhang/documents/nuclei/nucleistudio/toolchain/gcc/bin/../lib/gcc/riscv-nuclei-elf/10.2.0/rv32imac/ilp32\libgcc.a(unorddf2.o)
 .debug_line    0x00000000000089ca      0x22d c:/users/michelle zhang/documents/nuclei/nucleistudio/toolchain/gcc/bin/../lib/gcc/riscv-nuclei-elf/10.2.0/rv32imac/ilp32\libgcc.a(fixdfsi.o)
 .debug_line    0x0000000000008bf7      0x267 c:/users/michelle zhang/documents/nuclei/nucleistudio/toolchain/gcc/bin/../lib/gcc/riscv-nuclei-elf/10.2.0/rv32imac/ilp32\libgcc.a(floatsidf.o)
 .debug_line    0x0000000000008e5e      0x287 c:/users/michelle zhang/documents/nuclei/nucleistudio/toolchain/gcc/bin/../lib/gcc/riscv-nuclei-elf/10.2.0/rv32imac/ilp32\libgcc.a(floatunsidf.o)
 .debug_line    0x00000000000090e5      0x713 c:/users/michelle zhang/documents/nuclei/nucleistudio/toolchain/gcc/bin/../lib/gcc/riscv-nuclei-elf/10.2.0/rv32imac/ilp32\libgcc.a(trunctfdf2.o)
 .debug_line    0x00000000000097f8       0xfe c:/users/michelle zhang/documents/nuclei/nucleistudio/toolchain/gcc/bin/../lib/gcc/riscv-nuclei-elf/10.2.0/rv32imac/ilp32\libgcc.a(_clzsi2.o)

.debug_str      0x0000000000000000     0x1f3c
 .debug_str     0x0000000000000000      0x183 ./hbird_sdk/SoC/hbird/Common/Source/Stubs/close.o
                                        0x1c8 (size before relaxing)
 .debug_str     0x0000000000000183       0x3e ./hbird_sdk/SoC/hbird/Common/Source/Stubs/exit.o
                                        0x1c1 (size before relaxing)
 .debug_str     0x00000000000001c1      0x13f ./hbird_sdk/SoC/hbird/Common/Source/Stubs/fstat.o
                                        0x319 (size before relaxing)
 .debug_str     0x0000000000000300       0x3c ./hbird_sdk/SoC/hbird/Common/Source/Stubs/getpid.o
                                        0x1c4 (size before relaxing)
 .debug_str     0x000000000000033c       0x3c ./hbird_sdk/SoC/hbird/Common/Source/Stubs/isatty.o
                                        0x1c4 (size before relaxing)
 .debug_str     0x0000000000000378       0x38 ./hbird_sdk/SoC/hbird/Common/Source/Stubs/kill.o
                                        0x1c6 (size before relaxing)
 .debug_str     0x00000000000003b0       0x48 ./hbird_sdk/SoC/hbird/Common/Source/Stubs/lseek.o
                                        0x1d5 (size before relaxing)
 .debug_str     0x00000000000003f8       0x80 ./hbird_sdk/SoC/hbird/Common/Source/Stubs/read.o
                                        0x239 (size before relaxing)
 .debug_str     0x0000000000000478       0x58 ./hbird_sdk/SoC/hbird/Common/Source/Stubs/sbrk.o
                                        0x1e5 (size before relaxing)
 .debug_str     0x00000000000004d0       0x47 ./hbird_sdk/SoC/hbird/Common/Source/Stubs/write.o
                                        0x244 (size before relaxing)
 .debug_str     0x0000000000000517       0x46 ./hbird_sdk/SoC/hbird/Common/Source/GCC/intexc_hbird.o
                                         0x8c (size before relaxing)
 .debug_str     0x000000000000055d       0x39 ./hbird_sdk/SoC/hbird/Common/Source/GCC/startup_hbird.o
                                         0x8d (size before relaxing)
 .debug_str     0x0000000000000596      0x238 ./hbird_sdk/SoC/hbird/Common/Source/Drivers/hbird_gpio.o
                                        0x3e1 (size before relaxing)
 .debug_str     0x00000000000007ce      0x130 ./hbird_sdk/SoC/hbird/Common/Source/Drivers/hbird_uart.o
                                        0x33b (size before relaxing)
 .debug_str     0x00000000000008fe      0x124 ./hbird_sdk/SoC/hbird/Common/Source/hbird_common.o
                                        0x2cd (size before relaxing)
 .debug_str     0x0000000000000a22      0x837 ./hbird_sdk/SoC/hbird/Common/Source/system_hbird.o
                                        0xb45 (size before relaxing)
 .debug_str     0x0000000000001259       0x58 ./application/main.o
                                        0x788 (size before relaxing)
 .debug_str     0x00000000000012b1      0x277 c:/users/michelle zhang/documents/nuclei/nucleistudio/toolchain/gcc/bin/../lib/gcc/riscv-nuclei-elf/10.2.0/rv32imac/ilp32\libgcc.a(_udivdi3.o)
                                        0x33a (size before relaxing)
 .debug_str     0x0000000000001528       0xb3 c:/users/michelle zhang/documents/nuclei/nucleistudio/toolchain/gcc/bin/../lib/gcc/riscv-nuclei-elf/10.2.0/rv32imac/ilp32\libgcc.a(_clz.o)
                                        0x281 (size before relaxing)
 .debug_str     0x00000000000015db      0x1bd c:/users/michelle zhang/documents/nuclei/nucleistudio/toolchain/gcc/bin/../lib/gcc/riscv-nuclei-elf/10.2.0/rv32imac/ilp32\libgcc.a(adddf3.o)
                                        0x37b (size before relaxing)
 .debug_str     0x0000000000001798      0x1b7 c:/users/michelle zhang/documents/nuclei/nucleistudio/toolchain/gcc/bin/../lib/gcc/riscv-nuclei-elf/10.2.0/rv32imac/ilp32\libgcc.a(divdf3.o)
                                        0x43d (size before relaxing)
 .debug_str     0x000000000000194f       0x72 c:/users/michelle zhang/documents/nuclei/nucleistudio/toolchain/gcc/bin/../lib/gcc/riscv-nuclei-elf/10.2.0/rv32imac/ilp32\libgcc.a(eqdf2.o)
                                        0x28c (size before relaxing)
 .debug_str     0x00000000000019c1       0x77 c:/users/michelle zhang/documents/nuclei/nucleistudio/toolchain/gcc/bin/../lib/gcc/riscv-nuclei-elf/10.2.0/rv32imac/ilp32\libgcc.a(gedf2.o)
                                        0x2b0 (size before relaxing)
 .debug_str     0x0000000000001a38       0x53 c:/users/michelle zhang/documents/nuclei/nucleistudio/toolchain/gcc/bin/../lib/gcc/riscv-nuclei-elf/10.2.0/rv32imac/ilp32\libgcc.a(ledf2.o)
                                        0x2b0 (size before relaxing)
 .debug_str     0x0000000000001a8b      0x17a c:/users/michelle zhang/documents/nuclei/nucleistudio/toolchain/gcc/bin/../lib/gcc/riscv-nuclei-elf/10.2.0/rv32imac/ilp32\libgcc.a(muldf3.o)
                                        0x495 (size before relaxing)
 .debug_str     0x0000000000001c05       0x55 c:/users/michelle zhang/documents/nuclei/nucleistudio/toolchain/gcc/bin/../lib/gcc/riscv-nuclei-elf/10.2.0/rv32imac/ilp32\libgcc.a(subdf3.o)
                                        0x37b (size before relaxing)
 .debug_str     0x0000000000001c5a       0x59 c:/users/michelle zhang/documents/nuclei/nucleistudio/toolchain/gcc/bin/../lib/gcc/riscv-nuclei-elf/10.2.0/rv32imac/ilp32\libgcc.a(unorddf2.o)
                                        0x292 (size before relaxing)
 .debug_str     0x0000000000001cb3       0x6a c:/users/michelle zhang/documents/nuclei/nucleistudio/toolchain/gcc/bin/../lib/gcc/riscv-nuclei-elf/10.2.0/rv32imac/ilp32\libgcc.a(fixdfsi.o)
                                        0x289 (size before relaxing)
 .debug_str     0x0000000000001d1d       0x88 c:/users/michelle zhang/documents/nuclei/nucleistudio/toolchain/gcc/bin/../lib/gcc/riscv-nuclei-elf/10.2.0/rv32imac/ilp32\libgcc.a(floatsidf.o)
                                        0x328 (size before relaxing)
 .debug_str     0x0000000000001da5       0x5f c:/users/michelle zhang/documents/nuclei/nucleistudio/toolchain/gcc/bin/../lib/gcc/riscv-nuclei-elf/10.2.0/rv32imac/ilp32\libgcc.a(floatunsidf.o)
                                        0x325 (size before relaxing)
 .debug_str     0x0000000000001e04      0x138 c:/users/michelle zhang/documents/nuclei/nucleistudio/toolchain/gcc/bin/../lib/gcc/riscv-nuclei-elf/10.2.0/rv32imac/ilp32\libgcc.a(trunctfdf2.o)
                                        0x454 (size before relaxing)
 .debug_str     0x0000000000001f3c      0x29e c:/users/michelle zhang/documents/nuclei/nucleistudio/toolchain/gcc/bin/../lib/gcc/riscv-nuclei-elf/10.2.0/rv32imac/ilp32\libgcc.a(_clzsi2.o)

.comment        0x0000000000000000       0x12
 .comment       0x0000000000000000       0x12 ./hbird_sdk/SoC/hbird/Common/Source/Stubs/close.o
                                         0x13 (size before relaxing)
 .comment       0x0000000000000012       0x13 ./hbird_sdk/SoC/hbird/Common/Source/Stubs/exit.o
 .comment       0x0000000000000012       0x13 ./hbird_sdk/SoC/hbird/Common/Source/Stubs/fstat.o
 .comment       0x0000000000000012       0x13 ./hbird_sdk/SoC/hbird/Common/Source/Stubs/getpid.o
 .comment       0x0000000000000012       0x13 ./hbird_sdk/SoC/hbird/Common/Source/Stubs/isatty.o
 .comment       0x0000000000000012       0x13 ./hbird_sdk/SoC/hbird/Common/Source/Stubs/kill.o
 .comment       0x0000000000000012       0x13 ./hbird_sdk/SoC/hbird/Common/Source/Stubs/lseek.o
 .comment       0x0000000000000012       0x13 ./hbird_sdk/SoC/hbird/Common/Source/Stubs/read.o
 .comment       0x0000000000000012       0x13 ./hbird_sdk/SoC/hbird/Common/Source/Stubs/sbrk.o
 .comment       0x0000000000000012       0x13 ./hbird_sdk/SoC/hbird/Common/Source/Stubs/write.o
 .comment       0x0000000000000012       0x13 ./hbird_sdk/SoC/hbird/Common/Source/Drivers/hbird_gpio.o
 .comment       0x0000000000000012       0x13 ./hbird_sdk/SoC/hbird/Common/Source/Drivers/hbird_uart.o
 .comment       0x0000000000000012       0x13 ./hbird_sdk/SoC/hbird/Common/Source/hbird_common.o
 .comment       0x0000000000000012       0x13 ./hbird_sdk/SoC/hbird/Common/Source/system_hbird.o
 .comment       0x0000000000000012       0x13 ./application/main.o
 .comment       0x0000000000000012       0x13 c:/users/michelle zhang/documents/nuclei/nucleistudio/toolchain/gcc/bin/../lib/gcc/riscv-nuclei-elf/10.2.0/rv32imac/ilp32\libgcc.a(_udivdi3.o)
 .comment       0x0000000000000012       0x13 c:/users/michelle zhang/documents/nuclei/nucleistudio/toolchain/gcc/bin/../lib/gcc/riscv-nuclei-elf/10.2.0/rv32imac/ilp32\libgcc.a(_clz.o)
 .comment       0x0000000000000012       0x13 c:/users/michelle zhang/documents/nuclei/nucleistudio/toolchain/gcc/bin/../lib/gcc/riscv-nuclei-elf/10.2.0/../../../../riscv-nuclei-elf/lib/rv32imac/ilp32\libg_nano.a(lib_a-atexit.o)
 .comment       0x0000000000000012       0x13 c:/users/michelle zhang/documents/nuclei/nucleistudio/toolchain/gcc/bin/../lib/gcc/riscv-nuclei-elf/10.2.0/../../../../riscv-nuclei-elf/lib/rv32imac/ilp32\libg_nano.a(lib_a-fini.o)
 .comment       0x0000000000000012       0x13 c:/users/michelle zhang/documents/nuclei/nucleistudio/toolchain/gcc/bin/../lib/gcc/riscv-nuclei-elf/10.2.0/../../../../riscv-nuclei-elf/lib/rv32imac/ilp32\libg_nano.a(lib_a-init.o)
 .comment       0x0000000000000012       0x13 c:/users/michelle zhang/documents/nuclei/nucleistudio/toolchain/gcc/bin/../lib/gcc/riscv-nuclei-elf/10.2.0/../../../../riscv-nuclei-elf/lib/rv32imac/ilp32\libg_nano.a(lib_a-nano-vfprintf_float.o)
 .comment       0x0000000000000012       0x13 c:/users/michelle zhang/documents/nuclei/nucleistudio/toolchain/gcc/bin/../lib/gcc/riscv-nuclei-elf/10.2.0/../../../../riscv-nuclei-elf/lib/rv32imac/ilp32\libg_nano.a(lib_a-nano-vfprintf_i.o)
 .comment       0x0000000000000012       0x13 c:/users/michelle zhang/documents/nuclei/nucleistudio/toolchain/gcc/bin/../lib/gcc/riscv-nuclei-elf/10.2.0/../../../../riscv-nuclei-elf/lib/rv32imac/ilp32\libg_nano.a(lib_a-printf.o)
 .comment       0x0000000000000012       0x13 c:/users/michelle zhang/documents/nuclei/nucleistudio/toolchain/gcc/bin/../lib/gcc/riscv-nuclei-elf/10.2.0/../../../../riscv-nuclei-elf/lib/rv32imac/ilp32\libg_nano.a(lib_a-puts.o)
 .comment       0x0000000000000012       0x13 c:/users/michelle zhang/documents/nuclei/nucleistudio/toolchain/gcc/bin/../lib/gcc/riscv-nuclei-elf/10.2.0/../../../../riscv-nuclei-elf/lib/rv32imac/ilp32\libg_nano.a(lib_a-reent.o)
 .comment       0x0000000000000012       0x13 c:/users/michelle zhang/documents/nuclei/nucleistudio/toolchain/gcc/bin/../lib/gcc/riscv-nuclei-elf/10.2.0/../../../../riscv-nuclei-elf/lib/rv32imac/ilp32\libg_nano.a(lib_a-strlen.o)
 .comment       0x0000000000000012       0x13 c:/users/michelle zhang/documents/nuclei/nucleistudio/toolchain/gcc/bin/../lib/gcc/riscv-nuclei-elf/10.2.0/../../../../riscv-nuclei-elf/lib/rv32imac/ilp32\libg_nano.a(lib_a-sysisatty.o)
 .comment       0x0000000000000012       0x13 c:/users/michelle zhang/documents/nuclei/nucleistudio/toolchain/gcc/bin/../lib/gcc/riscv-nuclei-elf/10.2.0/../../../../riscv-nuclei-elf/lib/rv32imac/ilp32\libg_nano.a(lib_a-wbuf.o)
 .comment       0x0000000000000012       0x13 c:/users/michelle zhang/documents/nuclei/nucleistudio/toolchain/gcc/bin/../lib/gcc/riscv-nuclei-elf/10.2.0/../../../../riscv-nuclei-elf/lib/rv32imac/ilp32\libg_nano.a(lib_a-wsetup.o)
 .comment       0x0000000000000012       0x13 c:/users/michelle zhang/documents/nuclei/nucleistudio/toolchain/gcc/bin/../lib/gcc/riscv-nuclei-elf/10.2.0/../../../../riscv-nuclei-elf/lib/rv32imac/ilp32\libg_nano.a(lib_a-__atexit.o)
 .comment       0x0000000000000012       0x13 c:/users/michelle zhang/documents/nuclei/nucleistudio/toolchain/gcc/bin/../lib/gcc/riscv-nuclei-elf/10.2.0/../../../../riscv-nuclei-elf/lib/rv32imac/ilp32\libg_nano.a(lib_a-__call_atexit.o)
 .comment       0x0000000000000012       0x13 c:/users/michelle zhang/documents/nuclei/nucleistudio/toolchain/gcc/bin/../lib/gcc/riscv-nuclei-elf/10.2.0/../../../../riscv-nuclei-elf/lib/rv32imac/ilp32\libg_nano.a(lib_a-dtoa.o)
 .comment       0x0000000000000012       0x13 c:/users/michelle zhang/documents/nuclei/nucleistudio/toolchain/gcc/bin/../lib/gcc/riscv-nuclei-elf/10.2.0/../../../../riscv-nuclei-elf/lib/rv32imac/ilp32\libg_nano.a(lib_a-fflush.o)
 .comment       0x0000000000000012       0x13 c:/users/michelle zhang/documents/nuclei/nucleistudio/toolchain/gcc/bin/../lib/gcc/riscv-nuclei-elf/10.2.0/../../../../riscv-nuclei-elf/lib/rv32imac/ilp32\libg_nano.a(lib_a-findfp.o)
 .comment       0x0000000000000012       0x13 c:/users/michelle zhang/documents/nuclei/nucleistudio/toolchain/gcc/bin/../lib/gcc/riscv-nuclei-elf/10.2.0/../../../../riscv-nuclei-elf/lib/rv32imac/ilp32\libg_nano.a(lib_a-fwalk.o)
 .comment       0x0000000000000012       0x13 c:/users/michelle zhang/documents/nuclei/nucleistudio/toolchain/gcc/bin/../lib/gcc/riscv-nuclei-elf/10.2.0/../../../../riscv-nuclei-elf/lib/rv32imac/ilp32\libg_nano.a(lib_a-impure.o)
 .comment       0x0000000000000012       0x13 c:/users/michelle zhang/documents/nuclei/nucleistudio/toolchain/gcc/bin/../lib/gcc/riscv-nuclei-elf/10.2.0/../../../../riscv-nuclei-elf/lib/rv32imac/ilp32\libg_nano.a(lib_a-localeconv.o)
 .comment       0x0000000000000012       0x13 c:/users/michelle zhang/documents/nuclei/nucleistudio/toolchain/gcc/bin/../lib/gcc/riscv-nuclei-elf/10.2.0/../../../../riscv-nuclei-elf/lib/rv32imac/ilp32\libg_nano.a(lib_a-makebuf.o)
 .comment       0x0000000000000012       0x13 c:/users/michelle zhang/documents/nuclei/nucleistudio/toolchain/gcc/bin/../lib/gcc/riscv-nuclei-elf/10.2.0/../../../../riscv-nuclei-elf/lib/rv32imac/ilp32\libg_nano.a(lib_a-malloc.o)
 .comment       0x0000000000000012       0x13 c:/users/michelle zhang/documents/nuclei/nucleistudio/toolchain/gcc/bin/../lib/gcc/riscv-nuclei-elf/10.2.0/../../../../riscv-nuclei-elf/lib/rv32imac/ilp32\libg_nano.a(lib_a-memchr.o)
 .comment       0x0000000000000012       0x13 c:/users/michelle zhang/documents/nuclei/nucleistudio/toolchain/gcc/bin/../lib/gcc/riscv-nuclei-elf/10.2.0/../../../../riscv-nuclei-elf/lib/rv32imac/ilp32\libg_nano.a(lib_a-memcpy.o)
 .comment       0x0000000000000012       0x13 c:/users/michelle zhang/documents/nuclei/nucleistudio/toolchain/gcc/bin/../lib/gcc/riscv-nuclei-elf/10.2.0/../../../../riscv-nuclei-elf/lib/rv32imac/ilp32\libg_nano.a(lib_a-mprec.o)
 .comment       0x0000000000000012       0x13 c:/users/michelle zhang/documents/nuclei/nucleistudio/toolchain/gcc/bin/../lib/gcc/riscv-nuclei-elf/10.2.0/../../../../riscv-nuclei-elf/lib/rv32imac/ilp32\libg_nano.a(lib_a-nano-callocr.o)
 .comment       0x0000000000000012       0x13 c:/users/michelle zhang/documents/nuclei/nucleistudio/toolchain/gcc/bin/../lib/gcc/riscv-nuclei-elf/10.2.0/../../../../riscv-nuclei-elf/lib/rv32imac/ilp32\libg_nano.a(lib_a-nano-freer.o)
 .comment       0x0000000000000012       0x13 c:/users/michelle zhang/documents/nuclei/nucleistudio/toolchain/gcc/bin/../lib/gcc/riscv-nuclei-elf/10.2.0/../../../../riscv-nuclei-elf/lib/rv32imac/ilp32\libg_nano.a(lib_a-nano-mallocr.o)
 .comment       0x0000000000000012       0x13 c:/users/michelle zhang/documents/nuclei/nucleistudio/toolchain/gcc/bin/../lib/gcc/riscv-nuclei-elf/10.2.0/../../../../riscv-nuclei-elf/lib/rv32imac/ilp32\libg_nano.a(lib_a-nano-vfprintf.o)
 .comment       0x0000000000000012       0x13 c:/users/michelle zhang/documents/nuclei/nucleistudio/toolchain/gcc/bin/../lib/gcc/riscv-nuclei-elf/10.2.0/../../../../riscv-nuclei-elf/lib/rv32imac/ilp32\libg_nano.a(lib_a-sbrkr.o)
 .comment       0x0000000000000012       0x13 c:/users/michelle zhang/documents/nuclei/nucleistudio/toolchain/gcc/bin/../lib/gcc/riscv-nuclei-elf/10.2.0/../../../../riscv-nuclei-elf/lib/rv32imac/ilp32\libg_nano.a(lib_a-stdio.o)
 .comment       0x0000000000000012       0x13 c:/users/michelle zhang/documents/nuclei/nucleistudio/toolchain/gcc/bin/../lib/gcc/riscv-nuclei-elf/10.2.0/../../../../riscv-nuclei-elf/lib/rv32imac/ilp32\libg_nano.a(lib_a-writer.o)